Archive member included to satisfy reference by file (symbol)

c:/altera_lite/15.1/nios2eds/bin/gnu/h-x86_64-mingw32/bin/../lib/gcc/nios2-elf/4.9.2\libgcc.a(lib2-divmod.o)
                              obj/default/terasic_fat/FatFileSystem.o (__udivsi3)
c:/altera_lite/15.1/nios2eds/bin/gnu/h-x86_64-mingw32/bin/../lib/gcc/nios2-elf/4.9.2\libgcc.a(divsf3.o)
                              obj/default/terasic_fat/FatFileSystem.o (__divsf3)
c:/altera_lite/15.1/nios2eds/bin/gnu/h-x86_64-mingw32/bin/../lib/gcc/nios2-elf/4.9.2\libgcc.a(mulsf3.o)
                              obj/default/terasic_fat/FatFileSystem.o (__mulsf3)
c:/altera_lite/15.1/nios2eds/bin/gnu/h-x86_64-mingw32/bin/../lib/gcc/nios2-elf/4.9.2\libgcc.a(floatunsisf.o)
                              obj/default/terasic_fat/FatFileSystem.o (__floatunsisf)
c:/altera_lite/15.1/nios2eds/bin/gnu/h-x86_64-mingw32/bin/../lib/gcc/nios2-elf/4.9.2\libgcc.a(divdf3.o)
                              obj/default/terasic_fat/FatFileSystem.o (__divdf3)
c:/altera_lite/15.1/nios2eds/bin/gnu/h-x86_64-mingw32/bin/../lib/gcc/nios2-elf/4.9.2\libgcc.a(extendsfdf2.o)
                              obj/default/terasic_fat/FatFileSystem.o (__extendsfdf2)
c:/altera_lite/15.1/nios2eds/bin/gnu/h-x86_64-mingw32/bin/../lib/gcc/nios2-elf/4.9.2\libgcc.a(truncdfsf2.o)
                              obj/default/terasic_fat/FatFileSystem.o (__truncdfsf2)
c:/altera_lite/15.1/nios2eds/bin/gnu/h-x86_64-mingw32/bin/../lib/gcc/nios2-elf/4.9.2\libgcc.a(_clzsi2.o)
                              c:/altera_lite/15.1/nios2eds/bin/gnu/h-x86_64-mingw32/bin/../lib/gcc/nios2-elf/4.9.2\libgcc.a(divsf3.o) (__clzsi2)
c:/altera_lite/15.1/nios2eds/bin/gnu/h-x86_64-mingw32/bin/../lib/gcc/nios2-elf/4.9.2\libgcc.a(_clz.o)
                              c:/altera_lite/15.1/nios2eds/bin/gnu/h-x86_64-mingw32/bin/../lib/gcc/nios2-elf/4.9.2\libgcc.a(_clzsi2.o) (__clz_tab)
c:/altera_lite/15.1/nios2eds/bin/gnu/h-x86_64-mingw32/bin/../lib/gcc/nios2-elf/4.9.2/../../../../../H-x86_64-mingw32/nios2-elf/lib\libc.a(lib_a-fclose.o)
                              obj/default/terasic_lib/LCD.o (fclose)
c:/altera_lite/15.1/nios2eds/bin/gnu/h-x86_64-mingw32/bin/../lib/gcc/nios2-elf/4.9.2/../../../../../H-x86_64-mingw32/nios2-elf/lib\libc.a(lib_a-fflush.o)
                              c:/altera_lite/15.1/nios2eds/bin/gnu/h-x86_64-mingw32/bin/../lib/gcc/nios2-elf/4.9.2/../../../../../H-x86_64-mingw32/nios2-elf/lib\libc.a(lib_a-fclose.o) (__sflush_r)
c:/altera_lite/15.1/nios2eds/bin/gnu/h-x86_64-mingw32/bin/../lib/gcc/nios2-elf/4.9.2/../../../../../H-x86_64-mingw32/nios2-elf/lib\libc.a(lib_a-findfp.o)
                              c:/altera_lite/15.1/nios2eds/bin/gnu/h-x86_64-mingw32/bin/../lib/gcc/nios2-elf/4.9.2/../../../../../H-x86_64-mingw32/nios2-elf/lib\libc.a(lib_a-fclose.o) (__sinit)
c:/altera_lite/15.1/nios2eds/bin/gnu/h-x86_64-mingw32/bin/../lib/gcc/nios2-elf/4.9.2/../../../../../H-x86_64-mingw32/nios2-elf/lib\libc.a(lib_a-fopen.o)
                              obj/default/terasic_lib/LCD.o (fopen)
c:/altera_lite/15.1/nios2eds/bin/gnu/h-x86_64-mingw32/bin/../lib/gcc/nios2-elf/4.9.2/../../../../../H-x86_64-mingw32/nios2-elf/lib\libc.a(lib_a-freer.o)
                              c:/altera_lite/15.1/nios2eds/bin/gnu/h-x86_64-mingw32/bin/../lib/gcc/nios2-elf/4.9.2/../../../../../H-x86_64-mingw32/nios2-elf/lib\libc.a(lib_a-fclose.o) (_free_r)
c:/altera_lite/15.1/nios2eds/bin/gnu/h-x86_64-mingw32/bin/../lib/gcc/nios2-elf/4.9.2/../../../../../H-x86_64-mingw32/nios2-elf/lib\libc.a(lib_a-fseek.o)
                              c:/altera_lite/15.1/nios2eds/bin/gnu/h-x86_64-mingw32/bin/../lib/gcc/nios2-elf/4.9.2/../../../../../H-x86_64-mingw32/nios2-elf/lib\libc.a(lib_a-fopen.o) (_fseek_r)
c:/altera_lite/15.1/nios2eds/bin/gnu/h-x86_64-mingw32/bin/../lib/gcc/nios2-elf/4.9.2/../../../../../H-x86_64-mingw32/nios2-elf/lib\libc.a(lib_a-fseeko.o)
                              c:/altera_lite/15.1/nios2eds/bin/gnu/h-x86_64-mingw32/bin/../lib/gcc/nios2-elf/4.9.2/../../../../../H-x86_64-mingw32/nios2-elf/lib\libc.a(lib_a-fseek.o) (_fseeko_r)
c:/altera_lite/15.1/nios2eds/bin/gnu/h-x86_64-mingw32/bin/../lib/gcc/nios2-elf/4.9.2/../../../../../H-x86_64-mingw32/nios2-elf/lib\libc.a(lib_a-fstatr.o)
                              c:/altera_lite/15.1/nios2eds/bin/gnu/h-x86_64-mingw32/bin/../lib/gcc/nios2-elf/4.9.2/../../../../../H-x86_64-mingw32/nios2-elf/lib\libc.a(lib_a-fseeko.o) (_fstat_r)
c:/altera_lite/15.1/nios2eds/bin/gnu/h-x86_64-mingw32/bin/../lib/gcc/nios2-elf/4.9.2/../../../../../H-x86_64-mingw32/nios2-elf/lib\libc.a(lib_a-fwalk.o)
                              c:/altera_lite/15.1/nios2eds/bin/gnu/h-x86_64-mingw32/bin/../lib/gcc/nios2-elf/4.9.2/../../../../../H-x86_64-mingw32/nios2-elf/lib\libc.a(lib_a-findfp.o) (_fwalk)
c:/altera_lite/15.1/nios2eds/bin/gnu/h-x86_64-mingw32/bin/../lib/gcc/nios2-elf/4.9.2/../../../../../H-x86_64-mingw32/nios2-elf/lib\libc.a(lib_a-fwrite.o)
                              obj/default/terasic_lib/LCD.o (fwrite)
[...]
Memory Configuration

Name             Origin             Length             Attributes
av_tri_s1_cfi_flash_0 0x0000000002800000 0x0000000000800000
reset            0x0000000003040000 0x0000000000000020
onchip_memory2   0x0000000003040020 0x000000000003ffe0
*default*        0x0000000000000000 0xffffffffffffffff

Linker script and memory map

LOAD ../KBS_bsp//obj/HAL/src/crt0.o
LOAD obj/default/functions.o
LOAD obj/default/hello_ucosii.o
LOAD obj/default/terasic_fat/FatFileSystem.o
LOAD obj/default/terasic_fat/FatInternal.o
LOAD obj/default/terasic_lib/AUDIO.o
LOAD obj/default/terasic_lib/I2C.o
LOAD obj/default/terasic_lib/LCD.o
LOAD obj/default/terasic_lib/LED.o
LOAD obj/default/terasic_lib/SEG7.o
LOAD obj/default/terasic_lib/WaveLib.o
LOAD obj/default/terasic_lib/debug.o
LOAD obj/default/terasic_sdcard/crc16.o
LOAD obj/default/terasic_sdcard/crc7.o
LOAD obj/default/terasic_sdcard/sd_hal.o
LOAD obj/default/terasic_sdcard/sd_lib.o
LOAD obj/default/terasic_sdcard/sd_protocol.o
LOAD c:/altera_lite/15.1/nios2eds/bin/gnu/h-x86_64-mingw32/bin/../lib/gcc/nios2-elf/4.9.2/../../../../../H-x86_64-mingw32/nios2-elf/lib\libstdc++.a
LOAD c:/altera_lite/15.1/nios2eds/bin/gnu/h-x86_64-mingw32/bin/../lib/gcc/nios2-elf/4.9.2/../../../../../H-x86_64-mingw32/nios2-elf/lib\libm.a
LOAD c:/altera_lite/15.1/nios2eds/bin/gnu/h-x86_64-mingw32/bin/../lib/gcc/nios2-elf/4.9.2\libgcc.a
START GROUP
LOAD c:/altera_lite/15.1/nios2eds/bin/gnu/h-x86_64-mingw32/bin/../lib/gcc/nios2-elf/4.9.2/../../../../../H-x86_64-mingw32/nios2-elf/lib\libc.a
LOAD c:/altera_lite/15.1/nios2eds/bin/gnu/h-x86_64-mingw32/bin/../lib/gcc/nios2-elf/4.9.2\libgcc.a
LOAD ../KBS_bsp/\libucosii_bsp.a
LOAD c:/altera_lite/15.1/nios2eds/bin/gnu/h-x86_64-mingw32/bin/../lib/gcc/nios2-elf/4.9.2/../../../../../H-x86_64-mingw32/nios2-elf/lib\libm.a
END GROUP
LOAD c:/altera_lite/15.1/nios2eds/bin/gnu/h-x86_64-mingw32/bin/../lib/gcc/nios2-elf/4.9.2\libgcc.a
                0x0000000002800000                __alt_mem_av_tri_s1_cfi_flash_0 = 0x2800000
                0x0000000003040000                __alt_mem_onchip_memory2 = 0x3040000

.entry          0x0000000003040000       0x20
 *(.entry)
 .entry         0x0000000003040000       0x20 ../KBS_bsp//obj/HAL/src/crt0.o
                0x0000000003040000                __reset

.exceptions     0x0000000003040020      0x19c
                0x0000000003040020                PROVIDE (__ram_exceptions_start, ABSOLUTE (.))
                0x0000000003040020                . = ALIGN (0x20)
 *(.irq)
 *(.exceptions.entry.label)
 .exceptions.entry.label
                0x0000000003040020        0x0 ../KBS_bsp/\libucosii_bsp.a(alt_irq_entry.o)
                0x0000000003040020                alt_irq_entry
 .exceptions.entry.label
                0x0000000003040020        0x0 ../KBS_bsp/\libucosii_bsp.a(alt_exception_entry.o)
                0x0000000003040020                alt_exception
 *(.exceptions.entry.user)
 *(.exceptions.entry.ecc_fatal)
 *(.exceptions.entry)
 .exceptions.entry
                0x0000000003040020       0x54 ../KBS_bsp/\libucosii_bsp.a(alt_exception_entry.o)
 *(.exceptions.irqtest.user)
 *(.exceptions.irqtest)
 .exceptions.irqtest
                0x0000000003040074       0x10 ../KBS_bsp/\libucosii_bsp.a(alt_irq_entry.o)
 *(.exceptions.irqhandler.user)
 *(.exceptions.irqhandler)
 .exceptions.irqhandler
                0x0000000003040084        0x4 ../KBS_bsp/\libucosii_bsp.a(alt_irq_entry.o)
 *(.exceptions.irqreturn.user)
 *(.exceptions.irqreturn)
 .exceptions.irqreturn
                0x0000000003040088        0x4 ../KBS_bsp/\libucosii_bsp.a(alt_irq_entry.o)
 *(.exceptions.notirq.label)
 .exceptions.notirq.label
                0x000000000304008c        0x0 ../KBS_bsp/\libucosii_bsp.a(alt_irq_entry.o)
 *(.exceptions.notirq.user)
 *(.exceptions.notirq)
 .exceptions.notirq
                0x000000000304008c        0x8 ../KBS_bsp/\libucosii_bsp.a(alt_exception_entry.o)
 *(.exceptions.soft.user)
 *(.exceptions.soft)
 *(.exceptions.unknown.user)
 *(.exceptions.unknown)
 .exceptions.unknown
                0x0000000003040094        0x4 ../KBS_bsp/\libucosii_bsp.a(alt_exception_entry.o)
 *(.exceptions.exit.label)
 .exceptions.exit.label
                0x0000000003040098        0x0 ../KBS_bsp/\libucosii_bsp.a(alt_irq_entry.o)
 .exceptions.exit.label
                0x0000000003040098        0x0 ../KBS_bsp/\libucosii_bsp.a(alt_exception_entry.o)
 *(.exceptions.exit.user)
 *(.exceptions.exit)
 .exceptions.exit
                0x0000000003040098       0x54 ../KBS_bsp/\libucosii_bsp.a(alt_exception_entry.o)
 *(.exceptions)
 .exceptions    0x00000000030400ec       0xd0 ../KBS_bsp/\libucosii_bsp.a(alt_irq_handler.o)
                0x00000000030400ec                alt_irq_handler
                0x00000000030401bc                PROVIDE (__ram_exceptions_end, ABSOLUTE (.))
                0x0000000003040020                PROVIDE (__flash_exceptions_start, LOADADDR (.exceptions))

.text           0x00000000030401bc    0x2834c
                0x00000000030401bc                PROVIDE (stext, ABSOLUTE (.))
 *(.interp)
 *(.hash)
 *(.dynsym)
 *(.dynstr)
 *(.gnu.version)
 *(.gnu.version_d)
 *(.gnu.version_r)
 *(.rel.init)
 *(.rela.init)
 *(.rel.text .rel.text.* .rel.gnu.linkonce.t.*)
 *(.rela.text .rela.text.* .rela.gnu.linkonce.t.*)
 *(.rel.fini)
 *(.rela.fini)
 *(.rel.rodata .rel.rodata.* .rel.gnu.linkonce.r.*)
 *(.rela.rodata .rela.rodata.* .rela.gnu.linkonce.r.*)
 *(.rel.data .rel.data.* .rel.gnu.linkonce.d.*)
 *(.rela.data .rela.data.* .rela.gnu.linkonce.d.*)
 *(.rel.tdata .rel.tdata.* .rel.gnu.linkonce.td.*)
 *(.rela.tdata .rela.tdata.* .rela.gnu.linkonce.td.*)
 *(.rel.tbss .rel.tbss.* .rel.gnu.linkonce.tb.*)
 *(.rela.tbss .rela.tbss.* .rela.gnu.linkonce.tb.*)
 *(.rel.ctors)
 *(.rela.ctors)
 *(.rel.dtors)
 *(.rela.dtors)
 *(.rel.got)
 *(.rela.got)
 *(.rel.sdata .rel.sdata.* .rel.gnu.linkonce.s.*)
 *(.rela.sdata .rela.sdata.* .rela.gnu.linkonce.s.*)
 *(.rel.sbss .rel.sbss.* .rel.gnu.linkonce.sb.*)
 *(.rela.sbss .rela.sbss.* .rela.gnu.linkonce.sb.*)
 *(.rel.sdata2 .rel.sdata2.* .rel.gnu.linkonce.s2.*)
 *(.rela.sdata2 .rela.sdata2.* .rela.gnu.linkonce.s2.*)
 *(.rel.sbss2 .rel.sbss2.* .rel.gnu.linkonce.sb2.*)
 *(.rela.sbss2 .rela.sbss2.* .rela.gnu.linkonce.sb2.*)
 *(.rel.bss .rel.bss.* .rel.gnu.linkonce.b.*)
 *(.rela.bss .rela.bss.* .rela.gnu.linkonce.b.*)
 *(.rel.plt)
 *(.rela.plt)
 *(.rel.dyn)
 *(.init)
 *(.plt)
 *(.text .stub .text.* .gnu.linkonce.t.*)
 .text          0x00000000030401bc       0x4c ../KBS_bsp//obj/HAL/src/crt0.o
                0x00000000030401bc                _start
 .text          0x0000000003040208      0xeec obj/default/functions.o
                0x0000000003040208                update_status
                0x0000000003040270                lcd_open
                0x0000000003040298                lcd_display
                0x00000000030402cc                wait_sdcard_insert
                0x0000000003040340                is_supporrted_sample_rate
                0x00000000030403b0                build_wave_play_list
                0x000000000304079c                waveplay_start
                0x0000000003040a08                waveplay_execute
                0x0000000003040c74                waveplay_stop
                0x0000000003040c90                handle_key
                0x0000000003040e44                Fat_Test
 .text          0x00000000030410f4      0x314 obj/default/hello_ucosii.o
                0x00000000030410f4                main
                0x0000000003041164                TaskReadSD
                0x00000000030413d0                TaskPlayMusic
 .text          0x0000000003041408     0x1348 obj/default/terasic_fat/FatFileSystem.o
                0x0000000003041408                Fat_Mount
                0x000000000304144c                Fat_Unmount
                0x0000000003041498                Fat_Type
                0x0000000003041504                Fat_FileBrowseBegin
                0x0000000003041570                Fat_FileBrowseNext
                0x000000000304199c                Fat_FileCount
                0x0000000003041a08                fatSameLongFilename
                0x0000000003041a9c                fatComposeShortFilename
                0x0000000003041c4c                Fat_FileExist
                0x0000000003041cfc                Fat_FileOpen
                0x0000000003041f1c                Fat_FileSize
                0x0000000003041f60                Fat_FileRead
                0x00000000030423f8                Fat_FileSeek
                0x00000000030424f8                Fat_FileClose
                0x000000000304253c                Fat_SpeedTest
 .text          0x0000000003042750     0x1808 obj/default/terasic_fat/FatInternal.o
                0x0000000003042750                fat16ClusterType
                0x0000000003042800                fat32ClusterType
                0x00000000030428cc                fatNextCluster
                0x0000000003042a34                fatFindUnusedCluster
                0x0000000003042bac                fatDelClusterList
                0x0000000003042d94                fatDumpDate
                0x0000000003042e1c                fatDumpTime
                0x0000000003042ea4                fatIsLastDir
                0x0000000003042ee8                fatIsValidDir
                0x0000000003042f90                fatIsUnusedDir
                0x0000000003042fd8                fatDump
                0x00000000030436fc                fatArray2Value
                0x0000000003043784                fatReadSecter
                0x0000000003043814                fatFindDirectory
                0x00000000030438c0                fatFindUnusedDirectory
                0x00000000030439d0                fatMount
                0x0000000003043da4                SD_ReadBlock512
                0x0000000003043de0                SD_WriteBlock512
                0x0000000003043e1c                fatMountSdcard
 .text          0x0000000003043f58      0xd2c obj/default/terasic_lib/AUDIO.o
                0x0000000003043f58                AUDIO_Init
                0x00000000030440e0                AUDIO_InterfaceActive
                0x0000000003044128                AUDIO_MicBoost
                0x00000000030441a0                AUDIO_AdcEnableHighPassFilter
                0x0000000003044218                AUDIO_DacDeemphasisControl
                0x00000000030442c8                AUDIO_DacEnableZeroCross
                0x00000000030443a8                AUDIO_DacEnableSoftMute
                0x0000000003044434                AUDIO_MicMute
                0x00000000030444c0                AUDIO_LineInMute
                0x00000000030445a0                AUDIO_SetInputSource
                0x0000000003044630                AUDIO_SetSampleRate
                0x0000000003044714                AUDIO_SetLineInVol
                0x0000000003044824                AUDIO_SetLineOutVol
                0x0000000003044934                AUDIO_EnableByPass
                0x00000000030449c0                AUDIO_EnableSiteTone
                0x0000000003044a4c                aduio_RegWrite
                0x0000000003044b40                AUDIO_DacFifoNotFull
                0x0000000003044b7c                AUDIO_DacFifoSetData
                0x0000000003044bc8                AUDIO_AdcFifoNotEmpty
                0x0000000003044c04                AUDIO_AdcFifoGetData
                0x0000000003044c58                AUDIO_FifoClear
 .text          0x0000000003044c84      0x718 obj/default/terasic_lib/I2C.o
                0x0000000003044c84                I2C_Write
                0x0000000003044d80                I2C_Read
                0x0000000003044ea4                I2C_MultipleRead
                0x000000000304501c                i2c_start
                0x00000000030450a4                i2c_stop
                0x0000000003045118                i2c_write
                0x0000000003045248                i2c_read
 .text          0x000000000304539c      0x16c obj/default/terasic_lib/LCD.o
                0x000000000304539c                LCD_Open
                0x00000000030453ec                LCD_TextOut
                0x000000000304544c                LCD_Clear
                0x00000000030454cc                LCD_Close
 .text          0x0000000003045508      0x130 obj/default/terasic_lib/LED.o
                0x0000000003045508                LED_AllOn
                0x0000000003045534                LED_AllOff
                0x0000000003045560                LED_Display
                0x00000000030455b0                LED_LightCount
 .text          0x0000000003045638      0x2f0 obj/default/terasic_lib/SEG7.o
                0x0000000003045638                SEG7_Clear
                0x0000000003045698                SEG7_Full
                0x00000000030456f8                SEG7_Number
                0x000000000304576c                SEG7_Hex
                0x000000000304583c                SEG7_Decimal
 .text          0x0000000003045928      0x504 obj/default/terasic_lib/WaveLib.o
                0x0000000003045928                waveGetChunkOffset
                0x0000000003045a58                WAVE_IsWaveFile
                0x0000000003045ba4                Wave_GetSampleRate
                0x0000000003045c38                Wave_GetChannelNum
                0x0000000003045cb8                Wave_GetSampleBitNum
                0x0000000003045d38                Wave_GetDataByteSize
                0x0000000003045dcc                Wave_GetWaveOffset
 .text          0x0000000003045e2c      0x1b4 obj/default/terasic_lib/debug.o
                0x0000000003045e2c                debug_output
                0x0000000003045e5c                myprintf
                0x0000000003045ec8                myprintf_hexarray
                0x0000000003045f50                myprintf_dwordarray
 .text          0x0000000003045fe0       0xa4 obj/default/terasic_sdcard/crc16.o
                0x0000000003045fe0                crc16
 .text          0x0000000003046084       0xc0 obj/default/terasic_sdcard/crc7.o
                0x0000000003046084                crc7_byte
                0x00000000030460d4                crc7
 .text          0x0000000003046144      0x728 obj/default/terasic_sdcard/sd_hal.o
                0x0000000003046144                SDHAL_IsSupport4Bits
                0x0000000003046170                SDHAL_Init
                0x00000000030461dc                SDHAL_SendCmd
                0x00000000030462d0                SDHAL_GetResponse
                0x00000000030464e4                SDHAL_ReadData
                0x000000000304662c                SDHAL_WriteData
                0x000000000304680c                SDHAL_DummyClock
 .text          0x000000000304686c      0x434 obj/default/terasic_sdcard/sd_lib.o
                0x000000000304686c                SDLIB_Init
                0x0000000003046ba0                SDLIB_ReadBlock512
                0x0000000003046c20                SDLIB_WriteBlock512
 .text          0x0000000003046ca0     0x16a4 obj/default/terasic_sdcard/sd_protocol.o
                0x0000000003046ca0                SD_Init
                0x0000000003046cc8                SD_IsSupport4Bits
                0x0000000003046cf0                SD_CMD0
                0x0000000003046d78                SD_CMD8
                0x0000000003046f04                SD_CMD55
                0x0000000003047084                SD_ACMD41
                0x0000000003047220                SD_CMD2
                0x00000000030473b8                SD_CMD3
                0x0000000003047554                SD_CMD9
                0x0000000003047714                SD_CMD10
                0x00000000030478d4                SD_CMD7
                0x0000000003047a54                SD_CMD16
                0x0000000003047bf4                SD_ACMD6
                0x0000000003047d80                SD_ACMD42
                0x0000000003047f00                SD_CMD17
                0x00000000030480a8                SD_CMD24
                0x0000000003048250                SD_ReadData
                0x0000000003048290                SD_WriteData
                0x00000000030482d0                ArrayToU32
 .text          0x0000000003048344      0x12c c:/altera_lite/15.1/nios2eds/bin/gnu/h-x86_64-mingw32/bin/../lib/gcc/nios2-elf/4.9.2\libgcc.a(lib2-divmod.o)
                0x00000000030483b0                __divsi3
                0x0000000003048404                __modsi3
                0x0000000003048460                __udivsi3
                0x0000000003048468                __umodsi3
 .text          0x0000000003048470      0x450 c:/altera_lite/15.1/nios2eds/bin/gnu/h-x86_64-mingw32/bin/../lib/gcc/nios2-elf/4.9.2\libgcc.a(divsf3.o)
                0x0000000003048470                __divsf3
 .text          0x00000000030488c0      0x424 c:/altera_lite/15.1/nios2eds/bin/gnu/h-x86_64-mingw32/bin/../lib/gcc/nios2-elf/4.9.2\libgcc.a(mulsf3.o)
                0x00000000030488c0                __mulsf3
 .text          0x0000000003048ce4      0x110 c:/altera_lite/15.1/nios2eds/bin/gnu/h-x86_64-mingw32/bin/../lib/gcc/nios2-elf/4.9.2\libgcc.a(floatunsisf.o)
                0x0000000003048ce4                __floatunsisf
 .text          0x0000000003048df4      0x8cc c:/altera_lite/15.1/nios2eds/bin/gnu/h-x86_64-mingw32/bin/../lib/gcc/nios2-elf/4.9.2\libgcc.a(divdf3.o)
                0x0000000003048df4                __divdf3
 .text          0x00000000030496c0      0x110 c:/altera_lite/15.1/nios2eds/bin/gnu/h-x86_64-mingw32/bin/../lib/gcc/nios2-elf/4.9.2\libgcc.a(extendsfdf2.o)
                0x00000000030496c0                __extendsfdf2
 .text          0x00000000030497d0      0x198 c:/altera_lite/15.1/nios2eds/bin/gnu/h-x86_64-mingw32/bin/../lib/gcc/nios2-elf/4.9.2\libgcc.a(truncdfsf2.o)
                0x00000000030497d0                __truncdfsf2
 .text          0x0000000003049968       0x64 c:/altera_lite/15.1/nios2eds/bin/gnu/h-x86_64-mingw32/bin/../lib/gcc/nios2-elf/4.9.2\libgcc.a(_clzsi2.o)
                0x0000000003049968                __clzsi2
 .text          0x00000000030499cc        0x0 c:/altera_lite/15.1/nios2eds/bin/gnu/h-x86_64-mingw32/bin/../lib/gcc/nios2-elf/4.9.2\libgcc.a(_clz.o)
 .text          0x00000000030499cc        0x0 c:/altera_lite/15.1/nios2eds/bin/gnu/h-x86_64-mingw32/bin/../lib/gcc/nios2-elf/4.9.2/../../../../../H-x86_64-mingw32/nios2-elf/lib\libc.a(lib_a-fclose.o)
 .text._fclose_r
                0x00000000030499cc       0xf0 c:/altera_lite/15.1/nios2eds/bin/gnu/h-x86_64-mingw32/bin/../lib/gcc/nios2-elf/4.9.2/../../../../../H-x86_64-mingw32/nios2-elf/lib\libc.a(lib_a-fclose.o)
                0x00000000030499cc                _fclose_r
 .text.fclose   0x0000000003049abc       0x14 c:/altera_lite/15.1/nios2eds/bin/gnu/h-x86_64-mingw32/bin/../lib/gcc/nios2-elf/4.9.2/../../../../../H-x86_64-mingw32/nios2-elf/lib\libc.a(lib_a-fclose.o)
                0x0000000003049abc                fclose
 .text          0x0000000003049ad0        0x0 c:/altera_lite/15.1/nios2eds/bin/gnu/h-x86_64-mingw32/bin/../lib/gcc/nios2-elf/4.9.2/../../../../../H-x86_64-mingw32/nios2-elf/lib\libc.a(lib_a-fflush.o)
 .text.__sflush_r
                0x0000000003049ad0      0x208 c:/altera_lite/15.1/nios2eds/bin/gnu/h-x86_64-mingw32/bin/../lib/gcc/nios2-elf/4.9.2/../../../../../H-x86_64-mingw32/nios2-elf/lib\libc.a(lib_a-fflush.o)
                0x0000000003049ad0                __sflush_r
 .text._fflush_r
                0x0000000003049cd8       0x5c c:/altera_lite/15.1/nios2eds/bin/gnu/h-x86_64-mingw32/bin/../lib/gcc/nios2-elf/4.9.2/../../../../../H-x86_64-mingw32/nios2-elf/lib\libc.a(lib_a-fflush.o)
                0x0000000003049cd8                _fflush_r
 .text.fflush   0x0000000003049d34       0x30 c:/altera_lite/15.1/nios2eds/bin/gnu/h-x86_64-mingw32/bin/../lib/gcc/nios2-elf/4.9.2/../../../../../H-x86_64-mingw32/nios2-elf/lib\libc.a(lib_a-fflush.o)
                0x0000000003049d34                fflush
 .text          0x0000000003049d64        0x0 c:/altera_lite/15.1/nios2eds/bin/gnu/h-x86_64-mingw32/bin/../lib/gcc/nios2-elf/4.9.2/../../../../../H-x86_64-mingw32/nios2-elf/lib\libc.a(lib_a-findfp.o)
 .text.__fp_lock
                0x0000000003049d64        0x8 c:/altera_lite/15.1/nios2eds/bin/gnu/h-x86_64-mingw32/bin/../lib/gcc/nios2-elf/4.9.2/../../../../../H-x86_64-mingw32/nios2-elf/lib\libc.a(lib_a-findfp.o)
 .text.__fp_unlock
                0x0000000003049d6c        0x8 c:/altera_lite/15.1/nios2eds/bin/gnu/h-x86_64-mingw32/bin/../lib/gcc/nios2-elf/4.9.2/../../../../../H-x86_64-mingw32/nios2-elf/lib\libc.a(lib_a-findfp.o)
 .text._cleanup_r
                0x0000000003049d74        0xc c:/altera_lite/15.1/nios2eds/bin/gnu/h-x86_64-mingw32/bin/../lib/gcc/nios2-elf/4.9.2/../../../../../H-x86_64-mingw32/nios2-elf/lib\libc.a(lib_a-findfp.o)
                0x0000000003049d74                _cleanup_r
 .text.__sinit.part.1
                0x0000000003049d80      0x19c c:/altera_lite/15.1/nios2eds/bin/gnu/h-x86_64-mingw32/bin/../lib/gcc/nios2-elf/4.9.2/../../../../../H-x86_64-mingw32/nios2-elf/lib\libc.a(lib_a-findfp.o)
 .text.__sfmoreglue
                0x0000000003049f1c       0x68 c:/altera_lite/15.1/nios2eds/bin/gnu/h-x86_64-mingw32/bin/../lib/gcc/nios2-elf/4.9.2/../../../../../H-x86_64-mingw32/nios2-elf/lib\libc.a(lib_a-findfp.o)
                0x0000000003049f1c                __sfmoreglue
 .text.__sfp    0x0000000003049f84      0x118 c:/altera_lite/15.1/nios2eds/bin/gnu/h-x86_64-mingw32/bin/../lib/gcc/nios2-elf/4.9.2/../../../../../H-x86_64-mingw32/nios2-elf/lib\libc.a(lib_a-findfp.o)
                0x0000000003049f84                __sfp
 .text._cleanup
                0x000000000304a09c       0x18 c:/altera_lite/15.1/nios2eds/bin/gnu/h-x86_64-mingw32/bin/../lib/gcc/nios2-elf/4.9.2/../../../../../H-x86_64-mingw32/nios2-elf/lib\libc.a(lib_a-findfp.o)
                0x000000000304a09c                _cleanup
 .text.__sinit  0x000000000304a0b4       0x10 c:/altera_lite/15.1/nios2eds/bin/gnu/h-x86_64-mingw32/bin/../lib/gcc/nios2-elf/4.9.2/../../../../../H-x86_64-mingw32/nios2-elf/lib\libc.a(lib_a-findfp.o)
                0x000000000304a0b4                __sinit
 .text.__sfp_lock_acquire
                0x000000000304a0c4        0x4 c:/altera_lite/15.1/nios2eds/bin/gnu/h-x86_64-mingw32/bin/../lib/gcc/nios2-elf/4.9.2/../../../../../H-x86_64-mingw32/nios2-elf/lib\libc.a(lib_a-findfp.o)
                0x000000000304a0c4                __sfp_lock_acquire
 .text.__sfp_lock_release
                0x000000000304a0c8        0x4 c:/altera_lite/15.1/nios2eds/bin/gnu/h-x86_64-mingw32/bin/../lib/gcc/nios2-elf/4.9.2/../../../../../H-x86_64-mingw32/nios2-elf/lib\libc.a(lib_a-findfp.o)
                0x000000000304a0c8                __sfp_lock_release
 .text.__sinit_lock_acquire
                0x000000000304a0cc        0x4 c:/altera_lite/15.1/nios2eds/bin/gnu/h-x86_64-mingw32/bin/../lib/gcc/nios2-elf/4.9.2/../../../../../H-x86_64-mingw32/nios2-elf/lib\libc.a(lib_a-findfp.o)
                0x000000000304a0cc                __sinit_lock_acquire
 .text.__sinit_lock_release
                0x000000000304a0d0        0x4 c:/altera_lite/15.1/nios2eds/bin/gnu/h-x86_64-mingw32/bin/../lib/gcc/nios2-elf/4.9.2/../../../../../H-x86_64-mingw32/nios2-elf/lib\libc.a(lib_a-findfp.o)
                0x000000000304a0d0                __sinit_lock_release
 .text.__fp_lock_all
                0x000000000304a0d4       0x18 c:/altera_lite/15.1/nios2eds/bin/gnu/h-x86_64-mingw32/bin/../lib/gcc/nios2-elf/4.9.2/../../../../../H-x86_64-mingw32/nios2-elf/lib\libc.a(lib_a-findfp.o)
                0x000000000304a0d4                __fp_lock_all
 .text.__fp_unlock_all
                0x000000000304a0ec       0x18 c:/altera_lite/15.1/nios2eds/bin/gnu/h-x86_64-mingw32/bin/../lib/gcc/nios2-elf/4.9.2/../../../../../H-x86_64-mingw32/nios2-elf/lib\libc.a(lib_a-findfp.o)
                0x000000000304a0ec                __fp_unlock_all
 .text          0x000000000304a104        0x0 c:/altera_lite/15.1/nios2eds/bin/gnu/h-x86_64-mingw32/bin/../lib/gcc/nios2-elf/4.9.2/../../../../../H-x86_64-mingw32/nios2-elf/lib\libc.a(lib_a-fopen.o)
 .text._fopen_r
                0x000000000304a104       0xf0 c:/altera_lite/15.1/nios2eds/bin/gnu/h-x86_64-mingw32/bin/../lib/gcc/nios2-elf/4.9.2/../../../../../H-x86_64-mingw32/nios2-elf/lib\libc.a(lib_a-fopen.o)
                0x000000000304a104                _fopen_r
 .text.fopen    0x000000000304a1f4       0x1c c:/altera_lite/15.1/nios2eds/bin/gnu/h-x86_64-mingw32/bin/../lib/gcc/nios2-elf/4.9.2/../../../../../H-x86_64-mingw32/nios2-elf/lib\libc.a(lib_a-fopen.o)
                0x000000000304a1f4                fopen
 .text          0x000000000304a210        0x0 c:/altera_lite/15.1/nios2eds/bin/gnu/h-x86_64-mingw32/bin/../lib/gcc/nios2-elf/4.9.2/../../../../../H-x86_64-mingw32/nios2-elf/lib\libc.a(lib_a-freer.o)
 .text._malloc_trim_r
                0x000000000304a210      0x124 c:/altera_lite/15.1/nios2eds/bin/gnu/h-x86_64-mingw32/bin/../lib/gcc/nios2-elf/4.9.2/../../../../../H-x86_64-mingw32/nios2-elf/lib\libc.a(lib_a-freer.o)
                0x000000000304a210                _malloc_trim_r
 .text._free_r  0x000000000304a334      0x2f0 c:/altera_lite/15.1/nios2eds/bin/gnu/h-x86_64-mingw32/bin/../lib/gcc/nios2-elf/4.9.2/../../../../../H-x86_64-mingw32/nios2-elf/lib\libc.a(lib_a-freer.o)
                0x000000000304a334                _free_r
 .text          0x000000000304a624        0x0 c:/altera_lite/15.1/nios2eds/bin/gnu/h-x86_64-mingw32/bin/../lib/gcc/nios2-elf/4.9.2/../../../../../H-x86_64-mingw32/nios2-elf/lib\libc.a(lib_a-fseek.o)
 .text._fseek_r
                0x000000000304a624        0x4 c:/altera_lite/15.1/nios2eds/bin/gnu/h-x86_64-mingw32/bin/../lib/gcc/nios2-elf/4.9.2/../../../../../H-x86_64-mingw32/nios2-elf/lib\libc.a(lib_a-fseek.o)
                0x000000000304a624                _fseek_r
 .text.fseek    0x000000000304a628       0x24 c:/altera_lite/15.1/nios2eds/bin/gnu/h-x86_64-mingw32/bin/../lib/gcc/nios2-elf/4.9.2/../../../../../H-x86_64-mingw32/nios2-elf/lib\libc.a(lib_a-fseek.o)
                0x000000000304a628                fseek
 .text          0x000000000304a64c        0x0 c:/altera_lite/15.1/nios2eds/bin/gnu/h-x86_64-mingw32/bin/../lib/gcc/nios2-elf/4.9.2/../../../../../H-x86_64-mingw32/nios2-elf/lib\libc.a(lib_a-fseeko.o)
 .text._fseeko_r
                0x000000000304a64c      0x444 c:/altera_lite/15.1/nios2eds/bin/gnu/h-x86_64-mingw32/bin/../lib/gcc/nios2-elf/4.9.2/../../../../../H-x86_64-mingw32/nios2-elf/lib\libc.a(lib_a-fseeko.o)
                0x000000000304a64c                _fseeko_r
 .text.fseeko   0x000000000304aa90       0x24 c:/altera_lite/15.1/nios2eds/bin/gnu/h-x86_64-mingw32/bin/../lib/gcc/nios2-elf/4.9.2/../../../../../H-x86_64-mingw32/nios2-elf/lib\libc.a(lib_a-fseeko.o)
                0x000000000304aa90                fseeko
 .text          0x000000000304aab4        0x0 c:/altera_lite/15.1/nios2eds/bin/gnu/h-x86_64-mingw32/bin/../lib/gcc/nios2-elf/4.9.2/../../../../../H-x86_64-mingw32/nios2-elf/lib\libc.a(lib_a-fstatr.o)
 .text._fstat_r
                0x000000000304aab4       0x58 c:/altera_lite/15.1/nios2eds/bin/gnu/h-x86_64-mingw32/bin/../lib/gcc/nios2-elf/4.9.2/../../../../../H-x86_64-mingw32/nios2-elf/lib\libc.a(lib_a-fstatr.o)
                0x000000000304aab4                _fstat_r
 .text          0x000000000304ab0c        0x0 c:/altera_lite/15.1/nios2eds/bin/gnu/h-x86_64-mingw32/bin/../lib/gcc/nios2-elf/4.9.2/../../../../../H-x86_64-mingw32/nios2-elf/lib\libc.a(lib_a-fwalk.o)
 .text._fwalk   0x000000000304ab0c       0xc4 c:/altera_lite/15.1/nios2eds/bin/gnu/h-x86_64-mingw32/bin/../lib/gcc/nios2-elf/4.9.2/../../../../../H-x86_64-mingw32/nios2-elf/lib\libc.a(lib_a-fwalk.o)
                0x000000000304ab0c                _fwalk
 .text._fwalk_reent
                0x000000000304abd0       0xc4 c:/altera_lite/15.1/nios2eds/bin/gnu/h-x86_64-mingw32/bin/../lib/gcc/nios2-elf/4.9.2/../../../../../H-x86_64-mingw32/nios2-elf/lib\libc.a(lib_a-fwalk.o)
                0x000000000304abd0                _fwalk_reent
 .text          0x000000000304ac94        0x0 c:/altera_lite/15.1/nios2eds/bin/gnu/h-x86_64-mingw32/bin/../lib/gcc/nios2-elf/4.9.2/../../../../../H-x86_64-mingw32/nios2-elf/lib\libc.a(lib_a-fwrite.o)
 .text._fwrite_r
                0x000000000304ac94       0xcc c:/altera_lite/15.1/nios2eds/bin/gnu/h-x86_64-mingw32/bin/../lib/gcc/nios2-elf/4.9.2/../../../../../H-x86_64-mingw32/nios2-elf/lib\libc.a(lib_a-fwrite.o)
                0x000000000304ac94                _fwrite_r
 .text.fwrite   0x000000000304ad60       0x40 c:/altera_lite/15.1/nios2eds/bin/gnu/h-x86_64-mingw32/bin/../lib/gcc/nios2-elf/4.9.2/../../../../../H-x86_64-mingw32/nios2-elf/lib\libc.a(lib_a-fwrite.o)
                0x000000000304ad60                fwrite
 .text          0x000000000304ada0        0x0 c:/altera_lite/15.1/nios2eds/bin/gnu/h-x86_64-mingw32/bin/../lib/gcc/nios2-elf/4.9.2/../../../../../H-x86_64-mingw32/nios2-elf/lib\libc.a(lib_a-impure.o)
 .text          0x000000000304ada0        0x0 c:/altera_lite/15.1/nios2eds/bin/gnu/h-x86_64-mingw32/bin/../lib/gcc/nios2-elf/4.9.2/../../../../../H-x86_64-mingw32/nios2-elf/lib\libc.a(lib_a-int_errno.o)
 .text          0x000000000304ada0        0x0 c:/altera_lite/15.1/nios2eds/bin/gnu/h-x86_64-mingw32/bin/../lib/gcc/nios2-elf/4.9.2/../../../../../H-x86_64-mingw32/nios2-elf/lib\libc.a(lib_a-makebuf.o)
 .text.__smakebuf_r
                0x000000000304ada0      0x1b8 c:/altera_lite/15.1/nios2eds/bin/gnu/h-x86_64-mingw32/bin/../lib/gcc/nios2-elf/4.9.2/../../../../../H-x86_64-mingw32/nios2-elf/lib\libc.a(lib_a-makebuf.o)
                0x000000000304ada0                __smakebuf_r
 .text          0x000000000304af58        0x0 c:/altera_lite/15.1/nios2eds/bin/gnu/h-x86_64-mingw32/bin/../lib/gcc/nios2-elf/4.9.2/../../../../../H-x86_64-mingw32/nios2-elf/lib\libc.a(lib_a-malloc.o)
 .text.malloc   0x000000000304af58       0x14 c:/altera_lite/15.1/nios2eds/bin/gnu/h-x86_64-mingw32/bin/../lib/gcc/nios2-elf/4.9.2/../../../../../H-x86_64-mingw32/nios2-elf/lib\libc.a(lib_a-malloc.o)
                0x000000000304af58                malloc
 .text.free     0x000000000304af6c       0x14 c:/altera_lite/15.1/nios2eds/bin/gnu/h-x86_64-mingw32/bin/../lib/gcc/nios2-elf/4.9.2/../../../../../H-x86_64-mingw32/nios2-elf/lib\libc.a(lib_a-malloc.o)
                0x000000000304af6c                free
 .text          0x000000000304af80        0x0 c:/altera_lite/15.1/nios2eds/bin/gnu/h-x86_64-mingw32/bin/../lib/gcc/nios2-elf/4.9.2/../../../../../H-x86_64-mingw32/nios2-elf/lib\libc.a(lib_a-mallocr.o)
 .text._malloc_r
                0x000000000304af80      0x7a8 c:/altera_lite/15.1/nios2eds/bin/gnu/h-x86_64-mingw32/bin/../lib/gcc/nios2-elf/4.9.2/../../../../../H-x86_64-mingw32/nios2-elf/lib\libc.a(lib_a-mallocr.o)
                0x000000000304af80                _malloc_r
 .text          0x000000000304b728        0x0 c:/altera_lite/15.1/nios2eds/bin/gnu/h-x86_64-mingw32/bin/../lib/gcc/nios2-elf/4.9.2/../../../../../H-x86_64-mingw32/nios2-elf/lib\libc.a(lib_a-memcpy.o)
 .text.memcpy   0x000000000304b728      0x138 c:/altera_lite/15.1/nios2eds/bin/gnu/h-x86_64-mingw32/bin/../lib/gcc/nios2-elf/4.9.2/../../../../../H-x86_64-mingw32/nios2-elf/lib\libc.a(lib_a-memcpy.o)
                0x000000000304b728                memcpy
 .text          0x000000000304b860        0x0 c:/altera_lite/15.1/nios2eds/bin/gnu/h-x86_64-mingw32/bin/../lib/gcc/nios2-elf/4.9.2/../../../../../H-x86_64-mingw32/nios2-elf/lib\libc.a(lib_a-memset.o)
 .text.memset   0x000000000304b860      0x124 c:/altera_lite/15.1/nios2eds/bin/gnu/h-x86_64-mingw32/bin/../lib/gcc/nios2-elf/4.9.2/../../../../../H-x86_64-mingw32/nios2-elf/lib\libc.a(lib_a-memset.o)
                0x000000000304b860                memset
 .text          0x000000000304b984        0x0 c:/altera_lite/15.1/nios2eds/bin/gnu/h-x86_64-mingw32/bin/../lib/gcc/nios2-elf/4.9.2/../../../../../H-x86_64-mingw32/nios2-elf/lib\libc.a(lib_a-openr.o)
 .text._open_r  0x000000000304b984       0x5c c:/altera_lite/15.1/nios2eds/bin/gnu/h-x86_64-mingw32/bin/../lib/gcc/nios2-elf/4.9.2/../../../../../H-x86_64-mingw32/nios2-elf/lib\libc.a(lib_a-openr.o)
                0x000000000304b984                _open_r
 .text          0x000000000304b9e0        0x0 c:/altera_lite/15.1/nios2eds/bin/gnu/h-x86_64-mingw32/bin/../lib/gcc/nios2-elf/4.9.2/../../../../../H-x86_64-mingw32/nios2-elf/lib\libc.a(lib_a-printf.o)
 .text._printf_r
                0x000000000304b9e0       0x2c c:/altera_lite/15.1/nios2eds/bin/gnu/h-x86_64-mingw32/bin/../lib/gcc/nios2-elf/4.9.2/../../../../../H-x86_64-mingw32/nios2-elf/lib\libc.a(lib_a-printf.o)
                0x000000000304b9e0                _printf_r
 .text.printf   0x000000000304ba0c       0x3c c:/altera_lite/15.1/nios2eds/bin/gnu/h-x86_64-mingw32/bin/../lib/gcc/nios2-elf/4.9.2/../../../../../H-x86_64-mingw32/nios2-elf/lib\libc.a(lib_a-printf.o)
                0x000000000304ba0c                printf
 .text          0x000000000304ba48        0x0 c:/altera_lite/15.1/nios2eds/bin/gnu/h-x86_64-mingw32/bin/../lib/gcc/nios2-elf/4.9.2/../../../../../H-x86_64-mingw32/nios2-elf/lib\libc.a(lib_a-putchar.o)
 .text._putchar_r
                0x000000000304ba48        0x8 c:/altera_lite/15.1/nios2eds/bin/gnu/h-x86_64-mingw32/bin/../lib/gcc/nios2-elf/4.9.2/../../../../../H-x86_64-mingw32/nios2-elf/lib\libc.a(lib_a-putchar.o)
                0x000000000304ba48                _putchar_r
 .text.putchar  0x000000000304ba50       0x18 c:/altera_lite/15.1/nios2eds/bin/gnu/h-x86_64-mingw32/bin/../lib/gcc/nios2-elf/4.9.2/../../../../../H-x86_64-mingw32/nios2-elf/lib\libc.a(lib_a-putchar.o)
                0x000000000304ba50                putchar
 .text          0x000000000304ba68        0x0 c:/altera_lite/15.1/nios2eds/bin/gnu/h-x86_64-mingw32/bin/../lib/gcc/nios2-elf/4.9.2/../../../../../H-x86_64-mingw32/nios2-elf/lib\libc.a(lib_a-puts.o)
 .text._puts_r  0x000000000304ba68       0xa8 c:/altera_lite/15.1/nios2eds/bin/gnu/h-x86_64-mingw32/bin/../lib/gcc/nios2-elf/4.9.2/../../../../../H-x86_64-mingw32/nios2-elf/lib\libc.a(lib_a-puts.o)
                0x000000000304ba68                _puts_r
 .text.puts     0x000000000304bb10       0x14 c:/altera_lite/15.1/nios2eds/bin/gnu/h-x86_64-mingw32/bin/../lib/gcc/nios2-elf/4.9.2/../../../../../H-x86_64-mingw32/nios2-elf/lib\libc.a(lib_a-puts.o)
                0x000000000304bb10                puts
 .text          0x000000000304bb24        0x0 c:/altera_lite/15.1/nios2eds/bin/gnu/h-x86_64-mingw32/bin/../lib/gcc/nios2-elf/4.9.2/../../../../../H-x86_64-mingw32/nios2-elf/lib\libc.a(lib_a-refill.o)
 .text.lflush   0x000000000304bb24       0x1c c:/altera_lite/15.1/nios2eds/bin/gnu/h-x86_64-mingw32/bin/../lib/gcc/nios2-elf/4.9.2/../../../../../H-x86_64-mingw32/nios2-elf/lib\libc.a(lib_a-refill.o)
 .text.__srefill_r
                0x000000000304bb40      0x1d4 c:/altera_lite/15.1/nios2eds/bin/gnu/h-x86_64-mingw32/bin/../lib/gcc/nios2-elf/4.9.2/../../../../../H-x86_64-mingw32/nios2-elf/lib\libc.a(lib_a-refill.o)
                0x000000000304bb40                __srefill_r
 .text          0x000000000304bd14        0x0 c:/altera_lite/15.1/nios2eds/bin/gnu/h-x86_64-mingw32/bin/../lib/gcc/nios2-elf/4.9.2/../../../../../H-x86_64-mingw32/nios2-elf/lib\libc.a(lib_a-sbrkr.o)
 .text._sbrk_r  0x000000000304bd14       0x54 c:/altera_lite/15.1/nios2eds/bin/gnu/h-x86_64-mingw32/bin/../lib/gcc/nios2-elf/4.9.2/../../../../../H-x86_64-mingw32/nios2-elf/lib\libc.a(lib_a-sbrkr.o)
                0x000000000304bd14                _sbrk_r
 .text          0x000000000304bd68        0x0 c:/altera_lite/15.1/nios2eds/bin/gnu/h-x86_64-mingw32/bin/../lib/gcc/nios2-elf/4.9.2/../../../../../H-x86_64-mingw32/nios2-elf/lib\libc.a(lib_a-sprintf.o)
 .text._sprintf_r
                0x000000000304bd68       0x58 c:/altera_lite/15.1/nios2eds/bin/gnu/h-x86_64-mingw32/bin/../lib/gcc/nios2-elf/4.9.2/../../../../../H-x86_64-mingw32/nios2-elf/lib\libc.a(lib_a-sprintf.o)
                0x000000000304bd68                _sprintf_r
 .text.sprintf  0x000000000304bdc0       0x6c c:/altera_lite/15.1/nios2eds/bin/gnu/h-x86_64-mingw32/bin/../lib/gcc/nios2-elf/4.9.2/../../../../../H-x86_64-mingw32/nios2-elf/lib\libc.a(lib_a-sprintf.o)
                0x000000000304bdc0                sprintf
 .text          0x000000000304be2c        0x0 c:/altera_lite/15.1/nios2eds/bin/gnu/h-x86_64-mingw32/bin/../lib/gcc/nios2-elf/4.9.2/../../../../../H-x86_64-mingw32/nios2-elf/lib\libc.a(lib_a-stdio.o)
 .text.__sread  0x000000000304be2c       0x54 c:/altera_lite/15.1/nios2eds/bin/gnu/h-x86_64-mingw32/bin/../lib/gcc/nios2-elf/4.9.2/../../../../../H-x86_64-mingw32/nios2-elf/lib\libc.a(lib_a-stdio.o)
                0x000000000304be2c                __sread
 .text.__seofread
                0x000000000304be80        0x8 c:/altera_lite/15.1/nios2eds/bin/gnu/h-x86_64-mingw32/bin/../lib/gcc/nios2-elf/4.9.2/../../../../../H-x86_64-mingw32/nios2-elf/lib\libc.a(lib_a-stdio.o)
                0x000000000304be80                __seofread
 .text.__swrite
                0x000000000304be88       0x7c c:/altera_lite/15.1/nios2eds/bin/gnu/h-x86_64-mingw32/bin/../lib/gcc/nios2-elf/4.9.2/../../../../../H-x86_64-mingw32/nios2-elf/lib\libc.a(lib_a-stdio.o)
                0x000000000304be88                __swrite
 .text.__sseek  0x000000000304bf04       0x5c c:/altera_lite/15.1/nios2eds/bin/gnu/h-x86_64-mingw32/bin/../lib/gcc/nios2-elf/4.9.2/../../../../../H-x86_64-mingw32/nios2-elf/lib\libc.a(lib_a-stdio.o)
                0x000000000304bf04                __sseek
 .text.__sclose
                0x000000000304bf60        0x8 c:/altera_lite/15.1/nios2eds/bin/gnu/h-x86_64-mingw32/bin/../lib/gcc/nios2-elf/4.9.2/../../../../../H-x86_64-mingw32/nios2-elf/lib\libc.a(lib_a-stdio.o)
                0x000000000304bf60                __sclose
 .text          0x000000000304bf68        0x0 c:/altera_lite/15.1/nios2eds/bin/gnu/h-x86_64-mingw32/bin/../lib/gcc/nios2-elf/4.9.2/../../../../../H-x86_64-mingw32/nios2-elf/lib\libc.a(lib_a-strcasecmp.o)
 .text.strcasecmp
                0x000000000304bf68       0x70 c:/altera_lite/15.1/nios2eds/bin/gnu/h-x86_64-mingw32/bin/../lib/gcc/nios2-elf/4.9.2/../../../../../H-x86_64-mingw32/nios2-elf/lib\libc.a(lib_a-strcasecmp.o)
                0x000000000304bf68                strcasecmp
 .text          0x000000000304bfd8        0x0 c:/altera_lite/15.1/nios2eds/bin/gnu/h-x86_64-mingw32/bin/../lib/gcc/nios2-elf/4.9.2/../../../../../H-x86_64-mingw32/nios2-elf/lib\libc.a(lib_a-strcmp.o)
 .text.strcmp   0x000000000304bfd8       0xa4 c:/altera_lite/15.1/nios2eds/bin/gnu/h-x86_64-mingw32/bin/../lib/gcc/nios2-elf/4.9.2/../../../../../H-x86_64-mingw32/nios2-elf/lib\libc.a(lib_a-strcmp.o)
                0x000000000304bfd8                strcmp
 .text          0x000000000304c07c        0x0 c:/altera_lite/15.1/nios2eds/bin/gnu/h-x86_64-mingw32/bin/../lib/gcc/nios2-elf/4.9.2/../../../../../H-x86_64-mingw32/nios2-elf/lib\libc.a(lib_a-strcpy.o)
 .text.strcpy   0x000000000304c07c       0x90 c:/altera_lite/15.1/nios2eds/bin/gnu/h-x86_64-mingw32/bin/../lib/gcc/nios2-elf/4.9.2/../../../../../H-x86_64-mingw32/nios2-elf/lib\libc.a(lib_a-strcpy.o)
                0x000000000304c07c                strcpy
 .text          0x000000000304c10c        0x0 c:/altera_lite/15.1/nios2eds/bin/gnu/h-x86_64-mingw32/bin/../lib/gcc/nios2-elf/4.9.2/../../../../../H-x86_64-mingw32/nios2-elf/lib\libc.a(lib_a-strlen.o)
 .text.strlen   0x000000000304c10c       0x98 c:/altera_lite/15.1/nios2eds/bin/gnu/h-x86_64-mingw32/bin/../lib/gcc/nios2-elf/4.9.2/../../../../../H-x86_64-mingw32/nios2-elf/lib\libc.a(lib_a-strlen.o)
                0x000000000304c10c                strlen
 .text          0x000000000304c1a4        0x0 c:/altera_lite/15.1/nios2eds/bin/gnu/h-x86_64-mingw32/bin/../lib/gcc/nios2-elf/4.9.2/../../../../../H-x86_64-mingw32/nios2-elf/lib\libc.a(lib_a-svfprintf.o)
 .text.___svfprintf_internal_r
                0x000000000304c1a4     0x1f90 c:/altera_lite/15.1/nios2eds/bin/gnu/h-x86_64-mingw32/bin/../lib/gcc/nios2-elf/4.9.2/../../../../../H-x86_64-mingw32/nios2-elf/lib\libc.a(lib_a-svfprintf.o)
                0x000000000304c1a4                ___svfprintf_internal_r
 .text          0x000000000304e134        0x0 c:/altera_lite/15.1/nios2eds/bin/gnu/h-x86_64-mingw32/bin/../lib/gcc/nios2-elf/4.9.2/../../../../../H-x86_64-mingw32/nios2-elf/lib\libc.a(lib_a-vfprintf.o)
 .text.___vfprintf_internal_r
                0x000000000304e134     0x1f50 c:/altera_lite/15.1/nios2eds/bin/gnu/h-x86_64-mingw32/bin/../lib/gcc/nios2-elf/4.9.2/../../../../../H-x86_64-mingw32/nios2-elf/lib\libc.a(lib_a-vfprintf.o)
                0x000000000304e134                ___vfprintf_internal_r
 .text.__vfprintf_internal
                0x0000000003050084       0x24 c:/altera_lite/15.1/nios2eds/bin/gnu/h-x86_64-mingw32/bin/../lib/gcc/nios2-elf/4.9.2/../../../../../H-x86_64-mingw32/nios2-elf/lib\libc.a(lib_a-vfprintf.o)
                0x0000000003050084                __vfprintf_internal
 .text.__sbprintf
                0x00000000030500a8       0xbc c:/altera_lite/15.1/nios2eds/bin/gnu/h-x86_64-mingw32/bin/../lib/gcc/nios2-elf/4.9.2/../../../../../H-x86_64-mingw32/nios2-elf/lib\libc.a(lib_a-vfprintf.o)
 .text          0x0000000003050164        0x0 c:/altera_lite/15.1/nios2eds/bin/gnu/h-x86_64-mingw32/bin/../lib/gcc/nios2-elf/4.9.2/../../../../../H-x86_64-mingw32/nios2-elf/lib\libc.a(lib_a-vsnprintf.o)
 .text._vsnprintf_r
                0x0000000003050164       0xf0 c:/altera_lite/15.1/nios2eds/bin/gnu/h-x86_64-mingw32/bin/../lib/gcc/nios2-elf/4.9.2/../../../../../H-x86_64-mingw32/nios2-elf/lib\libc.a(lib_a-vsnprintf.o)
                0x0000000003050164                _vsnprintf_r
 .text.vsnprintf
                0x0000000003050254       0x40 c:/altera_lite/15.1/nios2eds/bin/gnu/h-x86_64-mingw32/bin/../lib/gcc/nios2-elf/4.9.2/../../../../../H-x86_64-mingw32/nios2-elf/lib\libc.a(lib_a-vsnprintf.o)
                0x0000000003050254                vsnprintf
 .text          0x0000000003050294        0x0 c:/altera_lite/15.1/nios2eds/bin/gnu/h-x86_64-mingw32/bin/../lib/gcc/nios2-elf/4.9.2/../../../../../H-x86_64-mingw32/nios2-elf/lib\libc.a(lib_a-writer.o)
 .text._write_r
                0x0000000003050294       0x5c c:/altera_lite/15.1/nios2eds/bin/gnu/h-x86_64-mingw32/bin/../lib/gcc/nios2-elf/4.9.2/../../../../../H-x86_64-mingw32/nios2-elf/lib\libc.a(lib_a-writer.o)
                0x0000000003050294                _write_r
 .text          0x00000000030502f0        0x0 c:/altera_lite/15.1/nios2eds/bin/gnu/h-x86_64-mingw32/bin/../lib/gcc/nios2-elf/4.9.2/../../../../../H-x86_64-mingw32/nios2-elf/lib\libc.a(lib_a-wsetup.o)
 .text.__swsetup_r
                0x00000000030502f0      0x154 c:/altera_lite/15.1/nios2eds/bin/gnu/h-x86_64-mingw32/bin/../lib/gcc/nios2-elf/4.9.2/../../../../../H-x86_64-mingw32/nios2-elf/lib\libc.a(lib_a-wsetup.o)
                0x00000000030502f0                __swsetup_r
 .text          0x0000000003050444        0x0 c:/altera_lite/15.1/nios2eds/bin/gnu/h-x86_64-mingw32/bin/../lib/gcc/nios2-elf/4.9.2/../../../../../H-x86_64-mingw32/nios2-elf/lib\libc.a(closer.o)
 .text._close_r
                0x0000000003050444       0x54 c:/altera_lite/15.1/nios2eds/bin/gnu/h-x86_64-mingw32/bin/../lib/gcc/nios2-elf/4.9.2/../../../../../H-x86_64-mingw32/nios2-elf/lib\libc.a(closer.o)
                0x0000000003050444                _close_r
 .text          0x0000000003050498        0x0 c:/altera_lite/15.1/nios2eds/bin/gnu/h-x86_64-mingw32/bin/../lib/gcc/nios2-elf/4.9.2/../../../../../H-x86_64-mingw32/nios2-elf/lib\libc.a(lib_a-ctype_.o)
 .text          0x0000000003050498        0x0 c:/altera_lite/15.1/nios2eds/bin/gnu/h-x86_64-mingw32/bin/../lib/gcc/nios2-elf/4.9.2/../../../../../H-x86_64-mingw32/nios2-elf/lib\libc.a(lib_a-dtoa.o)
 .text.quorem   0x0000000003050498      0x200 c:/altera_lite/15.1/nios2eds/bin/gnu/h-x86_64-mingw32/bin/../lib/gcc/nios2-elf/4.9.2/../../../../../H-x86_64-mingw32/nios2-elf/lib\libc.a(lib_a-dtoa.o)
 .text._dtoa_r  0x0000000003050698     0x1728 c:/altera_lite/15.1/nios2eds/bin/gnu/h-x86_64-mingw32/bin/../lib/gcc/nios2-elf/4.9.2/../../../../../H-x86_64-mingw32/nios2-elf/lib\libc.a(lib_a-dtoa.o)
                0x0000000003050698                _dtoa_r
 .text          0x0000000003051dc0        0x0 c:/altera_lite/15.1/nios2eds/bin/gnu/h-x86_64-mingw32/bin/../lib/gcc/nios2-elf/4.9.2/../../../../../H-x86_64-mingw32/nios2-elf/lib\libc.a(lib_a-flags.o)
 .text.__sflags
                0x0000000003051dc0       0xac c:/altera_lite/15.1/nios2eds/bin/gnu/h-x86_64-mingw32/bin/../lib/gcc/nios2-elf/4.9.2/../../../../../H-x86_64-mingw32/nios2-elf/lib\libc.a(lib_a-flags.o)
                0x0000000003051dc0                __sflags
 .text          0x0000000003051e6c        0x0 c:/altera_lite/15.1/nios2eds/bin/gnu/h-x86_64-mingw32/bin/../lib/gcc/nios2-elf/4.9.2/../../../../../H-x86_64-mingw32/nios2-elf/lib\libc.a(lib_a-fvwrite.o)
 .text.__sfvwrite_r
                0x0000000003051e6c      0x4c0 c:/altera_lite/15.1/nios2eds/bin/gnu/h-x86_64-mingw32/bin/../lib/gcc/nios2-elf/4.9.2/../../../../../H-x86_64-mingw32/nios2-elf/lib\libc.a(lib_a-fvwrite.o)
                0x0000000003051e6c                __sfvwrite_r
 .text          0x000000000305232c        0x0 c:/altera_lite/15.1/nios2eds/bin/gnu/h-x86_64-mingw32/bin/../lib/gcc/nios2-elf/4.9.2/../../../../../H-x86_64-mingw32/nios2-elf/lib\libc.a(lib_a-isattyr.o)
 .text._isatty_r
                0x000000000305232c       0x54 c:/altera_lite/15.1/nios2eds/bin/gnu/h-x86_64-mingw32/bin/../lib/gcc/nios2-elf/4.9.2/../../../../../H-x86_64-mingw32/nios2-elf/lib\libc.a(lib_a-isattyr.o)
                0x000000000305232c                _isatty_r
 .text          0x0000000003052380        0x0 c:/altera_lite/15.1/nios2eds/bin/gnu/h-x86_64-mingw32/bin/../lib/gcc/nios2-elf/4.9.2/../../../../../H-x86_64-mingw32/nios2-elf/lib\libc.a(lib_a-locale.o)
 .text._setlocale_r
                0x0000000003052380       0x7c c:/altera_lite/15.1/nios2eds/bin/gnu/h-x86_64-mingw32/bin/../lib/gcc/nios2-elf/4.9.2/../../../../../H-x86_64-mingw32/nios2-elf/lib\libc.a(lib_a-locale.o)
                0x0000000003052380                _setlocale_r
 .text.__locale_charset
                0x00000000030523fc        0xc c:/altera_lite/15.1/nios2eds/bin/gnu/h-x86_64-mingw32/bin/../lib/gcc/nios2-elf/4.9.2/../../../../../H-x86_64-mingw32/nios2-elf/lib\libc.a(lib_a-locale.o)
                0x00000000030523fc                __locale_charset
 .text.__locale_mb_cur_max
                0x0000000003052408       0x10 c:/altera_lite/15.1/nios2eds/bin/gnu/h-x86_64-mingw32/bin/../lib/gcc/nios2-elf/4.9.2/../../../../../H-x86_64-mingw32/nios2-elf/lib\libc.a(lib_a-locale.o)
                0x0000000003052408                __locale_mb_cur_max
 .text.__locale_msgcharset
                0x0000000003052418        0xc c:/altera_lite/15.1/nios2eds/bin/gnu/h-x86_64-mingw32/bin/../lib/gcc/nios2-elf/4.9.2/../../../../../H-x86_64-mingw32/nios2-elf/lib\libc.a(lib_a-locale.o)
                0x0000000003052418                __locale_msgcharset
 .text.__locale_cjk_lang
                0x0000000003052424        0x8 c:/altera_lite/15.1/nios2eds/bin/gnu/h-x86_64-mingw32/bin/../lib/gcc/nios2-elf/4.9.2/../../../../../H-x86_64-mingw32/nios2-elf/lib\libc.a(lib_a-locale.o)
                0x0000000003052424                __locale_cjk_lang
 .text._localeconv_r
                0x000000000305242c        0xc c:/altera_lite/15.1/nios2eds/bin/gnu/h-x86_64-mingw32/bin/../lib/gcc/nios2-elf/4.9.2/../../../../../H-x86_64-mingw32/nios2-elf/lib\libc.a(lib_a-locale.o)
                0x000000000305242c                _localeconv_r
 .text.setlocale
                0x0000000003052438       0x1c c:/altera_lite/15.1/nios2eds/bin/gnu/h-x86_64-mingw32/bin/../lib/gcc/nios2-elf/4.9.2/../../../../../H-x86_64-mingw32/nios2-elf/lib\libc.a(lib_a-locale.o)
                0x0000000003052438                setlocale
 .text.localeconv
                0x0000000003052454        0xc c:/altera_lite/15.1/nios2eds/bin/gnu/h-x86_64-mingw32/bin/../lib/gcc/nios2-elf/4.9.2/../../../../../H-x86_64-mingw32/nios2-elf/lib\libc.a(lib_a-locale.o)
                0x0000000003052454                localeconv
 .text          0x0000000003052460        0x0 c:/altera_lite/15.1/nios2eds/bin/gnu/h-x86_64-mingw32/bin/../lib/gcc/nios2-elf/4.9.2/../../../../../H-x86_64-mingw32/nios2-elf/lib\libc.a(lib_a-lseekr.o)
 .text._lseek_r
                0x0000000003052460       0x5c c:/altera_lite/15.1/nios2eds/bin/gnu/h-x86_64-mingw32/bin/../lib/gcc/nios2-elf/4.9.2/../../../../../H-x86_64-mingw32/nios2-elf/lib\libc.a(lib_a-lseekr.o)
                0x0000000003052460                _lseek_r
 .text          0x00000000030524bc        0x0 c:/altera_lite/15.1/nios2eds/bin/gnu/h-x86_64-mingw32/bin/../lib/gcc/nios2-elf/4.9.2/../../../../../H-x86_64-mingw32/nios2-elf/lib\libc.a(lib_a-memchr.o)
 .text.memchr   0x00000000030524bc       0xe8 c:/altera_lite/15.1/nios2eds/bin/gnu/h-x86_64-mingw32/bin/../lib/gcc/nios2-elf/4.9.2/../../../../../H-x86_64-mingw32/nios2-elf/lib\libc.a(lib_a-memchr.o)
                0x00000000030524bc                memchr
 .text          0x00000000030525a4        0x0 c:/altera_lite/15.1/nios2eds/bin/gnu/h-x86_64-mingw32/bin/../lib/gcc/nios2-elf/4.9.2/../../../../../H-x86_64-mingw32/nios2-elf/lib\libc.a(lib_a-memmove.o)
 .text.memmove  0x00000000030525a4      0x15c c:/altera_lite/15.1/nios2eds/bin/gnu/h-x86_64-mingw32/bin/../lib/gcc/nios2-elf/4.9.2/../../../../../H-x86_64-mingw32/nios2-elf/lib\libc.a(lib_a-memmove.o)
                0x00000000030525a4                memmove
 .text          0x0000000003052700        0x0 c:/altera_lite/15.1/nios2eds/bin/gnu/h-x86_64-mingw32/bin/../lib/gcc/nios2-elf/4.9.2/../../../../../H-x86_64-mingw32/nios2-elf/lib\libc.a(lib_a-mprec.o)
 .text._Balloc  0x0000000003052700       0xa8 c:/altera_lite/15.1/nios2eds/bin/gnu/h-x86_64-mingw32/bin/../lib/gcc/nios2-elf/4.9.2/../../../../../H-x86_64-mingw32/nios2-elf/lib\libc.a(lib_a-mprec.o)
                0x0000000003052700                _Balloc
 .text._Bfree   0x00000000030527a8       0x28 c:/altera_lite/15.1/nios2eds/bin/gnu/h-x86_64-mingw32/bin/../lib/gcc/nios2-elf/4.9.2/../../../../../H-x86_64-mingw32/nios2-elf/lib\libc.a(lib_a-mprec.o)
                0x00000000030527a8                _Bfree
 .text.__multadd
                0x00000000030527d0      0x120 c:/altera_lite/15.1/nios2eds/bin/gnu/h-x86_64-mingw32/bin/../lib/gcc/nios2-elf/4.9.2/../../../../../H-x86_64-mingw32/nios2-elf/lib\libc.a(lib_a-mprec.o)
                0x00000000030527d0                __multadd
 .text.__s2b    0x00000000030528f0      0x104 c:/altera_lite/15.1/nios2eds/bin/gnu/h-x86_64-mingw32/bin/../lib/gcc/nios2-elf/4.9.2/../../../../../H-x86_64-mingw32/nios2-elf/lib\libc.a(lib_a-mprec.o)
                0x00000000030528f0                __s2b
 .text.__hi0bits
                0x00000000030529f4       0x68 c:/altera_lite/15.1/nios2eds/bin/gnu/h-x86_64-mingw32/bin/../lib/gcc/nios2-elf/4.9.2/../../../../../H-x86_64-mingw32/nios2-elf/lib\libc.a(lib_a-mprec.o)
                0x00000000030529f4                __hi0bits
 .text.__lo0bits
                0x0000000003052a5c       0xb0 c:/altera_lite/15.1/nios2eds/bin/gnu/h-x86_64-mingw32/bin/../lib/gcc/nios2-elf/4.9.2/../../../../../H-x86_64-mingw32/nios2-elf/lib\libc.a(lib_a-mprec.o)
                0x0000000003052a5c                __lo0bits
 .text.__i2b    0x0000000003052b0c       0x3c c:/altera_lite/15.1/nios2eds/bin/gnu/h-x86_64-mingw32/bin/../lib/gcc/nios2-elf/4.9.2/../../../../../H-x86_64-mingw32/nios2-elf/lib\libc.a(lib_a-mprec.o)
                0x0000000003052b0c                __i2b
 .text.__multiply
                0x0000000003052b48      0x1fc c:/altera_lite/15.1/nios2eds/bin/gnu/h-x86_64-mingw32/bin/../lib/gcc/nios2-elf/4.9.2/../../../../../H-x86_64-mingw32/nios2-elf/lib\libc.a(lib_a-mprec.o)
                0x0000000003052b48                __multiply
 .text.__pow5mult
                0x0000000003052d44      0x140 c:/altera_lite/15.1/nios2eds/bin/gnu/h-x86_64-mingw32/bin/../lib/gcc/nios2-elf/4.9.2/../../../../../H-x86_64-mingw32/nios2-elf/lib\libc.a(lib_a-mprec.o)
                0x0000000003052d44                __pow5mult
 .text.__lshift
                0x0000000003052e84      0x150 c:/altera_lite/15.1/nios2eds/bin/gnu/h-x86_64-mingw32/bin/../lib/gcc/nios2-elf/4.9.2/../../../../../H-x86_64-mingw32/nios2-elf/lib\libc.a(lib_a-mprec.o)
                0x0000000003052e84                __lshift
 .text.__mcmp   0x0000000003052fd4       0x60 c:/altera_lite/15.1/nios2eds/bin/gnu/h-x86_64-mingw32/bin/../lib/gcc/nios2-elf/4.9.2/../../../../../H-x86_64-mingw32/nios2-elf/lib\libc.a(lib_a-mprec.o)
                0x0000000003052fd4                __mcmp
 .text.__mdiff  0x0000000003053034      0x198 c:/altera_lite/15.1/nios2eds/bin/gnu/h-x86_64-mingw32/bin/../lib/gcc/nios2-elf/4.9.2/../../../../../H-x86_64-mingw32/nios2-elf/lib\libc.a(lib_a-mprec.o)
                0x0000000003053034                __mdiff
 .text.__ulp    0x00000000030531cc       0x60 c:/altera_lite/15.1/nios2eds/bin/gnu/h-x86_64-mingw32/bin/../lib/gcc/nios2-elf/4.9.2/../../../../../H-x86_64-mingw32/nios2-elf/lib\libc.a(lib_a-mprec.o)
                0x00000000030531cc                __ulp
 .text.__b2d    0x000000000305322c      0x11c c:/altera_lite/15.1/nios2eds/bin/gnu/h-x86_64-mingw32/bin/../lib/gcc/nios2-elf/4.9.2/../../../../../H-x86_64-mingw32/nios2-elf/lib\libc.a(lib_a-mprec.o)
                0x000000000305322c                __b2d
 .text.__d2b    0x0000000003053348      0x13c c:/altera_lite/15.1/nios2eds/bin/gnu/h-x86_64-mingw32/bin/../lib/gcc/nios2-elf/4.9.2/../../../../../H-x86_64-mingw32/nios2-elf/lib\libc.a(lib_a-mprec.o)
                0x0000000003053348                __d2b
 .text.__ratio  0x0000000003053484       0xa4 c:/altera_lite/15.1/nios2eds/bin/gnu/h-x86_64-mingw32/bin/../lib/gcc/nios2-elf/4.9.2/../../../../../H-x86_64-mingw32/nios2-elf/lib\libc.a(lib_a-mprec.o)
                0x0000000003053484                __ratio
 .text._mprec_log10
                0x0000000003053528       0x74 c:/altera_lite/15.1/nios2eds/bin/gnu/h-x86_64-mingw32/bin/../lib/gcc/nios2-elf/4.9.2/../../../../../H-x86_64-mingw32/nios2-elf/lib\libc.a(lib_a-mprec.o)
                0x0000000003053528                _mprec_log10
 .text.__copybits
                0x000000000305359c       0x78 c:/altera_lite/15.1/nios2eds/bin/gnu/h-x86_64-mingw32/bin/../lib/gcc/nios2-elf/4.9.2/../../../../../H-x86_64-mingw32/nios2-elf/lib\libc.a(lib_a-mprec.o)
                0x000000000305359c                __copybits
 .text.__any_on
                0x0000000003053614       0x8c c:/altera_lite/15.1/nios2eds/bin/gnu/h-x86_64-mingw32/bin/../lib/gcc/nios2-elf/4.9.2/../../../../../H-x86_64-mingw32/nios2-elf/lib\libc.a(lib_a-mprec.o)
                0x0000000003053614                __any_on
 .text          0x00000000030536a0        0x0 c:/altera_lite/15.1/nios2eds/bin/gnu/h-x86_64-mingw32/bin/../lib/gcc/nios2-elf/4.9.2/../../../../../H-x86_64-mingw32/nios2-elf/lib\libc.a(lib_a-putc.o)
 .text._putc_r  0x00000000030536a0       0xa0 c:/altera_lite/15.1/nios2eds/bin/gnu/h-x86_64-mingw32/bin/../lib/gcc/nios2-elf/4.9.2/../../../../../H-x86_64-mingw32/nios2-elf/lib\libc.a(lib_a-putc.o)
                0x00000000030536a0                _putc_r
 .text.putc     0x0000000003053740       0xcc c:/altera_lite/15.1/nios2eds/bin/gnu/h-x86_64-mingw32/bin/../lib/gcc/nios2-elf/4.9.2/../../../../../H-x86_64-mingw32/nios2-elf/lib\libc.a(lib_a-putc.o)
                0x0000000003053740                putc
 .text          0x000000000305380c        0x0 c:/altera_lite/15.1/nios2eds/bin/gnu/h-x86_64-mingw32/bin/../lib/gcc/nios2-elf/4.9.2/../../../../../H-x86_64-mingw32/nios2-elf/lib\libc.a(lib_a-readr.o)
 .text._read_r  0x000000000305380c       0x5c c:/altera_lite/15.1/nios2eds/bin/gnu/h-x86_64-mingw32/bin/../lib/gcc/nios2-elf/4.9.2/../../../../../H-x86_64-mingw32/nios2-elf/lib\libc.a(lib_a-readr.o)
                0x000000000305380c                _read_r
 .text          0x0000000003053868        0x0 c:/altera_lite/15.1/nios2eds/bin/gnu/h-x86_64-mingw32/bin/../lib/gcc/nios2-elf/4.9.2/../../../../../H-x86_64-mingw32/nios2-elf/lib\libc.a(lib_a-reallocr.o)
 .text._realloc_r
                0x0000000003053868      0x568 c:/altera_lite/15.1/nios2eds/bin/gnu/h-x86_64-mingw32/bin/../lib/gcc/nios2-elf/4.9.2/../../../../../H-x86_64-mingw32/nios2-elf/lib\libc.a(lib_a-reallocr.o)
                0x0000000003053868                _realloc_r
 .text          0x0000000003053dd0        0x0 c:/altera_lite/15.1/nios2eds/bin/gnu/h-x86_64-mingw32/bin/../lib/gcc/nios2-elf/4.9.2/../../../../../H-x86_64-mingw32/nios2-elf/lib\libc.a(lib_a-s_fpclassify.o)
 .text.__fpclassifyd
                0x0000000003053dd0       0x74 c:/altera_lite/15.1/nios2eds/bin/gnu/h-x86_64-mingw32/bin/../lib/gcc/nios2-elf/4.9.2/../../../../../H-x86_64-mingw32/nios2-elf/lib\libc.a(lib_a-s_fpclassify.o)
                0x0000000003053dd0                __fpclassifyd
 .text          0x0000000003053e44        0x0 c:/altera_lite/15.1/nios2eds/bin/gnu/h-x86_64-mingw32/bin/../lib/gcc/nios2-elf/4.9.2/../../../../../H-x86_64-mingw32/nios2-elf/lib\libc.a(lib_a-svfiprintf.o)
 .text.__ssprint_r
                0x0000000003053e44      0x1cc c:/altera_lite/15.1/nios2eds/bin/gnu/h-x86_64-mingw32/bin/../lib/gcc/nios2-elf/4.9.2/../../../../../H-x86_64-mingw32/nios2-elf/lib\libc.a(lib_a-svfiprintf.o)
                0x0000000003053e44                __ssprint_r
 .text.___svfiprintf_internal_r
                0x0000000003054010     0x1038 c:/altera_lite/15.1/nios2eds/bin/gnu/h-x86_64-mingw32/bin/../lib/gcc/nios2-elf/4.9.2/../../../../../H-x86_64-mingw32/nios2-elf/lib\libc.a(lib_a-svfiprintf.o)
                0x0000000003054010                ___svfiprintf_internal_r
 .text          0x0000000003055048        0x0 c:/altera_lite/15.1/nios2eds/bin/gnu/h-x86_64-mingw32/bin/../lib/gcc/nios2-elf/4.9.2/../../../../../H-x86_64-mingw32/nios2-elf/lib\libc.a(lib_a-vfiprintf.o)
 .text.__sprint_r.part.0
                0x0000000003055048       0xfc c:/altera_lite/15.1/nios2eds/bin/gnu/h-x86_64-mingw32/bin/../lib/gcc/nios2-elf/4.9.2/../../../../../H-x86_64-mingw32/nios2-elf/lib\libc.a(lib_a-vfiprintf.o)
 .text.__sprint_r
                0x0000000003055144       0x18 c:/altera_lite/15.1/nios2eds/bin/gnu/h-x86_64-mingw32/bin/../lib/gcc/nios2-elf/4.9.2/../../../../../H-x86_64-mingw32/nios2-elf/lib\libc.a(lib_a-vfiprintf.o)
                0x0000000003055144                __sprint_r
 .text.___vfiprintf_internal_r
                0x000000000305515c     0x12d0 c:/altera_lite/15.1/nios2eds/bin/gnu/h-x86_64-mingw32/bin/../lib/gcc/nios2-elf/4.9.2/../../../../../H-x86_64-mingw32/nios2-elf/lib\libc.a(lib_a-vfiprintf.o)
                0x000000000305515c                ___vfiprintf_internal_r
 .text.__vfiprintf_internal
                0x000000000305642c       0x24 c:/altera_lite/15.1/nios2eds/bin/gnu/h-x86_64-mingw32/bin/../lib/gcc/nios2-elf/4.9.2/../../../../../H-x86_64-mingw32/nios2-elf/lib\libc.a(lib_a-vfiprintf.o)
                0x000000000305642c                __vfiprintf_internal
 .text.__sbprintf
                0x0000000003056450       0xbc c:/altera_lite/15.1/nios2eds/bin/gnu/h-x86_64-mingw32/bin/../lib/gcc/nios2-elf/4.9.2/../../../../../H-x86_64-mingw32/nios2-elf/lib\libc.a(lib_a-vfiprintf.o)
 .text          0x000000000305650c        0x0 c:/altera_lite/15.1/nios2eds/bin/gnu/h-x86_64-mingw32/bin/../lib/gcc/nios2-elf/4.9.2/../../../../../H-x86_64-mingw32/nios2-elf/lib\libc.a(lib_a-wbuf.o)
 .text.__swbuf_r
                0x000000000305650c      0x138 c:/altera_lite/15.1/nios2eds/bin/gnu/h-x86_64-mingw32/bin/../lib/gcc/nios2-elf/4.9.2/../../../../../H-x86_64-mingw32/nios2-elf/lib\libc.a(lib_a-wbuf.o)
                0x000000000305650c                __swbuf_r
 .text.__swbuf  0x0000000003056644       0x1c c:/altera_lite/15.1/nios2eds/bin/gnu/h-x86_64-mingw32/bin/../lib/gcc/nios2-elf/4.9.2/../../../../../H-x86_64-mingw32/nios2-elf/lib\libc.a(lib_a-wbuf.o)
                0x0000000003056644                __swbuf
 .text          0x0000000003056660        0x0 c:/altera_lite/15.1/nios2eds/bin/gnu/h-x86_64-mingw32/bin/../lib/gcc/nios2-elf/4.9.2/../../../../../H-x86_64-mingw32/nios2-elf/lib\libc.a(lib_a-callocr.o)
 .text._calloc_r
                0x0000000003056660       0xc4 c:/altera_lite/15.1/nios2eds/bin/gnu/h-x86_64-mingw32/bin/../lib/gcc/nios2-elf/4.9.2/../../../../../H-x86_64-mingw32/nios2-elf/lib\libc.a(lib_a-callocr.o)
                0x0000000003056660                _calloc_r
 .text          0x0000000003056724        0x0 c:/altera_lite/15.1/nios2eds/bin/gnu/h-x86_64-mingw32/bin/../lib/gcc/nios2-elf/4.9.2/../../../../../H-x86_64-mingw32/nios2-elf/lib\libc.a(lib_a-fputwc.o)
 .text._fputwc_r
                0x0000000003056724      0x184 c:/altera_lite/15.1/nios2eds/bin/gnu/h-x86_64-mingw32/bin/../lib/gcc/nios2-elf/4.9.2/../../../../../H-x86_64-mingw32/nios2-elf/lib\libc.a(lib_a-fputwc.o)
                0x0000000003056724                _fputwc_r
 .text.fputwc   0x00000000030568a8       0x5c c:/altera_lite/15.1/nios2eds/bin/gnu/h-x86_64-mingw32/bin/../lib/gcc/nios2-elf/4.9.2/../../../../../H-x86_64-mingw32/nios2-elf/lib\libc.a(lib_a-fputwc.o)
                0x00000000030568a8                fputwc
 .text          0x0000000003056904        0x0 c:/altera_lite/15.1/nios2eds/bin/gnu/h-x86_64-mingw32/bin/../lib/gcc/nios2-elf/4.9.2/../../../../../H-x86_64-mingw32/nios2-elf/lib\libc.a(lib_a-wcrtomb.o)
 .text._wcrtomb_r
                0x0000000003056904       0x9c c:/altera_lite/15.1/nios2eds/bin/gnu/h-x86_64-mingw32/bin/../lib/gcc/nios2-elf/4.9.2/../../../../../H-x86_64-mingw32/nios2-elf/lib\libc.a(lib_a-wcrtomb.o)
                0x0000000003056904                _wcrtomb_r
 .text.wcrtomb  0x00000000030569a0       0xc0 c:/altera_lite/15.1/nios2eds/bin/gnu/h-x86_64-mingw32/bin/../lib/gcc/nios2-elf/4.9.2/../../../../../H-x86_64-mingw32/nios2-elf/lib\libc.a(lib_a-wcrtomb.o)
                0x00000000030569a0                wcrtomb
 .text          0x0000000003056a60        0x0 c:/altera_lite/15.1/nios2eds/bin/gnu/h-x86_64-mingw32/bin/../lib/gcc/nios2-elf/4.9.2/../../../../../H-x86_64-mingw32/nios2-elf/lib\libc.a(lib_a-wctomb_r.o)
 .text.__ascii_wctomb
                0x0000000003056a60       0x30 c:/altera_lite/15.1/nios2eds/bin/gnu/h-x86_64-mingw32/bin/../lib/gcc/nios2-elf/4.9.2/../../../../../H-x86_64-mingw32/nios2-elf/lib\libc.a(lib_a-wctomb_r.o)
                0x0000000003056a60                __ascii_wctomb
 .text._wctomb_r
                0x0000000003056a90       0x5c c:/altera_lite/15.1/nios2eds/bin/gnu/h-x86_64-mingw32/bin/../lib/gcc/nios2-elf/4.9.2/../../../../../H-x86_64-mingw32/nios2-elf/lib\libc.a(lib_a-wctomb_r.o)
                0x0000000003056a90                _wctomb_r
 .text          0x0000000003056aec      0x5c0 c:/altera_lite/15.1/nios2eds/bin/gnu/h-x86_64-mingw32/bin/../lib/gcc/nios2-elf/4.9.2\libgcc.a(_udivdi3.o)
                0x0000000003056aec                __udivdi3
 .text          0x00000000030570ac      0x590 c:/altera_lite/15.1/nios2eds/bin/gnu/h-x86_64-mingw32/bin/../lib/gcc/nios2-elf/4.9.2\libgcc.a(_umoddi3.o)
                0x00000000030570ac                __umoddi3
 .text          0x000000000305763c      0x89c c:/altera_lite/15.1/nios2eds/bin/gnu/h-x86_64-mingw32/bin/../lib/gcc/nios2-elf/4.9.2\libgcc.a(adddf3.o)
                0x000000000305763c                __adddf3
 .text          0x0000000003057ed8       0x84 c:/altera_lite/15.1/nios2eds/bin/gnu/h-x86_64-mingw32/bin/../lib/gcc/nios2-elf/4.9.2\libgcc.a(eqdf2.o)
                0x0000000003057ed8                __nedf2
                0x0000000003057ed8                __eqdf2
 .text          0x0000000003057f5c       0xe0 c:/altera_lite/15.1/nios2eds/bin/gnu/h-x86_64-mingw32/bin/../lib/gcc/nios2-elf/4.9.2\libgcc.a(gedf2.o)
                0x0000000003057f5c                __gedf2
                0x0000000003057f5c                __gtdf2
 .text          0x000000000305803c       0xe0 c:/altera_lite/15.1/nios2eds/bin/gnu/h-x86_64-mingw32/bin/../lib/gcc/nios2-elf/4.9.2\libgcc.a(ledf2.o)
                0x000000000305803c                __ledf2
                0x000000000305803c                __ltdf2
 .text          0x000000000305811c      0x724 c:/altera_lite/15.1/nios2eds/bin/gnu/h-x86_64-mingw32/bin/../lib/gcc/nios2-elf/4.9.2\libgcc.a(muldf3.o)
                0x000000000305811c                __muldf3
 .text          0x0000000003058840      0x8d0 c:/altera_lite/15.1/nios2eds/bin/gnu/h-x86_64-mingw32/bin/../lib/gcc/nios2-elf/4.9.2\libgcc.a(subdf3.o)
                0x0000000003058840                __subdf3
 .text          0x0000000003059110       0x88 c:/altera_lite/15.1/nios2eds/bin/gnu/h-x86_64-mingw32/bin/../lib/gcc/nios2-elf/4.9.2\libgcc.a(fixdfsi.o)
                0x0000000003059110                __fixdfsi
 .text          0x0000000003059198       0xd0 c:/altera_lite/15.1/nios2eds/bin/gnu/h-x86_64-mingw32/bin/../lib/gcc/nios2-elf/4.9.2\libgcc.a(floatsidf.o)
                0x0000000003059198                __floatsidf
 .text          0x0000000003059268       0xa4 c:/altera_lite/15.1/nios2eds/bin/gnu/h-x86_64-mingw32/bin/../lib/gcc/nios2-elf/4.9.2\libgcc.a(floatunsidf.o)
                0x0000000003059268                __floatunsidf
 .text          0x000000000305930c      0x120 ../KBS_bsp/\libucosii_bsp.a(alt_close.o)
                0x000000000305935c                close
 .text          0x000000000305942c       0x2c ../KBS_bsp/\libucosii_bsp.a(alt_dev.o)
 .text          0x0000000003059458        0x0 ../KBS_bsp/\libucosii_bsp.a(alt_errno.o)
 .text          0x0000000003059458      0x100 ../KBS_bsp/\libucosii_bsp.a(alt_fstat.o)
                0x00000000030594a8                fstat
 .text          0x0000000003059558       0xf4 ../KBS_bsp/\libucosii_bsp.a(alt_isatty.o)
                0x00000000030595a8                isatty
 .text          0x000000000305964c       0xe4 ../KBS_bsp/\libucosii_bsp.a(alt_load.o)
                0x00000000030596b0                alt_load
 .text          0x0000000003059730      0x124 ../KBS_bsp/\libucosii_bsp.a(alt_lseek.o)
                0x0000000003059780                lseek
 .text          0x0000000003059854       0xd4 ../KBS_bsp/\libucosii_bsp.a(alt_main.o)
                0x0000000003059854                alt_main
 .text          0x0000000003059928      0x274 ../KBS_bsp/\libucosii_bsp.a(alt_open.o)
                0x0000000003059a44                open
 .text          0x0000000003059b9c      0x14c ../KBS_bsp/\libucosii_bsp.a(alt_read.o)
                0x0000000003059bec                read
 .text          0x0000000003059ce8       0x60 ../KBS_bsp/\libucosii_bsp.a(alt_release_fd.o)
                0x0000000003059ce8                alt_release_fd
 .text          0x0000000003059d48       0xb0 ../KBS_bsp/\libucosii_bsp.a(alt_sbrk.o)
                0x0000000003059d48                sbrk
 .text          0x0000000003059df8      0x19c ../KBS_bsp/\libucosii_bsp.a(alt_tick.o)
                0x0000000003059df8                alt_alarm_stop
                0x0000000003059e90                alt_tick
 .text          0x0000000003059f94      0x124 ../KBS_bsp/\libucosii_bsp.a(alt_usleep.o)
                0x0000000003059f94                usleep
 .text          0x000000000305a0b8      0x148 ../KBS_bsp/\libucosii_bsp.a(alt_write.o)
                0x000000000305a108                write
 .text          0x000000000305a200      0x11c ../KBS_bsp/\libucosii_bsp.a(alt_env_lock.o)
                0x000000000305a200                __env_lock
                0x000000000305a2c0                __env_unlock
 .text          0x000000000305a31c      0x1f0 ../KBS_bsp/\libucosii_bsp.a(alt_malloc_lock.o)
                0x000000000305a31c                __malloc_lock
                0x000000000305a43c                __malloc_unlock
 .text          0x000000000305a50c     0x1fe0 ../KBS_bsp/\libucosii_bsp.a(os_core.o)
                0x000000000305a50c                OSEventNameGet
                0x000000000305a62c                OSEventNameSet
                0x000000000305a768                OSEventPendMulti
                0x000000000305ad78                OSInit
                0x000000000305adcc                OSIntEnter
                0x000000000305ae48                OSIntExit
                0x000000000305af3c                OSSchedLock
                0x000000000305afc4                OSSchedUnlock
                0x000000000305b09c                OSStart
                0x000000000305b108                OSStatInit
                0x000000000305b1b4                OSTimeTick
                0x000000000305b3d0                OSVersion
                0x000000000305b3f0                OS_Dummy
                0x000000000305b40c                OS_EventTaskRdy
                0x000000000305b5a4                OS_EventTaskWait
                0x000000000305b6b0                OS_EventTaskWaitMulti
                0x000000000305b7fc                OS_EventTaskRemove
                0x000000000305b8b0                OS_EventTaskRemoveMulti
                0x000000000305b9ac                OS_EventWaitListInit
                0x000000000305bd70                OS_MemClr
                0x000000000305bdc0                OS_MemCopy
                0x000000000305be24                OS_Sched
                0x000000000305bf60                OS_StrCopy
                0x000000000305bfd4                OS_StrLen
                0x000000000305c028                OS_TaskIdle
                0x000000000305c084                OS_TaskStat
                0x000000000305c150                OS_TaskStatStkChk
                0x000000000305c218                OS_TCBInit
 .text          0x000000000305c4ec      0x18c ../KBS_bsp/\libucosii_bsp.a(os_dbg.o)
                0x000000000305c4ec                OSDebugInit
 .text          0x000000000305c678     0x181c ../KBS_bsp/\libucosii_bsp.a(os_flag.o)
                0x000000000305c678                OSFlagAccept
                0x000000000305c980                OSFlagCreate
                0x000000000305caa8                OSFlagDel
                0x000000000305cd18                OSFlagNameGet
                0x000000000305ce48                OSFlagNameSet
                0x000000000305cf98                OSFlagPend
                0x000000000305d588                OSFlagPendGetFlagsRdy
                0x000000000305d5f0                OSFlagPost
                0x000000000305d978                OSFlagQuery
                0x000000000305dc00                OS_FlagInit
                0x000000000305ddf4                OS_FlagUnlink
 .text          0x000000000305de94      0x784 ../KBS_bsp/\libucosii_bsp.a(os_mem.o)
                0x000000000305de94                OSMemCreate
                0x000000000305e088                OSMemGet
                0x000000000305e178                OSMemNameGet
                0x000000000305e270                OSMemNameSet
                0x000000000305e388                OSMemPut
                0x000000000305e460                OSMemQuery
                0x000000000305e548                OS_MemInit
 .text          0x000000000305e618     0x1210 ../KBS_bsp/\libucosii_bsp.a(os_q.o)
                0x000000000305e618                OSQAccept
                0x000000000305e758                OSQCreate
                0x000000000305e954                OSQDel
                0x000000000305ec1c                OSQFlush
                0x000000000305ecd4                OSQPend
                0x000000000305efd0                OSQPendAbort
                0x000000000305f13c                OSQPost
                0x000000000305f2a4                OSQPostFront
                0x000000000305f414                OSQPostOpt
                0x000000000305f620                OSQQuery
                0x000000000305f77c                OS_QInit
 .text          0x000000000305f828      0xb08 ../KBS_bsp/\libucosii_bsp.a(os_sem.o)
                0x000000000305f828                OSSemAccept
                0x000000000305f8d8                OSSemCreate
                0x000000000305f9d8                OSSemDel
                0x000000000305fc40                OSSemPend
                0x000000000305fea8                OSSemPendAbort
                0x0000000003060014                OSSemPost
                0x0000000003060124                OSSemQuery
                0x0000000003060234                OSSemSet
 .text          0x0000000003060330     0x18f4 ../KBS_bsp/\libucosii_bsp.a(os_task.o)
                0x0000000003060330                OSTaskChangePrio
                0x0000000003060870                OSTaskCreate
                0x0000000003060a2c                OSTaskCreateExt
                0x0000000003060c18                OSTaskDel
                0x0000000003060ff8                OSTaskDelReq
                0x0000000003061150                OSTaskNameGet
                0x00000000030612f8                OSTaskNameSet
                0x00000000030614b8                OSTaskResume
                0x00000000030616b0                OSTaskStkChk
                0x0000000003061878                OSTaskSuspend
                0x0000000003061a8c                OSTaskQuery
                0x0000000003061bb8                OS_TaskStkClr
 .text          0x0000000003061c24      0x55c ../KBS_bsp/\libucosii_bsp.a(os_time.o)
                0x0000000003061c24                OSTimeDly
                0x0000000003061d6c                OSTimeDlyHMSM
                0x0000000003061ec8                OSTimeDlyResume
                0x00000000030620b8                OSTimeGet
                0x000000000306211c                OSTimeSet
 .text          0x0000000003062180      0x10c ../KBS_bsp/\libucosii_bsp.a(alt_sys_init.o)
                0x00000000030621b8                alt_irq_init
                0x00000000030621ec                alt_sys_init
 .text          0x000000000306228c      0x88c ../KBS_bsp/\libucosii_bsp.a(altera_avalon_cfi_flash.o)
                0x00000000030622c4                alt_flash_cfi_init
                0x0000000003062354                alt_flash_cfi_write
                0x00000000030625fc                alt_flash_cfi_get_info
                0x0000000003062688                alt_flash_cfi_read
                0x00000000030626ec                alt_write_value_to_flash
                0x0000000003062844                alt_flash_program_block
 .text          0x0000000003062b18     0x1454 ../KBS_bsp/\libucosii_bsp.a(altera_avalon_cfi_flash_table.o)
                0x0000000003062b18                alt_read_query_entry_8bit
                0x0000000003062b54                alt_read_query_entry_16bit
                0x0000000003062b94                alt_read_query_entry_32bit
                0x0000000003062bd4                alt_write_flash_command_8bit_device_8bit_mode
                0x0000000003062c18                alt_write_flash_command_16bit_device_8bit_mode
                0x0000000003062c90                alt_write_flash_command_32bit_device_8bit_mode
                0x0000000003062ce0                alt_write_flash_command_16bit_device_16bit_mode
                0x0000000003062d2c                alt_write_flash_command_32bit_device_16bit_mode
                0x0000000003062d7c                alt_write_flash_command_32bit_device_32bit_mode
                0x0000000003062dcc                alt_write_native_8bit
                0x0000000003062e04                alt_write_native_16bit
                0x0000000003062e3c                alt_write_native_32bit
                0x0000000003062e70                alt_set_flash_width_func
                0x000000000306302c                alt_set_flash_algorithm_func
                0x0000000003063148                alt_read_cfi_table
                0x0000000003063710                alt_read_cfi_width
                0x0000000003063e94                alt_check_primary_table
 .text          0x0000000003063f6c      0x164 ../KBS_bsp/\libucosii_bsp.a(altera_avalon_jtag_uart_fd.o)
                0x0000000003063f6c                altera_avalon_jtag_uart_read_fd
                0x0000000003063fcc                altera_avalon_jtag_uart_write_fd
                0x000000000306402c                altera_avalon_jtag_uart_close_fd
                0x000000000306407c                altera_avalon_jtag_uart_ioctl_fd
 .text          0x00000000030640d0      0x568 ../KBS_bsp/\libucosii_bsp.a(altera_avalon_jtag_uart_init.o)
                0x00000000030640d0                altera_avalon_jtag_uart_init
                0x00000000030645d0                altera_avalon_jtag_uart_close
 .text          0x0000000003064638       0xec ../KBS_bsp/\libucosii_bsp.a(altera_avalon_jtag_uart_ioctl.o)
                0x0000000003064638                altera_avalon_jtag_uart_ioctl
 .text          0x0000000003064724      0x2b4 ../KBS_bsp/\libucosii_bsp.a(altera_avalon_jtag_uart_read.o)
                0x0000000003064724                altera_avalon_jtag_uart_read
 .text          0x00000000030649d8      0x2c0 ../KBS_bsp/\libucosii_bsp.a(altera_avalon_jtag_uart_write.o)
                0x00000000030649d8                altera_avalon_jtag_uart_write
 .text          0x0000000003064c98      0xed4 ../KBS_bsp/\libucosii_bsp.a(altera_avalon_lcd_16207.o)
                0x000000000306543c                altera_avalon_lcd_16207_write
                0x0000000003065a08                altera_avalon_lcd_16207_init
 .text          0x0000000003065b6c       0x60 ../KBS_bsp/\libucosii_bsp.a(altera_avalon_lcd_16207_fd.o)
                0x0000000003065b6c                altera_avalon_lcd_16207_write_fd
 .text          0x0000000003065bcc       0xfc ../KBS_bsp/\libucosii_bsp.a(altera_avalon_timer_sc.o)
                0x0000000003065c40                alt_avalon_timer_sc_init
 .text          0x0000000003065cc8      0x110 ../KBS_bsp/\libucosii_bsp.a(altera_avalon_uart_fd.o)
                0x0000000003065cc8                altera_avalon_uart_read_fd
                0x0000000003065d28                altera_avalon_uart_write_fd
                0x0000000003065d88                altera_avalon_uart_close_fd
 .text          0x0000000003065dd8      0x524 ../KBS_bsp/\libucosii_bsp.a(altera_avalon_uart_init.o)
                0x0000000003065dd8                altera_avalon_uart_init
                0x00000000030662a8                altera_avalon_uart_close
 .text          0x00000000030662fc      0x2b8 ../KBS_bsp/\libucosii_bsp.a(altera_avalon_uart_read.o)
                0x000000000306634c                altera_avalon_uart_read
 .text          0x00000000030665b4      0x288 ../KBS_bsp/\libucosii_bsp.a(altera_avalon_uart_write.o)
                0x0000000003066604                altera_avalon_uart_write
 .text          0x000000000306683c      0x140 ../KBS_bsp/\libucosii_bsp.a(alt_alarm_start.o)
                0x000000000306683c                alt_alarm_start
 .text          0x000000000306697c      0x158 ../KBS_bsp/\libucosii_bsp.a(alt_busy_sleep.o)
                0x000000000306697c                alt_busy_sleep
 .text          0x0000000003066ad4       0x74 ../KBS_bsp/\libucosii_bsp.a(alt_dcache_flush.o)
                0x0000000003066ad4                alt_dcache_flush
 .text          0x0000000003066b48       0x44 ../KBS_bsp/\libucosii_bsp.a(alt_dcache_flush_all.o)
                0x0000000003066b48                alt_dcache_flush_all
 .text          0x0000000003066b8c       0xf4 ../KBS_bsp/\libucosii_bsp.a(alt_dev_llist_insert.o)
                0x0000000003066bdc                alt_dev_llist_insert
 .text          0x0000000003066c80       0x5c ../KBS_bsp/\libucosii_bsp.a(alt_do_ctors.o)
                0x0000000003066c80                _do_ctors
 .text          0x0000000003066cdc       0x5c ../KBS_bsp/\libucosii_bsp.a(alt_do_dtors.o)
                0x0000000003066cdc                _do_dtors
 .text          0x0000000003066d38       0x90 ../KBS_bsp/\libucosii_bsp.a(alt_find_dev.o)
                0x0000000003066d38                alt_find_dev
 .text          0x0000000003066dc8      0x114 ../KBS_bsp/\libucosii_bsp.a(alt_find_file.o)
                0x0000000003066dc8                alt_find_file
 .text          0x0000000003066edc       0xb8 ../KBS_bsp/\libucosii_bsp.a(alt_flash_dev.o)
                0x0000000003066edc                alt_flash_open_dev
                0x0000000003066f44                alt_flash_close_dev
 .text          0x0000000003066f94       0xfc ../KBS_bsp/\libucosii_bsp.a(alt_get_fd.o)
                0x0000000003066f94                alt_get_fd
 .text          0x0000000003067090       0x30 ../KBS_bsp/\libucosii_bsp.a(alt_icache_flush_all.o)
                0x0000000003067090                alt_icache_flush_all
 .text          0x00000000030670c0      0x1e0 ../KBS_bsp/\libucosii_bsp.a(alt_iic.o)
                0x00000000030670c0                alt_ic_isr_register
                0x0000000003067110                alt_ic_irq_enable
                0x00000000030671b0                alt_ic_irq_disable
                0x0000000003067254                alt_ic_irq_enabled
 .text          0x00000000030672a0       0xf0 ../KBS_bsp/\libucosii_bsp.a(alt_iic_isr_register.o)
                0x00000000030672a0                alt_iic_isr_register
 .text          0x0000000003067390      0x138 ../KBS_bsp/\libucosii_bsp.a(alt_io_redirect.o)
                0x0000000003067450                alt_io_redirect
 .text          0x00000000030674c8        0x0 ../KBS_bsp/\libucosii_bsp.a(alt_irq_entry.o)
 .text          0x00000000030674c8        0x0 ../KBS_bsp/\libucosii_bsp.a(alt_irq_handler.o)
 .text          0x00000000030674c8        0x0 ../KBS_bsp/\libucosii_bsp.a(alt_irq_vars.o)
 .text          0x00000000030674c8       0x20 ../KBS_bsp/\libucosii_bsp.a(altera_nios2_qsys_irq.o)
                0x00000000030674c8                altera_nios2_qsys_irq_init
 .text          0x00000000030674e8       0xd0 ../KBS_bsp/\libucosii_bsp.a(os_cpu_a.o)
                0x00000000030674e8                OSCtxSw
                0x00000000030674e8                OSIntCtxSw
                0x0000000003067574                OSStartHighRdy
                0x0000000003067594                OSStartTsk
 .text          0x00000000030675b8      0x264 ../KBS_bsp/\libucosii_bsp.a(os_cpu_c.o)
                0x00000000030675b8                OSTaskStkInit
                0x0000000003067714                OSTaskCreateHook
                0x0000000003067734                OSTaskDelHook
                0x0000000003067754                OSTaskSwHook
                0x0000000003067770                OSTaskStatHook
                0x000000000306778c                OSTimeTickHook
                0x00000000030677a8                OSInitHookBegin
                0x00000000030677c4                OSInitHookEnd
                0x00000000030677e0                OSTaskIdleHook
                0x00000000030677fc                OSTCBInitHook
 .text          0x000000000306781c      0x460 ../KBS_bsp/\libucosii_bsp.a(altera_avalon_cfi_flash_amd.o)
                0x000000000306781c                alt_program_amd
                0x0000000003067884                alt_erase_block_amd
 .text          0x0000000003067c7c      0x454 ../KBS_bsp/\libucosii_bsp.a(altera_avalon_cfi_flash_intel.o)
                0x0000000003067c7c                alt_program_intel
                0x0000000003067cfc                alt_erase_block_intel
 .text          0x00000000030680d0        0x0 ../KBS_bsp/\libucosii_bsp.a(alt_exception_entry.o)
 .text          0x00000000030680d0       0x8c ../KBS_bsp/\libucosii_bsp.a(alt_icache_flush.o)
                0x00000000030680d0                alt_icache_flush
 .text          0x000000000306815c        0x0 c:/altera_lite/15.1/nios2eds/bin/gnu/h-x86_64-mingw32/bin/../lib/gcc/nios2-elf/4.9.2/../../../../../H-x86_64-mingw32/nios2-elf/lib\libc.a(lib_a-atexit.o)
 .text.atexit   0x000000000306815c       0x14 c:/altera_lite/15.1/nios2eds/bin/gnu/h-x86_64-mingw32/bin/../lib/gcc/nios2-elf/4.9.2/../../../../../H-x86_64-mingw32/nios2-elf/lib\libc.a(lib_a-atexit.o)
                0x000000000306815c                atexit
 .text          0x0000000003068170        0x0 c:/altera_lite/15.1/nios2eds/bin/gnu/h-x86_64-mingw32/bin/../lib/gcc/nios2-elf/4.9.2/../../../../../H-x86_64-mingw32/nios2-elf/lib\libc.a(lib_a-exit.o)
 .text.exit     0x0000000003068170       0x38 c:/altera_lite/15.1/nios2eds/bin/gnu/h-x86_64-mingw32/bin/../lib/gcc/nios2-elf/4.9.2/../../../../../H-x86_64-mingw32/nios2-elf/lib\libc.a(lib_a-exit.o)
                0x0000000003068170                exit
 .text          0x00000000030681a8        0x0 c:/altera_lite/15.1/nios2eds/bin/gnu/h-x86_64-mingw32/bin/../lib/gcc/nios2-elf/4.9.2/../../../../../H-x86_64-mingw32/nios2-elf/lib\libc.a(lib_a-memcmp.o)
 .text.memcmp   0x00000000030681a8       0x7c c:/altera_lite/15.1/nios2eds/bin/gnu/h-x86_64-mingw32/bin/../lib/gcc/nios2-elf/4.9.2/../../../../../H-x86_64-mingw32/nios2-elf/lib\libc.a(lib_a-memcmp.o)
                0x00000000030681a8                memcmp
 .text          0x0000000003068224        0x0 c:/altera_lite/15.1/nios2eds/bin/gnu/h-x86_64-mingw32/bin/../lib/gcc/nios2-elf/4.9.2/../../../../../H-x86_64-mingw32/nios2-elf/lib\libc.a(lib_a-__atexit.o)
 .text.__register_exitproc
                0x0000000003068224      0x114 c:/altera_lite/15.1/nios2eds/bin/gnu/h-x86_64-mingw32/bin/../lib/gcc/nios2-elf/4.9.2/../../../../../H-x86_64-mingw32/nios2-elf/lib\libc.a(lib_a-__atexit.o)
                0x0000000003068224                __register_exitproc
 .text          0x0000000003068338        0x0 c:/altera_lite/15.1/nios2eds/bin/gnu/h-x86_64-mingw32/bin/../lib/gcc/nios2-elf/4.9.2/../../../../../H-x86_64-mingw32/nios2-elf/lib\libc.a(lib_a-__call_atexit.o)
 .text.__call_exitprocs
                0x0000000003068338      0x194 c:/altera_lite/15.1/nios2eds/bin/gnu/h-x86_64-mingw32/bin/../lib/gcc/nios2-elf/4.9.2/../../../../../H-x86_64-mingw32/nios2-elf/lib\libc.a(lib_a-__call_atexit.o)
                0x0000000003068338                __call_exitprocs
 .text          0x00000000030684cc       0x3c ../KBS_bsp/\libucosii_bsp.a(alt_exit.o)
                0x00000000030684cc                _exit
 *(.gnu.warning.*)
 *(.fini)
                0x0000000003068508                PROVIDE (__etext, ABSOLUTE (.))
                0x0000000003068508                PROVIDE (_etext, ABSOLUTE (.))
                0x0000000003068508                PROVIDE (etext, ABSOLUTE (.))
 *(.eh_frame_hdr)
                0x0000000003068508                . = ALIGN (0x4)
                0x0000000003068508                PROVIDE (__preinit_array_start, ABSOLUTE (.))
 *(.preinit_array)
                0x0000000003068508                PROVIDE (__preinit_array_end, ABSOLUTE (.))
                0x0000000003068508                PROVIDE (__init_array_start, ABSOLUTE (.))
 *(.init_array)
                0x0000000003068508                PROVIDE (__init_array_end, ABSOLUTE (.))
                0x0000000003068508                PROVIDE (__fini_array_start, ABSOLUTE (.))
 *(.fini_array)
                0x0000000003068508                PROVIDE (__fini_array_end, ABSOLUTE (.))
 *(.eh_frame)
 *(.gcc_except_table .gcc_except_table.*)
 *(.dynamic)
                0x0000000003068508                PROVIDE (__CTOR_LIST__, ABSOLUTE (.))
 *(.ctors)
 *(SORT(.ctors.*))
                0x0000000003068508                PROVIDE (__CTOR_END__, ABSOLUTE (.))
                0x0000000003068508                PROVIDE (__DTOR_LIST__, ABSOLUTE (.))
 *(.dtors)
 *(SORT(.dtors.*))
                0x0000000003068508                PROVIDE (__DTOR_END__, ABSOLUTE (.))
 *(.jcr)
                0x0000000003068508                . = ALIGN (0x4)

.rodata         0x0000000003068508     0x11e0
                0x0000000003068508                PROVIDE (__ram_rodata_start, ABSOLUTE (.))
                0x0000000003068508                . = ALIGN (0x4)
 *(.rodata .rodata.* .gnu.linkonce.r.*)
 .rodata        0x0000000003068508      0x1c4 obj/default/functions.o
 .rodata        0x00000000030686cc      0x10c obj/default/hello_ucosii.o
 .rodata        0x00000000030687d8       0xa8 obj/default/terasic_fat/FatFileSystem.o
 .rodata        0x0000000003068880      0x2dc obj/default/terasic_fat/FatInternal.o
 .rodata        0x0000000003068b5c       0xd4 obj/default/terasic_lib/AUDIO.o
 .rodata        0x0000000003068c30       0x88 obj/default/terasic_lib/I2C.o
 .rodata        0x0000000003068cb8       0x10 obj/default/terasic_lib/LCD.o
 .rodata        0x0000000003068cc8       0x10 obj/default/terasic_lib/debug.o
 .rodata        0x0000000003068cd8      0x200 obj/default/terasic_sdcard/crc16.o
 .rodata        0x0000000003068ed8      0x100 obj/default/terasic_sdcard/crc7.o
 .rodata        0x0000000003068fd8      0x100 c:/altera_lite/15.1/nios2eds/bin/gnu/h-x86_64-mingw32/bin/../lib/gcc/nios2-elf/4.9.2\libgcc.a(_clz.o)
                0x0000000003068fd8                __clz_tab
 .rodata.str1.4
                0x00000000030690d8        0x2 c:/altera_lite/15.1/nios2eds/bin/gnu/h-x86_64-mingw32/bin/../lib/gcc/nios2-elf/4.9.2/../../../../../H-x86_64-mingw32/nios2-elf/lib\libc.a(lib_a-impure.o)
                                          0x4 (size before relaxing)
 *fill*         0x00000000030690da        0x2 
 .rodata.str1.4
                0x00000000030690dc        0x2 c:/altera_lite/15.1/nios2eds/bin/gnu/h-x86_64-mingw32/bin/../lib/gcc/nios2-elf/4.9.2/../../../../../H-x86_64-mingw32/nios2-elf/lib\libc.a(lib_a-puts.o)
                                          0x4 (size before relaxing)
 *fill*         0x00000000030690de        0x2 
 .rodata.str1.4
                0x00000000030690e0       0x42 c:/altera_lite/15.1/nios2eds/bin/gnu/h-x86_64-mingw32/bin/../lib/gcc/nios2-elf/4.9.2/../../../../../H-x86_64-mingw32/nios2-elf/lib\libc.a(lib_a-svfprintf.o)
                                         0x44 (size before relaxing)
 .rodata.zeroes.4240
                0x0000000003069122       0x10 c:/altera_lite/15.1/nios2eds/bin/gnu/h-x86_64-mingw32/bin/../lib/gcc/nios2-elf/4.9.2/../../../../../H-x86_64-mingw32/nios2-elf/lib\libc.a(lib_a-svfprintf.o)
 .rodata.blanks.4239
                0x0000000003069132       0x10 c:/altera_lite/15.1/nios2eds/bin/gnu/h-x86_64-mingw32/bin/../lib/gcc/nios2-elf/4.9.2/../../../../../H-x86_64-mingw32/nios2-elf/lib\libc.a(lib_a-svfprintf.o)
 .rodata.str1.4
                0x0000000000000000       0x44 c:/altera_lite/15.1/nios2eds/bin/gnu/h-x86_64-mingw32/bin/../lib/gcc/nios2-elf/4.9.2/../../../../../H-x86_64-mingw32/nios2-elf/lib\libc.a(lib_a-vfprintf.o)
 .rodata.zeroes.4255
                0x0000000003069142       0x10 c:/altera_lite/15.1/nios2eds/bin/gnu/h-x86_64-mingw32/bin/../lib/gcc/nios2-elf/4.9.2/../../../../../H-x86_64-mingw32/nios2-elf/lib\libc.a(lib_a-vfprintf.o)
 .rodata.blanks.4254
                0x0000000003069152       0x10 c:/altera_lite/15.1/nios2eds/bin/gnu/h-x86_64-mingw32/bin/../lib/gcc/nios2-elf/4.9.2/../../../../../H-x86_64-mingw32/nios2-elf/lib\libc.a(lib_a-vfprintf.o)
 .rodata._ctype_
                0x0000000003069162      0x101 c:/altera_lite/15.1/nios2eds/bin/gnu/h-x86_64-mingw32/bin/../lib/gcc/nios2-elf/4.9.2/../../../../../H-x86_64-mingw32/nios2-elf/lib\libc.a(lib_a-ctype_.o)
                0x0000000003069162                _ctype_
 .rodata._ctype_b
                0x0000000003069263      0x180 c:/altera_lite/15.1/nios2eds/bin/gnu/h-x86_64-mingw32/bin/../lib/gcc/nios2-elf/4.9.2/../../../../../H-x86_64-mingw32/nios2-elf/lib\libc.a(lib_a-ctype_.o)
 *fill*         0x00000000030693e3        0x1 
 .rodata.str1.4
                0x00000000030693e4       0x10 c:/altera_lite/15.1/nios2eds/bin/gnu/h-x86_64-mingw32/bin/../lib/gcc/nios2-elf/4.9.2/../../../../../H-x86_64-mingw32/nios2-elf/lib\libc.a(lib_a-dtoa.o)
                                         0x14 (size before relaxing)
 .rodata.str1.4
                0x00000000030693f4        0xc c:/altera_lite/15.1/nios2eds/bin/gnu/h-x86_64-mingw32/bin/../lib/gcc/nios2-elf/4.9.2/../../../../../H-x86_64-mingw32/nios2-elf/lib\libc.a(lib_a-locale.o)
                                         0x14 (size before relaxing)
 .rodata.p05.2710
                0x0000000003069400        0xc c:/altera_lite/15.1/nios2eds/bin/gnu/h-x86_64-mingw32/bin/../lib/gcc/nios2-elf/4.9.2/../../../../../H-x86_64-mingw32/nios2-elf/lib\libc.a(lib_a-mprec.o)
 .rodata.__mprec_tinytens
                0x000000000306940c       0x28 c:/altera_lite/15.1/nios2eds/bin/gnu/h-x86_64-mingw32/bin/../lib/gcc/nios2-elf/4.9.2/../../../../../H-x86_64-mingw32/nios2-elf/lib\libc.a(lib_a-mprec.o)
                0x000000000306940c                __mprec_tinytens
 .rodata.__mprec_bigtens
                0x0000000003069434       0x28 c:/altera_lite/15.1/nios2eds/bin/gnu/h-x86_64-mingw32/bin/../lib/gcc/nios2-elf/4.9.2/../../../../../H-x86_64-mingw32/nios2-elf/lib\libc.a(lib_a-mprec.o)
                0x0000000003069434                __mprec_bigtens
 .rodata.__mprec_tens
                0x000000000306945c       0xc8 c:/altera_lite/15.1/nios2eds/bin/gnu/h-x86_64-mingw32/bin/../lib/gcc/nios2-elf/4.9.2/../../../../../H-x86_64-mingw32/nios2-elf/lib\libc.a(lib_a-mprec.o)
                0x000000000306945c                __mprec_tens
 .rodata.str1.4
                0x0000000000000000       0x30 c:/altera_lite/15.1/nios2eds/bin/gnu/h-x86_64-mingw32/bin/../lib/gcc/nios2-elf/4.9.2/../../../../../H-x86_64-mingw32/nios2-elf/lib\libc.a(lib_a-svfiprintf.o)
 .rodata.zeroes.4184
                0x0000000003069524       0x10 c:/altera_lite/15.1/nios2eds/bin/gnu/h-x86_64-mingw32/bin/../lib/gcc/nios2-elf/4.9.2/../../../../../H-x86_64-mingw32/nios2-elf/lib\libc.a(lib_a-svfiprintf.o)
 .rodata.blanks.4183
                0x0000000003069534       0x10 c:/altera_lite/15.1/nios2eds/bin/gnu/h-x86_64-mingw32/bin/../lib/gcc/nios2-elf/4.9.2/../../../../../H-x86_64-mingw32/nios2-elf/lib\libc.a(lib_a-svfiprintf.o)
 .rodata.str1.4
                0x0000000000000000       0x30 c:/altera_lite/15.1/nios2eds/bin/gnu/h-x86_64-mingw32/bin/../lib/gcc/nios2-elf/4.9.2/../../../../../H-x86_64-mingw32/nios2-elf/lib\libc.a(lib_a-vfiprintf.o)
 .rodata.zeroes.4200
                0x0000000003069544       0x10 c:/altera_lite/15.1/nios2eds/bin/gnu/h-x86_64-mingw32/bin/../lib/gcc/nios2-elf/4.9.2/../../../../../H-x86_64-mingw32/nios2-elf/lib\libc.a(lib_a-vfiprintf.o)
 .rodata.blanks.4199
                0x0000000003069554       0x10 c:/altera_lite/15.1/nios2eds/bin/gnu/h-x86_64-mingw32/bin/../lib/gcc/nios2-elf/4.9.2/../../../../../H-x86_64-mingw32/nios2-elf/lib\libc.a(lib_a-vfiprintf.o)
 .rodata        0x0000000003069564        0xc ../KBS_bsp/\libucosii_bsp.a(alt_dev.o)
 .rodata        0x0000000003069570       0x10 ../KBS_bsp/\libucosii_bsp.a(alt_main.o)
 .rodata        0x0000000003069580      0x120 ../KBS_bsp/\libucosii_bsp.a(os_core.o)