Archive member included to satisfy reference by file (symbol)

c:/altera_lite/15.1/nios2eds/bin/gnu/h-x86_64-mingw32/bin/../lib/gcc/nios2-elf/4.9.2\libgcc.a(lib2-divmod.o)
                              obj/default/main.o (__udivsi3)
c:/altera_lite/15.1/nios2eds/bin/gnu/h-x86_64-mingw32/bin/../lib/gcc/nios2-elf/4.9.2\libgcc.a(divsf3.o)
                              obj/default/terasic_fat/FatFileSystem.o (__divsf3)
c:/altera_lite/15.1/nios2eds/bin/gnu/h-x86_64-mingw32/bin/../lib/gcc/nios2-elf/4.9.2\libgcc.a(mulsf3.o)
                              obj/default/terasic_fat/FatFileSystem.o (__mulsf3)
c:/altera_lite/15.1/nios2eds/bin/gnu/h-x86_64-mingw32/bin/../lib/gcc/nios2-elf/4.9.2\libgcc.a(floatunsisf.o)
                              obj/default/terasic_fat/FatFileSystem.o (__floatunsisf)
c:/altera_lite/15.1/nios2eds/bin/gnu/h-x86_64-mingw32/bin/../lib/gcc/nios2-elf/4.9.2\libgcc.a(divdf3.o)
                              obj/default/terasic_fat/FatFileSystem.o (__divdf3)
c:/altera_lite/15.1/nios2eds/bin/gnu/h-x86_64-mingw32/bin/../lib/gcc/nios2-elf/4.9.2\libgcc.a(extendsfdf2.o)
                              obj/default/terasic_fat/FatFileSystem.o (__extendsfdf2)
c:/altera_lite/15.1/nios2eds/bin/gnu/h-x86_64-mingw32/bin/../lib/gcc/nios2-elf/4.9.2\libgcc.a(truncdfsf2.o)
                              obj/default/terasic_fat/FatFileSystem.o (__truncdfsf2)
c:/altera_lite/15.1/nios2eds/bin/gnu/h-x86_64-mingw32/bin/../lib/gcc/nios2-elf/4.9.2\libgcc.a(_clzsi2.o)
                              c:/altera_lite/15.1/nios2eds/bin/gnu/h-x86_64-mingw32/bin/../lib/gcc/nios2-elf/4.9.2\libgcc.a(divsf3.o) (__clzsi2)
c:/altera_lite/15.1/nios2eds/bin/gnu/h-x86_64-mingw32/bin/../lib/gcc/nios2-elf/4.9.2\libgcc.a(_clz.o)
                              c:/altera_lite/15.1/nios2eds/bin/gnu/h-x86_64-mingw32/bin/../lib/gcc/nios2-elf/4.9.2\libgcc.a(_clzsi2.o) (__clz_tab)
c:/altera_lite/15.1/nios2eds/bin/gnu/h-x86_64-mingw32/bin/../lib/gcc/nios2-elf/4.9.2/../../../../../H-x86_64-mingw32/nios2-elf/lib\libc.a(lib_a-fclose.o)
                              obj/default/terasic_lib/LCD.o (fclose)
c:/altera_lite/15.1/nios2eds/bin/gnu/h-x86_64-mingw32/bin/../lib/gcc/nios2-elf/4.9.2/../../../../../H-x86_64-mingw32/nios2-elf/lib\libc.a(lib_a-fflush.o)
                              c:/altera_lite/15.1/nios2eds/bin/gnu/h-x86_64-mingw32/bin/../lib/gcc/nios2-elf/4.9.2/../../../../../H-x86_64-mingw32/nios2-elf/lib\libc.a(lib_a-fclose.o) (__sflush_r)
c:/altera_lite/15.1/nios2eds/bin/gnu/h-x86_64-mingw32/bin/../lib/gcc/nios2-elf/4.9.2/../../../../../H-x86_64-mingw32/nios2-elf/lib\libc.a(lib_a-findfp.o)
                              c:/altera_lite/15.1/nios2eds/bin/gnu/h-x86_64-mingw32/bin/../lib/gcc/nios2-elf/4.9.2/../../../../../H-x86_64-mingw32/nios2-elf/lib\libc.a(lib_a-fclose.o) (__sinit)
c:/altera_lite/15.1/nios2eds/bin/gnu/h-x86_64-mingw32/bin/../lib/gcc/nios2-elf/4.9.2/../../../../../H-x86_64-mingw32/nios2-elf/lib\libc.a(lib_a-fopen.o)
                              obj/default/terasic_lib/LCD.o (fopen)
c:/altera_lite/15.1/nios2eds/bin/gnu/h-x86_64-mingw32/bin/../lib/gcc/nios2-elf/4.9.2/../../../../../H-x86_64-mingw32/nios2-elf/lib\libc.a(lib_a-freer.o)
                              c:/altera_lite/15.1/nios2eds/bin/gnu/h-x86_64-mingw32/bin/../lib/gcc/nios2-elf/4.9.2/../../../../../H-x86_64-mingw32/nios2-elf/lib\libc.a(lib_a-fclose.o) (_free_r)
c:/altera_lite/15.1/nios2eds/bin/gnu/h-x86_64-mingw32/bin/../lib/gcc/nios2-elf/4.9.2/../../../../../H-x86_64-mingw32/nios2-elf/lib\libc.a(lib_a-fseek.o)
                              c:/altera_lite/15.1/nios2eds/bin/gnu/h-x86_64-mingw32/bin/../lib/gcc/nios2-elf/4.9.2/../../../../../H-x86_64-mingw32/nios2-elf/lib\libc.a(lib_a-fopen.o) (_fseek_r)
c:/altera_lite/15.1/nios2eds/bin/gnu/h-x86_64-mingw32/bin/../lib/gcc/nios2-elf/4.9.2/../../../../../H-x86_64-mingw32/nios2-elf/lib\libc.a(lib_a-fseeko.o)
                              c:/altera_lite/15.1/nios2eds/bin/gnu/h-x86_64-mingw32/bin/../lib/gcc/nios2-elf/4.9.2/../../../../../H-x86_64-mingw32/nios2-elf/lib\libc.a(lib_a-fseek.o) (_fseeko_r)
c:/altera_lite/15.1/nios2eds/bin/gnu/h-x86_64-mingw32/bin/../lib/gcc/nios2-elf/4.9.2/../../../../../H-x86_64-mingw32/nios2-elf/lib\libc.a(lib_a-fstatr.o)
                              c:/altera_lite/15.1/nios2eds/bin/gnu/h-x86_64-mingw32/bin/../lib/gcc/nios2-elf/4.9.2/../../../../../H-x86_64-mingw32/nios2-elf/lib\libc.a(lib_a-fseeko.o) (_fstat_r)
c:/altera_lite/15.1/nios2eds/bin/gnu/h-x86_64-mingw32/bin/../lib/gcc/nios2-elf/4.9.2/../../../../../H-x86_64-mingw32/nios2-elf/lib\libc.a(lib_a-fwalk.o)
                              c:/altera_lite/15.1/nios2eds/bin/gnu/h-x86_64-mingw32/bin/../lib/gcc/nios2-elf/4.9.2/../../../../../H-x86_64-mingw32/nios2-elf/lib\libc.a(lib_a-findfp.o) (_fwalk)
c:/altera_lite/15.1/nios2eds/bin/gnu/h-x86_64-mingw32/bin/../lib/gcc/nios2-elf/4.9.2/../../../../../H-x86_64-mingw32/nios2-elf/lib\libc.a(lib_a-fwrite.o)
                              obj/default/terasic_lib/LCD.o (fwrite)
[...]
Memory Configuration

Name             Origin             Length             Attributes
av_tri_s1_cfi_flash_0 0x0000000002800000 0x0000000000800000
reset            0x0000000003040000 0x0000000000000020
onchip_memory2   0x0000000003040020 0x000000000003ffe0
*default*        0x0000000000000000 0xffffffffffffffff

Linker script and memory map

LOAD ../DE2_115_SD_Card_Audio_Player_bsp//obj/HAL/src/crt0.o
LOAD obj/default/main.o
LOAD obj/default/terasic_fat/FatFileSystem.o
LOAD obj/default/terasic_fat/FatInternal.o
LOAD obj/default/terasic_lib/AUDIO.o
LOAD obj/default/terasic_lib/I2C.o
LOAD obj/default/terasic_lib/LCD.o
LOAD obj/default/terasic_lib/LED.o
LOAD obj/default/terasic_lib/SEG7.o
LOAD obj/default/terasic_lib/WaveLib.o
LOAD obj/default/terasic_lib/debug.o
LOAD obj/default/terasic_sdcard/crc16.o
LOAD obj/default/terasic_sdcard/crc7.o
LOAD obj/default/terasic_sdcard/sd_hal.o
LOAD obj/default/terasic_sdcard/sd_lib.o
LOAD obj/default/terasic_sdcard/sd_protocol.o
LOAD c:/altera_lite/15.1/nios2eds/bin/gnu/h-x86_64-mingw32/bin/../lib/gcc/nios2-elf/4.9.2/../../../../../H-x86_64-mingw32/nios2-elf/lib\libstdc++.a
LOAD c:/altera_lite/15.1/nios2eds/bin/gnu/h-x86_64-mingw32/bin/../lib/gcc/nios2-elf/4.9.2/../../../../../H-x86_64-mingw32/nios2-elf/lib\libm.a
LOAD c:/altera_lite/15.1/nios2eds/bin/gnu/h-x86_64-mingw32/bin/../lib/gcc/nios2-elf/4.9.2\libgcc.a
START GROUP
LOAD c:/altera_lite/15.1/nios2eds/bin/gnu/h-x86_64-mingw32/bin/../lib/gcc/nios2-elf/4.9.2/../../../../../H-x86_64-mingw32/nios2-elf/lib\libc.a
LOAD c:/altera_lite/15.1/nios2eds/bin/gnu/h-x86_64-mingw32/bin/../lib/gcc/nios2-elf/4.9.2\libgcc.a
LOAD ../DE2_115_SD_Card_Audio_Player_bsp/\libhal_bsp.a
END GROUP
LOAD c:/altera_lite/15.1/nios2eds/bin/gnu/h-x86_64-mingw32/bin/../lib/gcc/nios2-elf/4.9.2\libgcc.a
                0x0000000002800000                __alt_mem_av_tri_s1_cfi_flash_0 = 0x2800000
                0x0000000003040000                __alt_mem_onchip_memory2 = 0x3040000

.entry          0x0000000003040000       0x20
 *(.entry)
 .entry         0x0000000003040000       0x20 ../DE2_115_SD_Card_Audio_Player_bsp//obj/HAL/src/crt0.o
                0x0000000003040000                __reset

.exceptions     0x0000000003040020      0x19c
                0x0000000003040020                PROVIDE (__ram_exceptions_start, ABSOLUTE (.))
                0x0000000003040020                . = ALIGN (0x20)
 *(.irq)
 *(.exceptions.entry.label)
 .exceptions.entry.label
                0x0000000003040020        0x0 ../DE2_115_SD_Card_Audio_Player_bsp/\libhal_bsp.a(alt_irq_entry.o)
                0x0000000003040020                alt_irq_entry
 .exceptions.entry.label
                0x0000000003040020        0x0 ../DE2_115_SD_Card_Audio_Player_bsp/\libhal_bsp.a(alt_exception_entry.o)
                0x0000000003040020                alt_exception
 *(.exceptions.entry.user)
 *(.exceptions.entry)
 .exceptions.entry
                0x0000000003040020       0x54 ../DE2_115_SD_Card_Audio_Player_bsp/\libhal_bsp.a(alt_exception_entry.o)
 *(.exceptions.irqtest.user)
 *(.exceptions.irqtest)
 .exceptions.irqtest
                0x0000000003040074       0x10 ../DE2_115_SD_Card_Audio_Player_bsp/\libhal_bsp.a(alt_irq_entry.o)
 *(.exceptions.irqhandler.user)
 *(.exceptions.irqhandler)
 .exceptions.irqhandler
                0x0000000003040084        0x4 ../DE2_115_SD_Card_Audio_Player_bsp/\libhal_bsp.a(alt_irq_entry.o)
 *(.exceptions.irqreturn.user)
 *(.exceptions.irqreturn)
 .exceptions.irqreturn
                0x0000000003040088        0x4 ../DE2_115_SD_Card_Audio_Player_bsp/\libhal_bsp.a(alt_irq_entry.o)
 *(.exceptions.notirq.label)
 .exceptions.notirq.label
                0x000000000304008c        0x0 ../DE2_115_SD_Card_Audio_Player_bsp/\libhal_bsp.a(alt_irq_entry.o)
 *(.exceptions.notirq.user)
 *(.exceptions.notirq)
 .exceptions.notirq
                0x000000000304008c        0x8 ../DE2_115_SD_Card_Audio_Player_bsp/\libhal_bsp.a(alt_exception_entry.o)
 *(.exceptions.soft.user)
 *(.exceptions.soft)
 *(.exceptions.unknown.user)
 *(.exceptions.unknown)
 .exceptions.unknown
                0x0000000003040094        0x4 ../DE2_115_SD_Card_Audio_Player_bsp/\libhal_bsp.a(alt_exception_entry.o)
 *(.exceptions.exit.label)
 .exceptions.exit.label
                0x0000000003040098        0x0 ../DE2_115_SD_Card_Audio_Player_bsp/\libhal_bsp.a(alt_irq_entry.o)
 .exceptions.exit.label
                0x0000000003040098        0x0 ../DE2_115_SD_Card_Audio_Player_bsp/\libhal_bsp.a(alt_exception_entry.o)
 *(.exceptions.exit.user)
 *(.exceptions.exit)
 .exceptions.exit
                0x0000000003040098       0x54 ../DE2_115_SD_Card_Audio_Player_bsp/\libhal_bsp.a(alt_exception_entry.o)
 *(.exceptions)
 .exceptions    0x00000000030400ec       0xd0 ../DE2_115_SD_Card_Audio_Player_bsp/\libhal_bsp.a(alt_irq_handler.o)
                0x00000000030400ec                alt_irq_handler
                0x00000000030401bc                PROVIDE (__ram_exceptions_end, ABSOLUTE (.))
                0x0000000003040020                PROVIDE (__flash_exceptions_start, LOADADDR (.exceptions))

.text           0x00000000030401bc    0x201a0
                0x00000000030401bc                PROVIDE (stext, ABSOLUTE (.))
 *(.interp)
 *(.hash)
 *(.dynsym)
 *(.dynstr)
 *(.gnu.version)
 *(.gnu.version_d)
 *(.gnu.version_r)
 *(.rel.init)
 *(.rela.init)
 *(.rel.text .rel.text.* .rel.gnu.linkonce.t.*)
 *(.rela.text .rela.text.* .rela.gnu.linkonce.t.*)
 *(.rel.fini)
 *(.rela.fini)
 *(.rel.rodata .rel.rodata.* .rel.gnu.linkonce.r.*)
 *(.rela.rodata .rela.rodata.* .rela.gnu.linkonce.r.*)
 *(.rel.data .rel.data.* .rel.gnu.linkonce.d.*)
 *(.rela.data .rela.data.* .rela.gnu.linkonce.d.*)
 *(.rel.tdata .rel.tdata.* .rel.gnu.linkonce.td.*)
 *(.rela.tdata .rela.tdata.* .rela.gnu.linkonce.td.*)
 *(.rel.tbss .rel.tbss.* .rel.gnu.linkonce.tb.*)
 *(.rela.tbss .rela.tbss.* .rela.gnu.linkonce.tb.*)
 *(.rel.ctors)
 *(.rela.ctors)
 *(.rel.dtors)
 *(.rela.dtors)
 *(.rel.got)
 *(.rela.got)
 *(.rel.sdata .rel.sdata.* .rel.gnu.linkonce.s.*)
 *(.rela.sdata .rela.sdata.* .rela.gnu.linkonce.s.*)
 *(.rel.sbss .rel.sbss.* .rel.gnu.linkonce.sb.*)
 *(.rela.sbss .rela.sbss.* .rela.gnu.linkonce.sb.*)
 *(.rel.sdata2 .rel.sdata2.* .rel.gnu.linkonce.s2.*)
 *(.rela.sdata2 .rela.sdata2.* .rela.gnu.linkonce.s2.*)
 *(.rel.sbss2 .rel.sbss2.* .rel.gnu.linkonce.sb2.*)
 *(.rela.sbss2 .rela.sbss2.* .rela.gnu.linkonce.sb2.*)
 *(.rel.bss .rel.bss.* .rel.gnu.linkonce.b.*)
 *(.rela.bss .rela.bss.* .rela.gnu.linkonce.b.*)
 *(.rel.plt)
 *(.rela.plt)
 *(.rel.dyn)
 *(.init)
 *(.plt)
 *(.text .stub .text.* .gnu.linkonce.t.*)
 .text          0x00000000030401bc       0x4c ../DE2_115_SD_Card_Audio_Player_bsp//obj/HAL/src/crt0.o
                0x00000000030401bc                _start
 .text          0x0000000003040208     0x18a8 obj/default/main.o
                0x0000000003040208                welcome_display
                0x0000000003040270                demo_introduce
                0x000000000304030c                update_status
                0x0000000003040390                DisplayTime
                0x00000000030403e8                lcd_open
                0x0000000003040410                lcd_display
                0x0000000003040444                led_display
                0x0000000003040474                led_display_count
                0x00000000030404ac                wait_sdcard_insert
                0x000000000304054c                is_supporrted_sample_rate
                0x00000000030405bc                build_wave_play_list
                0x00000000030409a8                waveplay_start
                0x0000000003040c14                waveplay_execute
                0x0000000003040eec                waveplay_stop
                0x0000000003040f08                handle_key
                0x0000000003041104                IRDA_init
                0x000000000304115c                handle_IrDA
                0x000000000304148c                Fat_Test
                0x000000000304173c                main
 .text          0x0000000003041ab0     0x1348 obj/default/terasic_fat/FatFileSystem.o
                0x0000000003041ab0                Fat_Mount
                0x0000000003041af4                Fat_Unmount
                0x0000000003041b40                Fat_Type
                0x0000000003041bac                Fat_FileBrowseBegin
                0x0000000003041c18                Fat_FileBrowseNext
                0x0000000003042044                Fat_FileCount
                0x00000000030420b0                fatSameLongFilename
                0x0000000003042144                fatComposeShortFilename
                0x00000000030422f4                Fat_FileExist
                0x00000000030423a4                Fat_FileOpen
                0x00000000030425c4                Fat_FileSize
                0x0000000003042608                Fat_FileRead
                0x0000000003042aa0                Fat_FileSeek
                0x0000000003042ba0                Fat_FileClose
                0x0000000003042be4                Fat_SpeedTest
 .text          0x0000000003042df8     0x1808 obj/default/terasic_fat/FatInternal.o
                0x0000000003042df8                fat16ClusterType
                0x0000000003042ea8                fat32ClusterType
                0x0000000003042f74                fatNextCluster
                0x00000000030430dc                fatFindUnusedCluster
                0x0000000003043254                fatDelClusterList
                0x000000000304343c                fatDumpDate
                0x00000000030434c4                fatDumpTime
                0x000000000304354c                fatIsLastDir
                0x0000000003043590                fatIsValidDir
                0x0000000003043638                fatIsUnusedDir
                0x0000000003043680                fatDump
                0x0000000003043da4                fatArray2Value
                0x0000000003043e2c                fatReadSecter
                0x0000000003043ebc                fatFindDirectory
                0x0000000003043f68                fatFindUnusedDirectory
                0x0000000003044078                fatMount
                0x000000000304444c                SD_ReadBlock512
                0x0000000003044488                SD_WriteBlock512
                0x00000000030444c4                fatMountSdcard
 .text          0x0000000003044600      0xd2c obj/default/terasic_lib/AUDIO.o
                0x0000000003044600                AUDIO_Init
                0x0000000003044788                AUDIO_InterfaceActive
                0x00000000030447d0                AUDIO_MicBoost
                0x0000000003044848                AUDIO_AdcEnableHighPassFilter
                0x00000000030448c0                AUDIO_DacDeemphasisControl
                0x0000000003044970                AUDIO_DacEnableZeroCross
                0x0000000003044a50                AUDIO_DacEnableSoftMute
                0x0000000003044adc                AUDIO_MicMute
                0x0000000003044b68                AUDIO_LineInMute
                0x0000000003044c48                AUDIO_SetInputSource
                0x0000000003044cd8                AUDIO_SetSampleRate
                0x0000000003044dbc                AUDIO_SetLineInVol
                0x0000000003044ecc                AUDIO_SetLineOutVol
                0x0000000003044fdc                AUDIO_EnableByPass
                0x0000000003045068                AUDIO_EnableSiteTone
                0x00000000030450f4                aduio_RegWrite
                0x00000000030451e8                AUDIO_DacFifoNotFull
                0x0000000003045224                AUDIO_DacFifoSetData
                0x0000000003045270                AUDIO_AdcFifoNotEmpty
                0x00000000030452ac                AUDIO_AdcFifoGetData
                0x0000000003045300                AUDIO_FifoClear
 .text          0x000000000304532c      0x718 obj/default/terasic_lib/I2C.o
                0x000000000304532c                I2C_Write
                0x0000000003045428                I2C_Read
                0x000000000304554c                I2C_MultipleRead
                0x00000000030456c4                i2c_start
                0x000000000304574c                i2c_stop
                0x00000000030457c0                i2c_write
                0x00000000030458f0                i2c_read
 .text          0x0000000003045a44      0x16c obj/default/terasic_lib/LCD.o
                0x0000000003045a44                LCD_Open
                0x0000000003045a94                LCD_TextOut
                0x0000000003045af4                LCD_Clear
                0x0000000003045b74                LCD_Close
 .text          0x0000000003045bb0      0x130 obj/default/terasic_lib/LED.o
                0x0000000003045bb0                LED_AllOn
                0x0000000003045bdc                LED_AllOff
                0x0000000003045c08                LED_Display
                0x0000000003045c58                LED_LightCount
 .text          0x0000000003045ce0      0x2f0 obj/default/terasic_lib/SEG7.o
                0x0000000003045ce0                SEG7_Clear
                0x0000000003045d40                SEG7_Full
                0x0000000003045da0                SEG7_Number
                0x0000000003045e14                SEG7_Hex
                0x0000000003045ee4                SEG7_Decimal
 .text          0x0000000003045fd0      0x504 obj/default/terasic_lib/WaveLib.o
                0x0000000003045fd0                waveGetChunkOffset
                0x0000000003046100                WAVE_IsWaveFile
                0x000000000304624c                Wave_GetSampleRate
                0x00000000030462e0                Wave_GetChannelNum
                0x0000000003046360                Wave_GetSampleBitNum
                0x00000000030463e0                Wave_GetDataByteSize
                0x0000000003046474                Wave_GetWaveOffset
 .text          0x00000000030464d4      0x1b4 obj/default/terasic_lib/debug.o
                0x00000000030464d4                debug_output
                0x0000000003046504                myprintf
                0x0000000003046570                myprintf_hexarray
                0x00000000030465f8                myprintf_dwordarray
 .text          0x0000000003046688       0xa4 obj/default/terasic_sdcard/crc16.o
                0x0000000003046688                crc16
 .text          0x000000000304672c       0xc0 obj/default/terasic_sdcard/crc7.o
                0x000000000304672c                crc7_byte
                0x000000000304677c                crc7
 .text          0x00000000030467ec      0x728 obj/default/terasic_sdcard/sd_hal.o
                0x00000000030467ec                SDHAL_IsSupport4Bits
                0x0000000003046818                SDHAL_Init
                0x0000000003046884                SDHAL_SendCmd
                0x0000000003046978                SDHAL_GetResponse
                0x0000000003046b8c                SDHAL_ReadData
                0x0000000003046cd4                SDHAL_WriteData
                0x0000000003046eb4                SDHAL_DummyClock
 .text          0x0000000003046f14      0x434 obj/default/terasic_sdcard/sd_lib.o
                0x0000000003046f14                SDLIB_Init
                0x0000000003047248                SDLIB_ReadBlock512
                0x00000000030472c8                SDLIB_WriteBlock512
 .text          0x0000000003047348     0x16a4 obj/default/terasic_sdcard/sd_protocol.o
                0x0000000003047348                SD_Init
                0x0000000003047370                SD_IsSupport4Bits
                0x0000000003047398                SD_CMD0
                0x0000000003047420                SD_CMD8
                0x00000000030475ac                SD_CMD55
                0x000000000304772c                SD_ACMD41
                0x00000000030478c8                SD_CMD2
                0x0000000003047a60                SD_CMD3
                0x0000000003047bfc                SD_CMD9
                0x0000000003047dbc                SD_CMD10
                0x0000000003047f7c                SD_CMD7
                0x00000000030480fc                SD_CMD16
                0x000000000304829c                SD_ACMD6
                0x0000000003048428                SD_ACMD42
                0x00000000030485a8                SD_CMD17
                0x0000000003048750                SD_CMD24
                0x00000000030488f8                SD_ReadData
                0x0000000003048938                SD_WriteData
                0x0000000003048978                ArrayToU32
 .text          0x00000000030489ec      0x12c c:/altera_lite/15.1/nios2eds/bin/gnu/h-x86_64-mingw32/bin/../lib/gcc/nios2-elf/4.9.2\libgcc.a(lib2-divmod.o)
                0x0000000003048a58                __divsi3
                0x0000000003048aac                __modsi3
                0x0000000003048b08                __udivsi3
                0x0000000003048b10                __umodsi3
 .text          0x0000000003048b18      0x450 c:/altera_lite/15.1/nios2eds/bin/gnu/h-x86_64-mingw32/bin/../lib/gcc/nios2-elf/4.9.2\libgcc.a(divsf3.o)
                0x0000000003048b18                __divsf3
 .text          0x0000000003048f68      0x424 c:/altera_lite/15.1/nios2eds/bin/gnu/h-x86_64-mingw32/bin/../lib/gcc/nios2-elf/4.9.2\libgcc.a(mulsf3.o)
                0x0000000003048f68                __mulsf3
 .text          0x000000000304938c      0x110 c:/altera_lite/15.1/nios2eds/bin/gnu/h-x86_64-mingw32/bin/../lib/gcc/nios2-elf/4.9.2\libgcc.a(floatunsisf.o)
                0x000000000304938c                __floatunsisf
 .text          0x000000000304949c      0x8cc c:/altera_lite/15.1/nios2eds/bin/gnu/h-x86_64-mingw32/bin/../lib/gcc/nios2-elf/4.9.2\libgcc.a(divdf3.o)
                0x000000000304949c                __divdf3
 .text          0x0000000003049d68      0x110 c:/altera_lite/15.1/nios2eds/bin/gnu/h-x86_64-mingw32/bin/../lib/gcc/nios2-elf/4.9.2\libgcc.a(extendsfdf2.o)
                0x0000000003049d68                __extendsfdf2
 .text          0x0000000003049e78      0x198 c:/altera_lite/15.1/nios2eds/bin/gnu/h-x86_64-mingw32/bin/../lib/gcc/nios2-elf/4.9.2\libgcc.a(truncdfsf2.o)
                0x0000000003049e78                __truncdfsf2
 .text          0x000000000304a010       0x64 c:/altera_lite/15.1/nios2eds/bin/gnu/h-x86_64-mingw32/bin/../lib/gcc/nios2-elf/4.9.2\libgcc.a(_clzsi2.o)
                0x000000000304a010                __clzsi2
 .text          0x000000000304a074        0x0 c:/altera_lite/15.1/nios2eds/bin/gnu/h-x86_64-mingw32/bin/../lib/gcc/nios2-elf/4.9.2\libgcc.a(_clz.o)
 .text          0x000000000304a074        0x0 c:/altera_lite/15.1/nios2eds/bin/gnu/h-x86_64-mingw32/bin/../lib/gcc/nios2-elf/4.9.2/../../../../../H-x86_64-mingw32/nios2-elf/lib\libc.a(lib_a-fclose.o)
 .text._fclose_r
                0x000000000304a074       0xf0 c:/altera_lite/15.1/nios2eds/bin/gnu/h-x86_64-mingw32/bin/../lib/gcc/nios2-elf/4.9.2/../../../../../H-x86_64-mingw32/nios2-elf/lib\libc.a(lib_a-fclose.o)
                0x000000000304a074                _fclose_r
 .text.fclose   0x000000000304a164       0x14 c:/altera_lite/15.1/nios2eds/bin/gnu/h-x86_64-mingw32/bin/../lib/gcc/nios2-elf/4.9.2/../../../../../H-x86_64-mingw32/nios2-elf/lib\libc.a(lib_a-fclose.o)
                0x000000000304a164                fclose
 .text          0x000000000304a178        0x0 c:/altera_lite/15.1/nios2eds/bin/gnu/h-x86_64-mingw32/bin/../lib/gcc/nios2-elf/4.9.2/../../../../../H-x86_64-mingw32/nios2-elf/lib\libc.a(lib_a-fflush.o)
 .text.__sflush_r
                0x000000000304a178      0x208 c:/altera_lite/15.1/nios2eds/bin/gnu/h-x86_64-mingw32/bin/../lib/gcc/nios2-elf/4.9.2/../../../../../H-x86_64-mingw32/nios2-elf/lib\libc.a(lib_a-fflush.o)
                0x000000000304a178                __sflush_r
 .text._fflush_r
                0x000000000304a380       0x5c c:/altera_lite/15.1/nios2eds/bin/gnu/h-x86_64-mingw32/bin/../lib/gcc/nios2-elf/4.9.2/../../../../../H-x86_64-mingw32/nios2-elf/lib\libc.a(lib_a-fflush.o)
                0x000000000304a380                _fflush_r
 .text.fflush   0x000000000304a3dc       0x30 c:/altera_lite/15.1/nios2eds/bin/gnu/h-x86_64-mingw32/bin/../lib/gcc/nios2-elf/4.9.2/../../../../../H-x86_64-mingw32/nios2-elf/lib\libc.a(lib_a-fflush.o)
                0x000000000304a3dc                fflush
 .text          0x000000000304a40c        0x0 c:/altera_lite/15.1/nios2eds/bin/gnu/h-x86_64-mingw32/bin/../lib/gcc/nios2-elf/4.9.2/../../../../../H-x86_64-mingw32/nios2-elf/lib\libc.a(lib_a-findfp.o)
 .text.__fp_lock
                0x000000000304a40c        0x8 c:/altera_lite/15.1/nios2eds/bin/gnu/h-x86_64-mingw32/bin/../lib/gcc/nios2-elf/4.9.2/../../../../../H-x86_64-mingw32/nios2-elf/lib\libc.a(lib_a-findfp.o)
 .text.__fp_unlock
                0x000000000304a414        0x8 c:/altera_lite/15.1/nios2eds/bin/gnu/h-x86_64-mingw32/bin/../lib/gcc/nios2-elf/4.9.2/../../../../../H-x86_64-mingw32/nios2-elf/lib\libc.a(lib_a-findfp.o)
 .text._cleanup_r
                0x000000000304a41c        0xc c:/altera_lite/15.1/nios2eds/bin/gnu/h-x86_64-mingw32/bin/../lib/gcc/nios2-elf/4.9.2/../../../../../H-x86_64-mingw32/nios2-elf/lib\libc.a(lib_a-findfp.o)
                0x000000000304a41c                _cleanup_r
 .text.__sinit.part.1
                0x000000000304a428      0x19c c:/altera_lite/15.1/nios2eds/bin/gnu/h-x86_64-mingw32/bin/../lib/gcc/nios2-elf/4.9.2/../../../../../H-x86_64-mingw32/nios2-elf/lib\libc.a(lib_a-findfp.o)
 .text.__sfmoreglue
                0x000000000304a5c4       0x68 c:/altera_lite/15.1/nios2eds/bin/gnu/h-x86_64-mingw32/bin/../lib/gcc/nios2-elf/4.9.2/../../../../../H-x86_64-mingw32/nios2-elf/lib\libc.a(lib_a-findfp.o)
                0x000000000304a5c4                __sfmoreglue
 .text.__sfp    0x000000000304a62c      0x118 c:/altera_lite/15.1/nios2eds/bin/gnu/h-x86_64-mingw32/bin/../lib/gcc/nios2-elf/4.9.2/../../../../../H-x86_64-mingw32/nios2-elf/lib\libc.a(lib_a-findfp.o)
                0x000000000304a62c                __sfp
 .text._cleanup
                0x000000000304a744       0x18 c:/altera_lite/15.1/nios2eds/bin/gnu/h-x86_64-mingw32/bin/../lib/gcc/nios2-elf/4.9.2/../../../../../H-x86_64-mingw32/nios2-elf/lib\libc.a(lib_a-findfp.o)
                0x000000000304a744                _cleanup
 .text.__sinit  0x000000000304a75c       0x10 c:/altera_lite/15.1/nios2eds/bin/gnu/h-x86_64-mingw32/bin/../lib/gcc/nios2-elf/4.9.2/../../../../../H-x86_64-mingw32/nios2-elf/lib\libc.a(lib_a-findfp.o)
                0x000000000304a75c                __sinit
 .text.__sfp_lock_acquire
                0x000000000304a76c        0x4 c:/altera_lite/15.1/nios2eds/bin/gnu/h-x86_64-mingw32/bin/../lib/gcc/nios2-elf/4.9.2/../../../../../H-x86_64-mingw32/nios2-elf/lib\libc.a(lib_a-findfp.o)
                0x000000000304a76c                __sfp_lock_acquire
 .text.__sfp_lock_release
                0x000000000304a770        0x4 c:/altera_lite/15.1/nios2eds/bin/gnu/h-x86_64-mingw32/bin/../lib/gcc/nios2-elf/4.9.2/../../../../../H-x86_64-mingw32/nios2-elf/lib\libc.a(lib_a-findfp.o)
                0x000000000304a770                __sfp_lock_release
 .text.__sinit_lock_acquire
                0x000000000304a774        0x4 c:/altera_lite/15.1/nios2eds/bin/gnu/h-x86_64-mingw32/bin/../lib/gcc/nios2-elf/4.9.2/../../../../../H-x86_64-mingw32/nios2-elf/lib\libc.a(lib_a-findfp.o)
                0x000000000304a774                __sinit_lock_acquire
 .text.__sinit_lock_release
                0x000000000304a778        0x4 c:/altera_lite/15.1/nios2eds/bin/gnu/h-x86_64-mingw32/bin/../lib/gcc/nios2-elf/4.9.2/../../../../../H-x86_64-mingw32/nios2-elf/lib\libc.a(lib_a-findfp.o)
                0x000000000304a778                __sinit_lock_release
 .text.__fp_lock_all
                0x000000000304a77c       0x18 c:/altera_lite/15.1/nios2eds/bin/gnu/h-x86_64-mingw32/bin/../lib/gcc/nios2-elf/4.9.2/../../../../../H-x86_64-mingw32/nios2-elf/lib\libc.a(lib_a-findfp.o)
                0x000000000304a77c                __fp_lock_all
 .text.__fp_unlock_all
                0x000000000304a794       0x18 c:/altera_lite/15.1/nios2eds/bin/gnu/h-x86_64-mingw32/bin/../lib/gcc/nios2-elf/4.9.2/../../../../../H-x86_64-mingw32/nios2-elf/lib\libc.a(lib_a-findfp.o)
                0x000000000304a794                __fp_unlock_all
 .text          0x000000000304a7ac        0x0 c:/altera_lite/15.1/nios2eds/bin/gnu/h-x86_64-mingw32/bin/../lib/gcc/nios2-elf/4.9.2/../../../../../H-x86_64-mingw32/nios2-elf/lib\libc.a(lib_a-fopen.o)
 .text._fopen_r
                0x000000000304a7ac       0xf0 c:/altera_lite/15.1/nios2eds/bin/gnu/h-x86_64-mingw32/bin/../lib/gcc/nios2-elf/4.9.2/../../../../../H-x86_64-mingw32/nios2-elf/lib\libc.a(lib_a-fopen.o)
                0x000000000304a7ac                _fopen_r
 .text.fopen    0x000000000304a89c       0x1c c:/altera_lite/15.1/nios2eds/bin/gnu/h-x86_64-mingw32/bin/../lib/gcc/nios2-elf/4.9.2/../../../../../H-x86_64-mingw32/nios2-elf/lib\libc.a(lib_a-fopen.o)
                0x000000000304a89c                fopen
 .text          0x000000000304a8b8        0x0 c:/altera_lite/15.1/nios2eds/bin/gnu/h-x86_64-mingw32/bin/../lib/gcc/nios2-elf/4.9.2/../../../../../H-x86_64-mingw32/nios2-elf/lib\libc.a(lib_a-freer.o)
 .text._malloc_trim_r
                0x000000000304a8b8      0x124 c:/altera_lite/15.1/nios2eds/bin/gnu/h-x86_64-mingw32/bin/../lib/gcc/nios2-elf/4.9.2/../../../../../H-x86_64-mingw32/nios2-elf/lib\libc.a(lib_a-freer.o)
                0x000000000304a8b8                _malloc_trim_r
 .text._free_r  0x000000000304a9dc      0x2f0 c:/altera_lite/15.1/nios2eds/bin/gnu/h-x86_64-mingw32/bin/../lib/gcc/nios2-elf/4.9.2/../../../../../H-x86_64-mingw32/nios2-elf/lib\libc.a(lib_a-freer.o)
                0x000000000304a9dc                _free_r
 .text          0x000000000304accc        0x0 c:/altera_lite/15.1/nios2eds/bin/gnu/h-x86_64-mingw32/bin/../lib/gcc/nios2-elf/4.9.2/../../../../../H-x86_64-mingw32/nios2-elf/lib\libc.a(lib_a-fseek.o)
 .text._fseek_r
                0x000000000304accc        0x4 c:/altera_lite/15.1/nios2eds/bin/gnu/h-x86_64-mingw32/bin/../lib/gcc/nios2-elf/4.9.2/../../../../../H-x86_64-mingw32/nios2-elf/lib\libc.a(lib_a-fseek.o)
                0x000000000304accc                _fseek_r
 .text.fseek    0x000000000304acd0       0x24 c:/altera_lite/15.1/nios2eds/bin/gnu/h-x86_64-mingw32/bin/../lib/gcc/nios2-elf/4.9.2/../../../../../H-x86_64-mingw32/nios2-elf/lib\libc.a(lib_a-fseek.o)
                0x000000000304acd0                fseek
 .text          0x000000000304acf4        0x0 c:/altera_lite/15.1/nios2eds/bin/gnu/h-x86_64-mingw32/bin/../lib/gcc/nios2-elf/4.9.2/../../../../../H-x86_64-mingw32/nios2-elf/lib\libc.a(lib_a-fseeko.o)
 .text._fseeko_r
                0x000000000304acf4      0x444 c:/altera_lite/15.1/nios2eds/bin/gnu/h-x86_64-mingw32/bin/../lib/gcc/nios2-elf/4.9.2/../../../../../H-x86_64-mingw32/nios2-elf/lib\libc.a(lib_a-fseeko.o)
                0x000000000304acf4                _fseeko_r
 .text.fseeko   0x000000000304b138       0x24 c:/altera_lite/15.1/nios2eds/bin/gnu/h-x86_64-mingw32/bin/../lib/gcc/nios2-elf/4.9.2/../../../../../H-x86_64-mingw32/nios2-elf/lib\libc.a(lib_a-fseeko.o)
                0x000000000304b138                fseeko
 .text          0x000000000304b15c        0x0 c:/altera_lite/15.1/nios2eds/bin/gnu/h-x86_64-mingw32/bin/../lib/gcc/nios2-elf/4.9.2/../../../../../H-x86_64-mingw32/nios2-elf/lib\libc.a(lib_a-fstatr.o)
 .text._fstat_r
                0x000000000304b15c       0x58 c:/altera_lite/15.1/nios2eds/bin/gnu/h-x86_64-mingw32/bin/../lib/gcc/nios2-elf/4.9.2/../../../../../H-x86_64-mingw32/nios2-elf/lib\libc.a(lib_a-fstatr.o)
                0x000000000304b15c                _fstat_r
 .text          0x000000000304b1b4        0x0 c:/altera_lite/15.1/nios2eds/bin/gnu/h-x86_64-mingw32/bin/../lib/gcc/nios2-elf/4.9.2/../../../../../H-x86_64-mingw32/nios2-elf/lib\libc.a(lib_a-fwalk.o)
 .text._fwalk   0x000000000304b1b4       0xc4 c:/altera_lite/15.1/nios2eds/bin/gnu/h-x86_64-mingw32/bin/../lib/gcc/nios2-elf/4.9.2/../../../../../H-x86_64-mingw32/nios2-elf/lib\libc.a(lib_a-fwalk.o)
                0x000000000304b1b4                _fwalk
 .text._fwalk_reent
                0x000000000304b278       0xc4 c:/altera_lite/15.1/nios2eds/bin/gnu/h-x86_64-mingw32/bin/../lib/gcc/nios2-elf/4.9.2/../../../../../H-x86_64-mingw32/nios2-elf/lib\libc.a(lib_a-fwalk.o)
                0x000000000304b278                _fwalk_reent
 .text          0x000000000304b33c        0x0 c:/altera_lite/15.1/nios2eds/bin/gnu/h-x86_64-mingw32/bin/../lib/gcc/nios2-elf/4.9.2/../../../../../H-x86_64-mingw32/nios2-elf/lib\libc.a(lib_a-fwrite.o)
 .text._fwrite_r
                0x000000000304b33c       0xcc c:/altera_lite/15.1/nios2eds/bin/gnu/h-x86_64-mingw32/bin/../lib/gcc/nios2-elf/4.9.2/../../../../../H-x86_64-mingw32/nios2-elf/lib\libc.a(lib_a-fwrite.o)
                0x000000000304b33c                _fwrite_r
 .text.fwrite   0x000000000304b408       0x40 c:/altera_lite/15.1/nios2eds/bin/gnu/h-x86_64-mingw32/bin/../lib/gcc/nios2-elf/4.9.2/../../../../../H-x86_64-mingw32/nios2-elf/lib\libc.a(lib_a-fwrite.o)
                0x000000000304b408                fwrite
 .text          0x000000000304b448        0x0 c:/altera_lite/15.1/nios2eds/bin/gnu/h-x86_64-mingw32/bin/../lib/gcc/nios2-elf/4.9.2/../../../../../H-x86_64-mingw32/nios2-elf/lib\libc.a(lib_a-impure.o)
 .text          0x000000000304b448        0x0 c:/altera_lite/15.1/nios2eds/bin/gnu/h-x86_64-mingw32/bin/../lib/gcc/nios2-elf/4.9.2/../../../../../H-x86_64-mingw32/nios2-elf/lib\libc.a(lib_a-int_errno.o)
 .text          0x000000000304b448        0x0 c:/altera_lite/15.1/nios2eds/bin/gnu/h-x86_64-mingw32/bin/../lib/gcc/nios2-elf/4.9.2/../../../../../H-x86_64-mingw32/nios2-elf/lib\libc.a(lib_a-makebuf.o)
 .text.__smakebuf_r
                0x000000000304b448      0x1b8 c:/altera_lite/15.1/nios2eds/bin/gnu/h-x86_64-mingw32/bin/../lib/gcc/nios2-elf/4.9.2/../../../../../H-x86_64-mingw32/nios2-elf/lib\libc.a(lib_a-makebuf.o)
                0x000000000304b448                __smakebuf_r
 .text          0x000000000304b600        0x0 c:/altera_lite/15.1/nios2eds/bin/gnu/h-x86_64-mingw32/bin/../lib/gcc/nios2-elf/4.9.2/../../../../../H-x86_64-mingw32/nios2-elf/lib\libc.a(lib_a-malloc.o)
 .text.malloc   0x000000000304b600       0x14 c:/altera_lite/15.1/nios2eds/bin/gnu/h-x86_64-mingw32/bin/../lib/gcc/nios2-elf/4.9.2/../../../../../H-x86_64-mingw32/nios2-elf/lib\libc.a(lib_a-malloc.o)
                0x000000000304b600                malloc
 .text.free     0x000000000304b614       0x14 c:/altera_lite/15.1/nios2eds/bin/gnu/h-x86_64-mingw32/bin/../lib/gcc/nios2-elf/4.9.2/../../../../../H-x86_64-mingw32/nios2-elf/lib\libc.a(lib_a-malloc.o)
                0x000000000304b614                free
 .text          0x000000000304b628        0x0 c:/altera_lite/15.1/nios2eds/bin/gnu/h-x86_64-mingw32/bin/../lib/gcc/nios2-elf/4.9.2/../../../../../H-x86_64-mingw32/nios2-elf/lib\libc.a(lib_a-mallocr.o)
 .text._malloc_r
                0x000000000304b628      0x7a8 c:/altera_lite/15.1/nios2eds/bin/gnu/h-x86_64-mingw32/bin/../lib/gcc/nios2-elf/4.9.2/../../../../../H-x86_64-mingw32/nios2-elf/lib\libc.a(lib_a-mallocr.o)
                0x000000000304b628                _malloc_r
 .text          0x000000000304bdd0        0x0 c:/altera_lite/15.1/nios2eds/bin/gnu/h-x86_64-mingw32/bin/../lib/gcc/nios2-elf/4.9.2/../../../../../H-x86_64-mingw32/nios2-elf/lib\libc.a(lib_a-memcpy.o)
 .text.memcpy   0x000000000304bdd0      0x138 c:/altera_lite/15.1/nios2eds/bin/gnu/h-x86_64-mingw32/bin/../lib/gcc/nios2-elf/4.9.2/../../../../../H-x86_64-mingw32/nios2-elf/lib\libc.a(lib_a-memcpy.o)
                0x000000000304bdd0                memcpy
 .text          0x000000000304bf08        0x0 c:/altera_lite/15.1/nios2eds/bin/gnu/h-x86_64-mingw32/bin/../lib/gcc/nios2-elf/4.9.2/../../../../../H-x86_64-mingw32/nios2-elf/lib\libc.a(lib_a-memset.o)
 .text.memset   0x000000000304bf08      0x124 c:/altera_lite/15.1/nios2eds/bin/gnu/h-x86_64-mingw32/bin/../lib/gcc/nios2-elf/4.9.2/../../../../../H-x86_64-mingw32/nios2-elf/lib\libc.a(lib_a-memset.o)
                0x000000000304bf08                memset
 .text          0x000000000304c02c        0x0 c:/altera_lite/15.1/nios2eds/bin/gnu/h-x86_64-mingw32/bin/../lib/gcc/nios2-elf/4.9.2/../../../../../H-x86_64-mingw32/nios2-elf/lib\libc.a(lib_a-openr.o)
 .text._open_r  0x000000000304c02c       0x5c c:/altera_lite/15.1/nios2eds/bin/gnu/h-x86_64-mingw32/bin/../lib/gcc/nios2-elf/4.9.2/../../../../../H-x86_64-mingw32/nios2-elf/lib\libc.a(lib_a-openr.o)
                0x000000000304c02c                _open_r
 .text          0x000000000304c088        0x0 c:/altera_lite/15.1/nios2eds/bin/gnu/h-x86_64-mingw32/bin/../lib/gcc/nios2-elf/4.9.2/../../../../../H-x86_64-mingw32/nios2-elf/lib\libc.a(lib_a-printf.o)
 .text._printf_r
                0x000000000304c088       0x2c c:/altera_lite/15.1/nios2eds/bin/gnu/h-x86_64-mingw32/bin/../lib/gcc/nios2-elf/4.9.2/../../../../../H-x86_64-mingw32/nios2-elf/lib\libc.a(lib_a-printf.o)
                0x000000000304c088                _printf_r
 .text.printf   0x000000000304c0b4       0x3c c:/altera_lite/15.1/nios2eds/bin/gnu/h-x86_64-mingw32/bin/../lib/gcc/nios2-elf/4.9.2/../../../../../H-x86_64-mingw32/nios2-elf/lib\libc.a(lib_a-printf.o)
                0x000000000304c0b4                printf
 .text          0x000000000304c0f0        0x0 c:/altera_lite/15.1/nios2eds/bin/gnu/h-x86_64-mingw32/bin/../lib/gcc/nios2-elf/4.9.2/../../../../../H-x86_64-mingw32/nios2-elf/lib\libc.a(lib_a-putchar.o)
 .text._putchar_r
                0x000000000304c0f0        0x8 c:/altera_lite/15.1/nios2eds/bin/gnu/h-x86_64-mingw32/bin/../lib/gcc/nios2-elf/4.9.2/../../../../../H-x86_64-mingw32/nios2-elf/lib\libc.a(lib_a-putchar.o)
                0x000000000304c0f0                _putchar_r
 .text.putchar  0x000000000304c0f8       0x18 c:/altera_lite/15.1/nios2eds/bin/gnu/h-x86_64-mingw32/bin/../lib/gcc/nios2-elf/4.9.2/../../../../../H-x86_64-mingw32/nios2-elf/lib\libc.a(lib_a-putchar.o)
                0x000000000304c0f8                putchar
 .text          0x000000000304c110        0x0 c:/altera_lite/15.1/nios2eds/bin/gnu/h-x86_64-mingw32/bin/../lib/gcc/nios2-elf/4.9.2/../../../../../H-x86_64-mingw32/nios2-elf/lib\libc.a(lib_a-puts.o)
 .text._puts_r  0x000000000304c110       0xa8 c:/altera_lite/15.1/nios2eds/bin/gnu/h-x86_64-mingw32/bin/../lib/gcc/nios2-elf/4.9.2/../../../../../H-x86_64-mingw32/nios2-elf/lib\libc.a(lib_a-puts.o)
                0x000000000304c110                _puts_r
 .text.puts     0x000000000304c1b8       0x14 c:/altera_lite/15.1/nios2eds/bin/gnu/h-x86_64-mingw32/bin/../lib/gcc/nios2-elf/4.9.2/../../../../../H-x86_64-mingw32/nios2-elf/lib\libc.a(lib_a-puts.o)
                0x000000000304c1b8                puts
 .text          0x000000000304c1cc        0x0 c:/altera_lite/15.1/nios2eds/bin/gnu/h-x86_64-mingw32/bin/../lib/gcc/nios2-elf/4.9.2/../../../../../H-x86_64-mingw32/nios2-elf/lib\libc.a(lib_a-refill.o)
 .text.lflush   0x000000000304c1cc       0x1c c:/altera_lite/15.1/nios2eds/bin/gnu/h-x86_64-mingw32/bin/../lib/gcc/nios2-elf/4.9.2/../../../../../H-x86_64-mingw32/nios2-elf/lib\libc.a(lib_a-refill.o)
 .text.__srefill_r
                0x000000000304c1e8      0x1d4 c:/altera_lite/15.1/nios2eds/bin/gnu/h-x86_64-mingw32/bin/../lib/gcc/nios2-elf/4.9.2/../../../../../H-x86_64-mingw32/nios2-elf/lib\libc.a(lib_a-refill.o)
                0x000000000304c1e8                __srefill_r
 .text          0x000000000304c3bc        0x0 c:/altera_lite/15.1/nios2eds/bin/gnu/h-x86_64-mingw32/bin/../lib/gcc/nios2-elf/4.9.2/../../../../../H-x86_64-mingw32/nios2-elf/lib\libc.a(lib_a-sbrkr.o)
 .text._sbrk_r  0x000000000304c3bc       0x54 c:/altera_lite/15.1/nios2eds/bin/gnu/h-x86_64-mingw32/bin/../lib/gcc/nios2-elf/4.9.2/../../../../../H-x86_64-mingw32/nios2-elf/lib\libc.a(lib_a-sbrkr.o)
                0x000000000304c3bc                _sbrk_r
 .text          0x000000000304c410        0x0 c:/altera_lite/15.1/nios2eds/bin/gnu/h-x86_64-mingw32/bin/../lib/gcc/nios2-elf/4.9.2/../../../../../H-x86_64-mingw32/nios2-elf/lib\libc.a(lib_a-sprintf.o)
 .text._sprintf_r
                0x000000000304c410       0x58 c:/altera_lite/15.1/nios2eds/bin/gnu/h-x86_64-mingw32/bin/../lib/gcc/nios2-elf/4.9.2/../../../../../H-x86_64-mingw32/nios2-elf/lib\libc.a(lib_a-sprintf.o)
                0x000000000304c410                _sprintf_r
 .text.sprintf  0x000000000304c468       0x6c c:/altera_lite/15.1/nios2eds/bin/gnu/h-x86_64-mingw32/bin/../lib/gcc/nios2-elf/4.9.2/../../../../../H-x86_64-mingw32/nios2-elf/lib\libc.a(lib_a-sprintf.o)
                0x000000000304c468                sprintf
 .text          0x000000000304c4d4        0x0 c:/altera_lite/15.1/nios2eds/bin/gnu/h-x86_64-mingw32/bin/../lib/gcc/nios2-elf/4.9.2/../../../../../H-x86_64-mingw32/nios2-elf/lib\libc.a(lib_a-stdio.o)
 .text.__sread  0x000000000304c4d4       0x54 c:/altera_lite/15.1/nios2eds/bin/gnu/h-x86_64-mingw32/bin/../lib/gcc/nios2-elf/4.9.2/../../../../../H-x86_64-mingw32/nios2-elf/lib\libc.a(lib_a-stdio.o)
                0x000000000304c4d4                __sread
 .text.__seofread
                0x000000000304c528        0x8 c:/altera_lite/15.1/nios2eds/bin/gnu/h-x86_64-mingw32/bin/../lib/gcc/nios2-elf/4.9.2/../../../../../H-x86_64-mingw32/nios2-elf/lib\libc.a(lib_a-stdio.o)
                0x000000000304c528                __seofread
 .text.__swrite
                0x000000000304c530       0x7c c:/altera_lite/15.1/nios2eds/bin/gnu/h-x86_64-mingw32/bin/../lib/gcc/nios2-elf/4.9.2/../../../../../H-x86_64-mingw32/nios2-elf/lib\libc.a(lib_a-stdio.o)
                0x000000000304c530                __swrite
 .text.__sseek  0x000000000304c5ac       0x5c c:/altera_lite/15.1/nios2eds/bin/gnu/h-x86_64-mingw32/bin/../lib/gcc/nios2-elf/4.9.2/../../../../../H-x86_64-mingw32/nios2-elf/lib\libc.a(lib_a-stdio.o)
                0x000000000304c5ac                __sseek
 .text.__sclose
                0x000000000304c608        0x8 c:/altera_lite/15.1/nios2eds/bin/gnu/h-x86_64-mingw32/bin/../lib/gcc/nios2-elf/4.9.2/../../../../../H-x86_64-mingw32/nios2-elf/lib\libc.a(lib_a-stdio.o)
                0x000000000304c608                __sclose
 .text          0x000000000304c610        0x0 c:/altera_lite/15.1/nios2eds/bin/gnu/h-x86_64-mingw32/bin/../lib/gcc/nios2-elf/4.9.2/../../../../../H-x86_64-mingw32/nios2-elf/lib\libc.a(lib_a-strcasecmp.o)
 .text.strcasecmp
                0x000000000304c610       0x70 c:/altera_lite/15.1/nios2eds/bin/gnu/h-x86_64-mingw32/bin/../lib/gcc/nios2-elf/4.9.2/../../../../../H-x86_64-mingw32/nios2-elf/lib\libc.a(lib_a-strcasecmp.o)
                0x000000000304c610                strcasecmp
 .text          0x000000000304c680        0x0 c:/altera_lite/15.1/nios2eds/bin/gnu/h-x86_64-mingw32/bin/../lib/gcc/nios2-elf/4.9.2/../../../../../H-x86_64-mingw32/nios2-elf/lib\libc.a(lib_a-strcmp.o)
 .text.strcmp   0x000000000304c680       0xa4 c:/altera_lite/15.1/nios2eds/bin/gnu/h-x86_64-mingw32/bin/../lib/gcc/nios2-elf/4.9.2/../../../../../H-x86_64-mingw32/nios2-elf/lib\libc.a(lib_a-strcmp.o)
                0x000000000304c680                strcmp
 .text          0x000000000304c724        0x0 c:/altera_lite/15.1/nios2eds/bin/gnu/h-x86_64-mingw32/bin/../lib/gcc/nios2-elf/4.9.2/../../../../../H-x86_64-mingw32/nios2-elf/lib\libc.a(lib_a-strcpy.o)
 .text.strcpy   0x000000000304c724       0x90 c:/altera_lite/15.1/nios2eds/bin/gnu/h-x86_64-mingw32/bin/../lib/gcc/nios2-elf/4.9.2/../../../../../H-x86_64-mingw32/nios2-elf/lib\libc.a(lib_a-strcpy.o)
                0x000000000304c724                strcpy
 .text          0x000000000304c7b4        0x0 c:/altera_lite/15.1/nios2eds/bin/gnu/h-x86_64-mingw32/bin/../lib/gcc/nios2-elf/4.9.2/../../../../../H-x86_64-mingw32/nios2-elf/lib\libc.a(lib_a-strlen.o)
 .text.strlen   0x000000000304c7b4       0x98 c:/altera_lite/15.1/nios2eds/bin/gnu/h-x86_64-mingw32/bin/../lib/gcc/nios2-elf/4.9.2/../../../../../H-x86_64-mingw32/nios2-elf/lib\libc.a(lib_a-strlen.o)
                0x000000000304c7b4                strlen
 .text          0x000000000304c84c        0x0 c:/altera_lite/15.1/nios2eds/bin/gnu/h-x86_64-mingw32/bin/../lib/gcc/nios2-elf/4.9.2/../../../../../H-x86_64-mingw32/nios2-elf/lib\libc.a(lib_a-svfprintf.o)
 .text.___svfprintf_internal_r
                0x000000000304c84c     0x1f90 c:/altera_lite/15.1/nios2eds/bin/gnu/h-x86_64-mingw32/bin/../lib/gcc/nios2-elf/4.9.2/../../../../../H-x86_64-mingw32/nios2-elf/lib\libc.a(lib_a-svfprintf.o)
                0x000000000304c84c                ___svfprintf_internal_r
 .text          0x000000000304e7dc        0x0 c:/altera_lite/15.1/nios2eds/bin/gnu/h-x86_64-mingw32/bin/../lib/gcc/nios2-elf/4.9.2/../../../../../H-x86_64-mingw32/nios2-elf/lib\libc.a(lib_a-vfprintf.o)
 .text.___vfprintf_internal_r
                0x000000000304e7dc     0x1f50 c:/altera_lite/15.1/nios2eds/bin/gnu/h-x86_64-mingw32/bin/../lib/gcc/nios2-elf/4.9.2/../../../../../H-x86_64-mingw32/nios2-elf/lib\libc.a(lib_a-vfprintf.o)
                0x000000000304e7dc                ___vfprintf_internal_r
 .text.__vfprintf_internal
                0x000000000305072c       0x24 c:/altera_lite/15.1/nios2eds/bin/gnu/h-x86_64-mingw32/bin/../lib/gcc/nios2-elf/4.9.2/../../../../../H-x86_64-mingw32/nios2-elf/lib\libc.a(lib_a-vfprintf.o)
                0x000000000305072c                __vfprintf_internal
 .text.__sbprintf
                0x0000000003050750       0xbc c:/altera_lite/15.1/nios2eds/bin/gnu/h-x86_64-mingw32/bin/../lib/gcc/nios2-elf/4.9.2/../../../../../H-x86_64-mingw32/nios2-elf/lib\libc.a(lib_a-vfprintf.o)
 .text          0x000000000305080c        0x0 c:/altera_lite/15.1/nios2eds/bin/gnu/h-x86_64-mingw32/bin/../lib/gcc/nios2-elf/4.9.2/../../../../../H-x86_64-mingw32/nios2-elf/lib\libc.a(lib_a-vsnprintf.o)
 .text._vsnprintf_r
                0x000000000305080c       0xf0 c:/altera_lite/15.1/nios2eds/bin/gnu/h-x86_64-mingw32/bin/../lib/gcc/nios2-elf/4.9.2/../../../../../H-x86_64-mingw32/nios2-elf/lib\libc.a(lib_a-vsnprintf.o)
                0x000000000305080c                _vsnprintf_r
 .text.vsnprintf
                0x00000000030508fc       0x40 c:/altera_lite/15.1/nios2eds/bin/gnu/h-x86_64-mingw32/bin/../lib/gcc/nios2-elf/4.9.2/../../../../../H-x86_64-mingw32/nios2-elf/lib\libc.a(lib_a-vsnprintf.o)
                0x00000000030508fc                vsnprintf
 .text          0x000000000305093c        0x0 c:/altera_lite/15.1/nios2eds/bin/gnu/h-x86_64-mingw32/bin/../lib/gcc/nios2-elf/4.9.2/../../../../../H-x86_64-mingw32/nios2-elf/lib\libc.a(lib_a-writer.o)
 .text._write_r
                0x000000000305093c       0x5c c:/altera_lite/15.1/nios2eds/bin/gnu/h-x86_64-mingw32/bin/../lib/gcc/nios2-elf/4.9.2/../../../../../H-x86_64-mingw32/nios2-elf/lib\libc.a(lib_a-writer.o)
                0x000000000305093c                _write_r
 .text          0x0000000003050998        0x0 c:/altera_lite/15.1/nios2eds/bin/gnu/h-x86_64-mingw32/bin/../lib/gcc/nios2-elf/4.9.2/../../../../../H-x86_64-mingw32/nios2-elf/lib\libc.a(lib_a-wsetup.o)
 .text.__swsetup_r
                0x0000000003050998      0x154 c:/altera_lite/15.1/nios2eds/bin/gnu/h-x86_64-mingw32/bin/../lib/gcc/nios2-elf/4.9.2/../../../../../H-x86_64-mingw32/nios2-elf/lib\libc.a(lib_a-wsetup.o)
                0x0000000003050998                __swsetup_r
 .text          0x0000000003050aec        0x0 c:/altera_lite/15.1/nios2eds/bin/gnu/h-x86_64-mingw32/bin/../lib/gcc/nios2-elf/4.9.2/../../../../../H-x86_64-mingw32/nios2-elf/lib\libc.a(closer.o)
 .text._close_r
                0x0000000003050aec       0x54 c:/altera_lite/15.1/nios2eds/bin/gnu/h-x86_64-mingw32/bin/../lib/gcc/nios2-elf/4.9.2/../../../../../H-x86_64-mingw32/nios2-elf/lib\libc.a(closer.o)
                0x0000000003050aec                _close_r
 .text          0x0000000003050b40        0x0 c:/altera_lite/15.1/nios2eds/bin/gnu/h-x86_64-mingw32/bin/../lib/gcc/nios2-elf/4.9.2/../../../../../H-x86_64-mingw32/nios2-elf/lib\libc.a(lib_a-ctype_.o)
 .text          0x0000000003050b40        0x0 c:/altera_lite/15.1/nios2eds/bin/gnu/h-x86_64-mingw32/bin/../lib/gcc/nios2-elf/4.9.2/../../../../../H-x86_64-mingw32/nios2-elf/lib\libc.a(lib_a-dtoa.o)
 .text.quorem   0x0000000003050b40      0x200 c:/altera_lite/15.1/nios2eds/bin/gnu/h-x86_64-mingw32/bin/../lib/gcc/nios2-elf/4.9.2/../../../../../H-x86_64-mingw32/nios2-elf/lib\libc.a(lib_a-dtoa.o)
 .text._dtoa_r  0x0000000003050d40     0x1728 c:/altera_lite/15.1/nios2eds/bin/gnu/h-x86_64-mingw32/bin/../lib/gcc/nios2-elf/4.9.2/../../../../../H-x86_64-mingw32/nios2-elf/lib\libc.a(lib_a-dtoa.o)
                0x0000000003050d40                _dtoa_r
 .text          0x0000000003052468        0x0 c:/altera_lite/15.1/nios2eds/bin/gnu/h-x86_64-mingw32/bin/../lib/gcc/nios2-elf/4.9.2/../../../../../H-x86_64-mingw32/nios2-elf/lib\libc.a(lib_a-flags.o)
 .text.__sflags
                0x0000000003052468       0xac c:/altera_lite/15.1/nios2eds/bin/gnu/h-x86_64-mingw32/bin/../lib/gcc/nios2-elf/4.9.2/../../../../../H-x86_64-mingw32/nios2-elf/lib\libc.a(lib_a-flags.o)
                0x0000000003052468                __sflags
 .text          0x0000000003052514        0x0 c:/altera_lite/15.1/nios2eds/bin/gnu/h-x86_64-mingw32/bin/../lib/gcc/nios2-elf/4.9.2/../../../../../H-x86_64-mingw32/nios2-elf/lib\libc.a(lib_a-fvwrite.o)
 .text.__sfvwrite_r
                0x0000000003052514      0x4c0 c:/altera_lite/15.1/nios2eds/bin/gnu/h-x86_64-mingw32/bin/../lib/gcc/nios2-elf/4.9.2/../../../../../H-x86_64-mingw32/nios2-elf/lib\libc.a(lib_a-fvwrite.o)
                0x0000000003052514                __sfvwrite_r
 .text          0x00000000030529d4        0x0 c:/altera_lite/15.1/nios2eds/bin/gnu/h-x86_64-mingw32/bin/../lib/gcc/nios2-elf/4.9.2/../../../../../H-x86_64-mingw32/nios2-elf/lib\libc.a(lib_a-isattyr.o)
 .text._isatty_r
                0x00000000030529d4       0x54 c:/altera_lite/15.1/nios2eds/bin/gnu/h-x86_64-mingw32/bin/../lib/gcc/nios2-elf/4.9.2/../../../../../H-x86_64-mingw32/nios2-elf/lib\libc.a(lib_a-isattyr.o)
                0x00000000030529d4                _isatty_r
 .text          0x0000000003052a28        0x0 c:/altera_lite/15.1/nios2eds/bin/gnu/h-x86_64-mingw32/bin/../lib/gcc/nios2-elf/4.9.2/../../../../../H-x86_64-mingw32/nios2-elf/lib\libc.a(lib_a-locale.o)
 .text._setlocale_r
                0x0000000003052a28       0x7c c:/altera_lite/15.1/nios2eds/bin/gnu/h-x86_64-mingw32/bin/../lib/gcc/nios2-elf/4.9.2/../../../../../H-x86_64-mingw32/nios2-elf/lib\libc.a(lib_a-locale.o)
                0x0000000003052a28                _setlocale_r
 .text.__locale_charset
                0x0000000003052aa4        0xc c:/altera_lite/15.1/nios2eds/bin/gnu/h-x86_64-mingw32/bin/../lib/gcc/nios2-elf/4.9.2/../../../../../H-x86_64-mingw32/nios2-elf/lib\libc.a(lib_a-locale.o)
                0x0000000003052aa4                __locale_charset
 .text.__locale_mb_cur_max
                0x0000000003052ab0       0x10 c:/altera_lite/15.1/nios2eds/bin/gnu/h-x86_64-mingw32/bin/../lib/gcc/nios2-elf/4.9.2/../../../../../H-x86_64-mingw32/nios2-elf/lib\libc.a(lib_a-locale.o)
                0x0000000003052ab0                __locale_mb_cur_max
 .text.__locale_msgcharset
                0x0000000003052ac0        0xc c:/altera_lite/15.1/nios2eds/bin/gnu/h-x86_64-mingw32/bin/../lib/gcc/nios2-elf/4.9.2/../../../../../H-x86_64-mingw32/nios2-elf/lib\libc.a(lib_a-locale.o)
                0x0000000003052ac0                __locale_msgcharset
 .text.__locale_cjk_lang
                0x0000000003052acc        0x8 c:/altera_lite/15.1/nios2eds/bin/gnu/h-x86_64-mingw32/bin/../lib/gcc/nios2-elf/4.9.2/../../../../../H-x86_64-mingw32/nios2-elf/lib\libc.a(lib_a-locale.o)
                0x0000000003052acc                __locale_cjk_lang
 .text._localeconv_r
                0x0000000003052ad4        0xc c:/altera_lite/15.1/nios2eds/bin/gnu/h-x86_64-mingw32/bin/../lib/gcc/nios2-elf/4.9.2/../../../../../H-x86_64-mingw32/nios2-elf/lib\libc.a(lib_a-locale.o)
                0x0000000003052ad4                _localeconv_r
 .text.setlocale
                0x0000000003052ae0       0x1c c:/altera_lite/15.1/nios2eds/bin/gnu/h-x86_64-mingw32/bin/../lib/gcc/nios2-elf/4.9.2/../../../../../H-x86_64-mingw32/nios2-elf/lib\libc.a(lib_a-locale.o)
                0x0000000003052ae0                setlocale
 .text.localeconv
                0x0000000003052afc        0xc c:/altera_lite/15.1/nios2eds/bin/gnu/h-x86_64-mingw32/bin/../lib/gcc/nios2-elf/4.9.2/../../../../../H-x86_64-mingw32/nios2-elf/lib\libc.a(lib_a-locale.o)
                0x0000000003052afc                localeconv
 .text          0x0000000003052b08        0x0 c:/altera_lite/15.1/nios2eds/bin/gnu/h-x86_64-mingw32/bin/../lib/gcc/nios2-elf/4.9.2/../../../../../H-x86_64-mingw32/nios2-elf/lib\libc.a(lib_a-lseekr.o)
 .text._lseek_r
                0x0000000003052b08       0x5c c:/altera_lite/15.1/nios2eds/bin/gnu/h-x86_64-mingw32/bin/../lib/gcc/nios2-elf/4.9.2/../../../../../H-x86_64-mingw32/nios2-elf/lib\libc.a(lib_a-lseekr.o)
                0x0000000003052b08                _lseek_r
 .text          0x0000000003052b64        0x0 c:/altera_lite/15.1/nios2eds/bin/gnu/h-x86_64-mingw32/bin/../lib/gcc/nios2-elf/4.9.2/../../../../../H-x86_64-mingw32/nios2-elf/lib\libc.a(lib_a-memchr.o)
 .text.memchr   0x0000000003052b64       0xe8 c:/altera_lite/15.1/nios2eds/bin/gnu/h-x86_64-mingw32/bin/../lib/gcc/nios2-elf/4.9.2/../../../../../H-x86_64-mingw32/nios2-elf/lib\libc.a(lib_a-memchr.o)
                0x0000000003052b64                memchr
 .text          0x0000000003052c4c        0x0 c:/altera_lite/15.1/nios2eds/bin/gnu/h-x86_64-mingw32/bin/../lib/gcc/nios2-elf/4.9.2/../../../../../H-x86_64-mingw32/nios2-elf/lib\libc.a(lib_a-memmove.o)
 .text.memmove  0x0000000003052c4c      0x15c c:/altera_lite/15.1/nios2eds/bin/gnu/h-x86_64-mingw32/bin/../lib/gcc/nios2-elf/4.9.2/../../../../../H-x86_64-mingw32/nios2-elf/lib\libc.a(lib_a-memmove.o)
                0x0000000003052c4c                memmove
 .text          0x0000000003052da8        0x0 c:/altera_lite/15.1/nios2eds/bin/gnu/h-x86_64-mingw32/bin/../lib/gcc/nios2-elf/4.9.2/../../../../../H-x86_64-mingw32/nios2-elf/lib\libc.a(lib_a-mprec.o)
 .text._Balloc  0x0000000003052da8       0xa8 c:/altera_lite/15.1/nios2eds/bin/gnu/h-x86_64-mingw32/bin/../lib/gcc/nios2-elf/4.9.2/../../../../../H-x86_64-mingw32/nios2-elf/lib\libc.a(lib_a-mprec.o)
                0x0000000003052da8                _Balloc
 .text._Bfree   0x0000000003052e50       0x28 c:/altera_lite/15.1/nios2eds/bin/gnu/h-x86_64-mingw32/bin/../lib/gcc/nios2-elf/4.9.2/../../../../../H-x86_64-mingw32/nios2-elf/lib\libc.a(lib_a-mprec.o)
                0x0000000003052e50                _Bfree
 .text.__multadd
                0x0000000003052e78      0x120 c:/altera_lite/15.1/nios2eds/bin/gnu/h-x86_64-mingw32/bin/../lib/gcc/nios2-elf/4.9.2/../../../../../H-x86_64-mingw32/nios2-elf/lib\libc.a(lib_a-mprec.o)
                0x0000000003052e78                __multadd
 .text.__s2b    0x0000000003052f98      0x104 c:/altera_lite/15.1/nios2eds/bin/gnu/h-x86_64-mingw32/bin/../lib/gcc/nios2-elf/4.9.2/../../../../../H-x86_64-mingw32/nios2-elf/lib\libc.a(lib_a-mprec.o)
                0x0000000003052f98                __s2b
 .text.__hi0bits
                0x000000000305309c       0x68 c:/altera_lite/15.1/nios2eds/bin/gnu/h-x86_64-mingw32/bin/../lib/gcc/nios2-elf/4.9.2/../../../../../H-x86_64-mingw32/nios2-elf/lib\libc.a(lib_a-mprec.o)
                0x000000000305309c                __hi0bits
 .text.__lo0bits
                0x0000000003053104       0xb0 c:/altera_lite/15.1/nios2eds/bin/gnu/h-x86_64-mingw32/bin/../lib/gcc/nios2-elf/4.9.2/../../../../../H-x86_64-mingw32/nios2-elf/lib\libc.a(lib_a-mprec.o)
                0x0000000003053104                __lo0bits
 .text.__i2b    0x00000000030531b4       0x3c c:/altera_lite/15.1/nios2eds/bin/gnu/h-x86_64-mingw32/bin/../lib/gcc/nios2-elf/4.9.2/../../../../../H-x86_64-mingw32/nios2-elf/lib\libc.a(lib_a-mprec.o)
                0x00000000030531b4                __i2b
 .text.__multiply
                0x00000000030531f0      0x1fc c:/altera_lite/15.1/nios2eds/bin/gnu/h-x86_64-mingw32/bin/../lib/gcc/nios2-elf/4.9.2/../../../../../H-x86_64-mingw32/nios2-elf/lib\libc.a(lib_a-mprec.o)
                0x00000000030531f0                __multiply
 .text.__pow5mult
                0x00000000030533ec      0x140 c:/altera_lite/15.1/nios2eds/bin/gnu/h-x86_64-mingw32/bin/../lib/gcc/nios2-elf/4.9.2/../../../../../H-x86_64-mingw32/nios2-elf/lib\libc.a(lib_a-mprec.o)
                0x00000000030533ec                __pow5mult
 .text.__lshift
                0x000000000305352c      0x150 c:/altera_lite/15.1/nios2eds/bin/gnu/h-x86_64-mingw32/bin/../lib/gcc/nios2-elf/4.9.2/../../../../../H-x86_64-mingw32/nios2-elf/lib\libc.a(lib_a-mprec.o)
                0x000000000305352c                __lshift
 .text.__mcmp   0x000000000305367c       0x60 c:/altera_lite/15.1/nios2eds/bin/gnu/h-x86_64-mingw32/bin/../lib/gcc/nios2-elf/4.9.2/../../../../../H-x86_64-mingw32/nios2-elf/lib\libc.a(lib_a-mprec.o)
                0x000000000305367c                __mcmp
 .text.__mdiff  0x00000000030536dc      0x198 c:/altera_lite/15.1/nios2eds/bin/gnu/h-x86_64-mingw32/bin/../lib/gcc/nios2-elf/4.9.2/../../../../../H-x86_64-mingw32/nios2-elf/lib\libc.a(lib_a-mprec.o)
                0x00000000030536dc                __mdiff
 .text.__ulp    0x0000000003053874       0x60 c:/altera_lite/15.1/nios2eds/bin/gnu/h-x86_64-mingw32/bin/../lib/gcc/nios2-elf/4.9.2/../../../../../H-x86_64-mingw32/nios2-elf/lib\libc.a(lib_a-mprec.o)
                0x0000000003053874                __ulp
 .text.__b2d    0x00000000030538d4      0x11c c:/altera_lite/15.1/nios2eds/bin/gnu/h-x86_64-mingw32/bin/../lib/gcc/nios2-elf/4.9.2/../../../../../H-x86_64-mingw32/nios2-elf/lib\libc.a(lib_a-mprec.o)
                0x00000000030538d4                __b2d
 .text.__d2b    0x00000000030539f0      0x13c c:/altera_lite/15.1/nios2eds/bin/gnu/h-x86_64-mingw32/bin/../lib/gcc/nios2-elf/4.9.2/../../../../../H-x86_64-mingw32/nios2-elf/lib\libc.a(lib_a-mprec.o)
                0x00000000030539f0                __d2b
 .text.__ratio  0x0000000003053b2c       0xa4 c:/altera_lite/15.1/nios2eds/bin/gnu/h-x86_64-mingw32/bin/../lib/gcc/nios2-elf/4.9.2/../../../../../H-x86_64-mingw32/nios2-elf/lib\libc.a(lib_a-mprec.o)
                0x0000000003053b2c                __ratio
 .text._mprec_log10
                0x0000000003053bd0       0x74 c:/altera_lite/15.1/nios2eds/bin/gnu/h-x86_64-mingw32/bin/../lib/gcc/nios2-elf/4.9.2/../../../../../H-x86_64-mingw32/nios2-elf/lib\libc.a(lib_a-mprec.o)
                0x0000000003053bd0                _mprec_log10
 .text.__copybits
                0x0000000003053c44       0x78 c:/altera_lite/15.1/nios2eds/bin/gnu/h-x86_64-mingw32/bin/../lib/gcc/nios2-elf/4.9.2/../../../../../H-x86_64-mingw32/nios2-elf/lib\libc.a(lib_a-mprec.o)
                0x0000000003053c44                __copybits
 .text.__any_on
                0x0000000003053cbc       0x8c c:/altera_lite/15.1/nios2eds/bin/gnu/h-x86_64-mingw32/bin/../lib/gcc/nios2-elf/4.9.2/../../../../../H-x86_64-mingw32/nios2-elf/lib\libc.a(lib_a-mprec.o)
                0x0000000003053cbc                __any_on
 .text          0x0000000003053d48        0x0 c:/altera_lite/15.1/nios2eds/bin/gnu/h-x86_64-mingw32/bin/../lib/gcc/nios2-elf/4.9.2/../../../../../H-x86_64-mingw32/nios2-elf/lib\libc.a(lib_a-putc.o)
 .text._putc_r  0x0000000003053d48       0xa0 c:/altera_lite/15.1/nios2eds/bin/gnu/h-x86_64-mingw32/bin/../lib/gcc/nios2-elf/4.9.2/../../../../../H-x86_64-mingw32/nios2-elf/lib\libc.a(lib_a-putc.o)
                0x0000000003053d48                _putc_r
 .text.putc     0x0000000003053de8       0xcc c:/altera_lite/15.1/nios2eds/bin/gnu/h-x86_64-mingw32/bin/../lib/gcc/nios2-elf/4.9.2/../../../../../H-x86_64-mingw32/nios2-elf/lib\libc.a(lib_a-putc.o)
                0x0000000003053de8                putc
 .text          0x0000000003053eb4        0x0 c:/altera_lite/15.1/nios2eds/bin/gnu/h-x86_64-mingw32/bin/../lib/gcc/nios2-elf/4.9.2/../../../../../H-x86_64-mingw32/nios2-elf/lib\libc.a(lib_a-readr.o)
 .text._read_r  0x0000000003053eb4       0x5c c:/altera_lite/15.1/nios2eds/bin/gnu/h-x86_64-mingw32/bin/../lib/gcc/nios2-elf/4.9.2/../../../../../H-x86_64-mingw32/nios2-elf/lib\libc.a(lib_a-readr.o)
                0x0000000003053eb4                _read_r
 .text          0x0000000003053f10        0x0 c:/altera_lite/15.1/nios2eds/bin/gnu/h-x86_64-mingw32/bin/../lib/gcc/nios2-elf/4.9.2/../../../../../H-x86_64-mingw32/nios2-elf/lib\libc.a(lib_a-reallocr.o)
 .text._realloc_r
                0x0000000003053f10      0x568 c:/altera_lite/15.1/nios2eds/bin/gnu/h-x86_64-mingw32/bin/../lib/gcc/nios2-elf/4.9.2/../../../../../H-x86_64-mingw32/nios2-elf/lib\libc.a(lib_a-reallocr.o)
                0x0000000003053f10                _realloc_r
 .text          0x0000000003054478        0x0 c:/altera_lite/15.1/nios2eds/bin/gnu/h-x86_64-mingw32/bin/../lib/gcc/nios2-elf/4.9.2/../../../../../H-x86_64-mingw32/nios2-elf/lib\libc.a(lib_a-s_fpclassify.o)
 .text.__fpclassifyd
                0x0000000003054478       0x74 c:/altera_lite/15.1/nios2eds/bin/gnu/h-x86_64-mingw32/bin/../lib/gcc/nios2-elf/4.9.2/../../../../../H-x86_64-mingw32/nios2-elf/lib\libc.a(lib_a-s_fpclassify.o)
                0x0000000003054478                __fpclassifyd
 .text          0x00000000030544ec        0x0 c:/altera_lite/15.1/nios2eds/bin/gnu/h-x86_64-mingw32/bin/../lib/gcc/nios2-elf/4.9.2/../../../../../H-x86_64-mingw32/nios2-elf/lib\libc.a(lib_a-svfiprintf.o)
 .text.__ssprint_r
                0x00000000030544ec      0x1cc c:/altera_lite/15.1/nios2eds/bin/gnu/h-x86_64-mingw32/bin/../lib/gcc/nios2-elf/4.9.2/../../../../../H-x86_64-mingw32/nios2-elf/lib\libc.a(lib_a-svfiprintf.o)
                0x00000000030544ec                __ssprint_r
 .text.___svfiprintf_internal_r
                0x00000000030546b8     0x1038 c:/altera_lite/15.1/nios2eds/bin/gnu/h-x86_64-mingw32/bin/../lib/gcc/nios2-elf/4.9.2/../../../../../H-x86_64-mingw32/nios2-elf/lib\libc.a(lib_a-svfiprintf.o)
                0x00000000030546b8                ___svfiprintf_internal_r
 .text          0x00000000030556f0        0x0 c:/altera_lite/15.1/nios2eds/bin/gnu/h-x86_64-mingw32/bin/../lib/gcc/nios2-elf/4.9.2/../../../../../H-x86_64-mingw32/nios2-elf/lib\libc.a(lib_a-vfiprintf.o)
 .text.__sprint_r.part.0
                0x00000000030556f0       0xfc c:/altera_lite/15.1/nios2eds/bin/gnu/h-x86_64-mingw32/bin/../lib/gcc/nios2-elf/4.9.2/../../../../../H-x86_64-mingw32/nios2-elf/lib\libc.a(lib_a-vfiprintf.o)
 .text.__sprint_r
                0x00000000030557ec       0x18 c:/altera_lite/15.1/nios2eds/bin/gnu/h-x86_64-mingw32/bin/../lib/gcc/nios2-elf/4.9.2/../../../../../H-x86_64-mingw32/nios2-elf/lib\libc.a(lib_a-vfiprintf.o)
                0x00000000030557ec                __sprint_r
 .text.___vfiprintf_internal_r
                0x0000000003055804     0x12d0 c:/altera_lite/15.1/nios2eds/bin/gnu/h-x86_64-mingw32/bin/../lib/gcc/nios2-elf/4.9.2/../../../../../H-x86_64-mingw32/nios2-elf/lib\libc.a(lib_a-vfiprintf.o)
                0x0000000003055804                ___vfiprintf_internal_r
 .text.__vfiprintf_internal
                0x0000000003056ad4       0x24 c:/altera_lite/15.1/nios2eds/bin/gnu/h-x86_64-mingw32/bin/../lib/gcc/nios2-elf/4.9.2/../../../../../H-x86_64-mingw32/nios2-elf/lib\libc.a(lib_a-vfiprintf.o)
                0x0000000003056ad4                __vfiprintf_internal
 .text.__sbprintf
                0x0000000003056af8       0xbc c:/altera_lite/15.1/nios2eds/bin/gnu/h-x86_64-mingw32/bin/../lib/gcc/nios2-elf/4.9.2/../../../../../H-x86_64-mingw32/nios2-elf/lib\libc.a(lib_a-vfiprintf.o)
 .text          0x0000000003056bb4        0x0 c:/altera_lite/15.1/nios2eds/bin/gnu/h-x86_64-mingw32/bin/../lib/gcc/nios2-elf/4.9.2/../../../../../H-x86_64-mingw32/nios2-elf/lib\libc.a(lib_a-wbuf.o)
 .text.__swbuf_r
                0x0000000003056bb4      0x138 c:/altera_lite/15.1/nios2eds/bin/gnu/h-x86_64-mingw32/bin/../lib/gcc/nios2-elf/4.9.2/../../../../../H-x86_64-mingw32/nios2-elf/lib\libc.a(lib_a-wbuf.o)
                0x0000000003056bb4                __swbuf_r
 .text.__swbuf  0x0000000003056cec       0x1c c:/altera_lite/15.1/nios2eds/bin/gnu/h-x86_64-mingw32/bin/../lib/gcc/nios2-elf/4.9.2/../../../../../H-x86_64-mingw32/nios2-elf/lib\libc.a(lib_a-wbuf.o)
                0x0000000003056cec                __swbuf
 .text          0x0000000003056d08        0x0 c:/altera_lite/15.1/nios2eds/bin/gnu/h-x86_64-mingw32/bin/../lib/gcc/nios2-elf/4.9.2/../../../../../H-x86_64-mingw32/nios2-elf/lib\libc.a(lib_a-callocr.o)
 .text._calloc_r
                0x0000000003056d08       0xc4 c:/altera_lite/15.1/nios2eds/bin/gnu/h-x86_64-mingw32/bin/../lib/gcc/nios2-elf/4.9.2/../../../../../H-x86_64-mingw32/nios2-elf/lib\libc.a(lib_a-callocr.o)
                0x0000000003056d08                _calloc_r
 .text          0x0000000003056dcc        0x0 c:/altera_lite/15.1/nios2eds/bin/gnu/h-x86_64-mingw32/bin/../lib/gcc/nios2-elf/4.9.2/../../../../../H-x86_64-mingw32/nios2-elf/lib\libc.a(lib_a-fputwc.o)
 .text._fputwc_r
                0x0000000003056dcc      0x184 c:/altera_lite/15.1/nios2eds/bin/gnu/h-x86_64-mingw32/bin/../lib/gcc/nios2-elf/4.9.2/../../../../../H-x86_64-mingw32/nios2-elf/lib\libc.a(lib_a-fputwc.o)
                0x0000000003056dcc                _fputwc_r
 .text.fputwc   0x0000000003056f50       0x5c c:/altera_lite/15.1/nios2eds/bin/gnu/h-x86_64-mingw32/bin/../lib/gcc/nios2-elf/4.9.2/../../../../../H-x86_64-mingw32/nios2-elf/lib\libc.a(lib_a-fputwc.o)
                0x0000000003056f50                fputwc
 .text          0x0000000003056fac        0x0 c:/altera_lite/15.1/nios2eds/bin/gnu/h-x86_64-mingw32/bin/../lib/gcc/nios2-elf/4.9.2/../../../../../H-x86_64-mingw32/nios2-elf/lib\libc.a(lib_a-wcrtomb.o)
 .text._wcrtomb_r
                0x0000000003056fac       0x9c c:/altera_lite/15.1/nios2eds/bin/gnu/h-x86_64-mingw32/bin/../lib/gcc/nios2-elf/4.9.2/../../../../../H-x86_64-mingw32/nios2-elf/lib\libc.a(lib_a-wcrtomb.o)
                0x0000000003056fac                _wcrtomb_r
 .text.wcrtomb  0x0000000003057048       0xc0 c:/altera_lite/15.1/nios2eds/bin/gnu/h-x86_64-mingw32/bin/../lib/gcc/nios2-elf/4.9.2/../../../../../H-x86_64-mingw32/nios2-elf/lib\libc.a(lib_a-wcrtomb.o)
                0x0000000003057048                wcrtomb
 .text          0x0000000003057108        0x0 c:/altera_lite/15.1/nios2eds/bin/gnu/h-x86_64-mingw32/bin/../lib/gcc/nios2-elf/4.9.2/../../../../../H-x86_64-mingw32/nios2-elf/lib\libc.a(lib_a-wctomb_r.o)
 .text.__ascii_wctomb
                0x0000000003057108       0x30 c:/altera_lite/15.1/nios2eds/bin/gnu/h-x86_64-mingw32/bin/../lib/gcc/nios2-elf/4.9.2/../../../../../H-x86_64-mingw32/nios2-elf/lib\libc.a(lib_a-wctomb_r.o)
                0x0000000003057108                __ascii_wctomb
 .text._wctomb_r
                0x0000000003057138       0x5c c:/altera_lite/15.1/nios2eds/bin/gnu/h-x86_64-mingw32/bin/../lib/gcc/nios2-elf/4.9.2/../../../../../H-x86_64-mingw32/nios2-elf/lib\libc.a(lib_a-wctomb_r.o)
                0x0000000003057138                _wctomb_r
 .text          0x0000000003057194      0x5c0 c:/altera_lite/15.1/nios2eds/bin/gnu/h-x86_64-mingw32/bin/../lib/gcc/nios2-elf/4.9.2\libgcc.a(_udivdi3.o)
                0x0000000003057194                __udivdi3
 .text          0x0000000003057754      0x590 c:/altera_lite/15.1/nios2eds/bin/gnu/h-x86_64-mingw32/bin/../lib/gcc/nios2-elf/4.9.2\libgcc.a(_umoddi3.o)
                0x0000000003057754                __umoddi3
 .text          0x0000000003057ce4      0x89c c:/altera_lite/15.1/nios2eds/bin/gnu/h-x86_64-mingw32/bin/../lib/gcc/nios2-elf/4.9.2\libgcc.a(adddf3.o)
                0x0000000003057ce4                __adddf3
 .text          0x0000000003058580       0x84 c:/altera_lite/15.1/nios2eds/bin/gnu/h-x86_64-mingw32/bin/../lib/gcc/nios2-elf/4.9.2\libgcc.a(eqdf2.o)
                0x0000000003058580                __nedf2
                0x0000000003058580                __eqdf2
 .text          0x0000000003058604       0xe0 c:/altera_lite/15.1/nios2eds/bin/gnu/h-x86_64-mingw32/bin/../lib/gcc/nios2-elf/4.9.2\libgcc.a(gedf2.o)
                0x0000000003058604                __gedf2
                0x0000000003058604                __gtdf2
 .text          0x00000000030586e4       0xe0 c:/altera_lite/15.1/nios2eds/bin/gnu/h-x86_64-mingw32/bin/../lib/gcc/nios2-elf/4.9.2\libgcc.a(ledf2.o)
                0x00000000030586e4                __ledf2
                0x00000000030586e4                __ltdf2
 .text          0x00000000030587c4      0x724 c:/altera_lite/15.1/nios2eds/bin/gnu/h-x86_64-mingw32/bin/../lib/gcc/nios2-elf/4.9.2\libgcc.a(muldf3.o)
                0x00000000030587c4                __muldf3
 .text          0x0000000003058ee8      0x8d0 c:/altera_lite/15.1/nios2eds/bin/gnu/h-x86_64-mingw32/bin/../lib/gcc/nios2-elf/4.9.2\libgcc.a(subdf3.o)
                0x0000000003058ee8                __subdf3
 .text          0x00000000030597b8       0x88 c:/altera_lite/15.1/nios2eds/bin/gnu/h-x86_64-mingw32/bin/../lib/gcc/nios2-elf/4.9.2\libgcc.a(fixdfsi.o)
                0x00000000030597b8                __fixdfsi
 .text          0x0000000003059840       0xd0 c:/altera_lite/15.1/nios2eds/bin/gnu/h-x86_64-mingw32/bin/../lib/gcc/nios2-elf/4.9.2\libgcc.a(floatsidf.o)
                0x0000000003059840                __floatsidf
 .text          0x0000000003059910       0xa4 c:/altera_lite/15.1/nios2eds/bin/gnu/h-x86_64-mingw32/bin/../lib/gcc/nios2-elf/4.9.2\libgcc.a(floatunsidf.o)
                0x0000000003059910                __floatunsidf
 .text          0x00000000030599b4      0x120 ../DE2_115_SD_Card_Audio_Player_bsp/\libhal_bsp.a(alt_close.o)
                0x0000000003059a04                close
 .text          0x0000000003059ad4       0x2c ../DE2_115_SD_Card_Audio_Player_bsp/\libhal_bsp.a(alt_dev.o)
 .text          0x0000000003059b00        0x0 ../DE2_115_SD_Card_Audio_Player_bsp/\libhal_bsp.a(alt_errno.o)
 .text          0x0000000003059b00      0x100 ../DE2_115_SD_Card_Audio_Player_bsp/\libhal_bsp.a(alt_fstat.o)
                0x0000000003059b50                fstat
 .text          0x0000000003059c00      0x1b0 ../DE2_115_SD_Card_Audio_Player_bsp/\libhal_bsp.a(alt_irq_register.o)
                0x0000000003059c00                alt_irq_register
 .text          0x0000000003059db0        0x0 ../DE2_115_SD_Card_Audio_Player_bsp/\libhal_bsp.a(alt_irq_vars.o)
 .text          0x0000000003059db0       0xf4 ../DE2_115_SD_Card_Audio_Player_bsp/\libhal_bsp.a(alt_isatty.o)
                0x0000000003059e00                isatty
 .text          0x0000000003059ea4       0xe4 ../DE2_115_SD_Card_Audio_Player_bsp/\libhal_bsp.a(alt_load.o)
                0x0000000003059f08                alt_load
 .text          0x0000000003059f88      0x124 ../DE2_115_SD_Card_Audio_Player_bsp/\libhal_bsp.a(alt_lseek.o)
                0x0000000003059fd8                lseek
 .text          0x000000000305a0ac       0x78 ../DE2_115_SD_Card_Audio_Player_bsp/\libhal_bsp.a(alt_main.o)
                0x000000000305a0ac                alt_main
 .text          0x000000000305a124       0x40 ../DE2_115_SD_Card_Audio_Player_bsp/\libhal_bsp.a(alt_malloc_lock.o)
                0x000000000305a124                __malloc_lock
                0x000000000305a144                __malloc_unlock
 .text          0x000000000305a164      0x274 ../DE2_115_SD_Card_Audio_Player_bsp/\libhal_bsp.a(alt_open.o)
                0x000000000305a280                open
 .text          0x000000000305a3d8      0x14c ../DE2_115_SD_Card_Audio_Player_bsp/\libhal_bsp.a(alt_read.o)
                0x000000000305a428                read
 .text          0x000000000305a524       0x60 ../DE2_115_SD_Card_Audio_Player_bsp/\libhal_bsp.a(alt_release_fd.o)
                0x000000000305a524                alt_release_fd
 .text          0x000000000305a584       0xb0 ../DE2_115_SD_Card_Audio_Player_bsp/\libhal_bsp.a(alt_sbrk.o)
                0x000000000305a584                sbrk
 .text          0x000000000305a634      0x19c ../DE2_115_SD_Card_Audio_Player_bsp/\libhal_bsp.a(alt_tick.o)
                0x000000000305a634                alt_alarm_stop
                0x000000000305a6cc                alt_tick
 .text          0x000000000305a7d0       0x30 ../DE2_115_SD_Card_Audio_Player_bsp/\libhal_bsp.a(alt_usleep.o)
                0x000000000305a7d0                usleep
 .text          0x000000000305a800      0x148 ../DE2_115_SD_Card_Audio_Player_bsp/\libhal_bsp.a(alt_write.o)
                0x000000000305a850                write
 .text          0x000000000305a948      0x10c ../DE2_115_SD_Card_Audio_Player_bsp/\libhal_bsp.a(alt_sys_init.o)
                0x000000000305a980                alt_irq_init
                0x000000000305a9b4                alt_sys_init
 .text          0x000000000305aa54      0x88c ../DE2_115_SD_Card_Audio_Player_bsp/\libhal_bsp.a(altera_avalon_cfi_flash.o)
                0x000000000305aa8c                alt_flash_cfi_init
                0x000000000305ab1c                alt_flash_cfi_write
                0x000000000305adc4                alt_flash_cfi_get_info
                0x000000000305ae50                alt_flash_cfi_read
                0x000000000305aeb4                alt_write_value_to_flash
                0x000000000305b00c                alt_flash_program_block
 .text          0x000000000305b2e0     0x1400 ../DE2_115_SD_Card_Audio_Player_bsp/\libhal_bsp.a(altera_avalon_cfi_flash_table.o)
                0x000000000305b2e0                alt_read_query_entry_8bit
                0x000000000305b31c                alt_read_query_entry_16bit
                0x000000000305b35c                alt_read_query_entry_32bit
                0x000000000305b39c                alt_write_flash_command_8bit_device_8bit_mode
                0x000000000305b3e0                alt_write_flash_command_16bit_device_8bit_mode
                0x000000000305b458                alt_write_flash_command_32bit_device_8bit_mode
                0x000000000305b4a8                alt_write_flash_command_16bit_device_16bit_mode
                0x000000000305b4f4                alt_write_flash_command_32bit_device_16bit_mode
                0x000000000305b544                alt_write_flash_command_32bit_device_32bit_mode
                0x000000000305b594                alt_write_native_8bit
                0x000000000305b5cc                alt_write_native_16bit
                0x000000000305b604                alt_write_native_32bit
                0x000000000305b638                alt_set_flash_width_func
                0x000000000305b7f4                alt_set_flash_algorithm_func
                0x000000000305b910                alt_read_cfi_table
                0x000000000305be84                alt_read_cfi_width
                0x000000000305c608                alt_check_primary_table
 .text          0x000000000305c6e0      0x164 ../DE2_115_SD_Card_Audio_Player_bsp/\libhal_bsp.a(altera_avalon_jtag_uart_fd.o)
                0x000000000305c6e0                altera_avalon_jtag_uart_read_fd
                0x000000000305c740                altera_avalon_jtag_uart_write_fd
                0x000000000305c7a0                altera_avalon_jtag_uart_close_fd
                0x000000000305c7f0                altera_avalon_jtag_uart_ioctl_fd
 .text          0x000000000305c844      0x3d8 ../DE2_115_SD_Card_Audio_Player_bsp/\libhal_bsp.a(altera_avalon_jtag_uart_init.o)
                0x000000000305c844                altera_avalon_jtag_uart_init
                0x000000000305cbb4                altera_avalon_jtag_uart_close
 .text          0x000000000305cc1c       0xec ../DE2_115_SD_Card_Audio_Player_bsp/\libhal_bsp.a(altera_avalon_jtag_uart_ioctl.o)
                0x000000000305cc1c                altera_avalon_jtag_uart_ioctl
 .text          0x000000000305cd08      0x20c ../DE2_115_SD_Card_Audio_Player_bsp/\libhal_bsp.a(altera_avalon_jtag_uart_read.o)
                0x000000000305cd08                altera_avalon_jtag_uart_read
 .text          0x000000000305cf14      0x21c ../DE2_115_SD_Card_Audio_Player_bsp/\libhal_bsp.a(altera_avalon_jtag_uart_write.o)
                0x000000000305cf14                altera_avalon_jtag_uart_write
 .text          0x000000000305d130      0xea0 ../DE2_115_SD_Card_Audio_Player_bsp/\libhal_bsp.a(altera_avalon_lcd_16207.o)
                0x000000000305d8dc                altera_avalon_lcd_16207_write
                0x000000000305de98                altera_avalon_lcd_16207_init
 .text          0x000000000305dfd0       0x60 ../DE2_115_SD_Card_Audio_Player_bsp/\libhal_bsp.a(altera_avalon_lcd_16207_fd.o)
                0x000000000305dfd0                altera_avalon_lcd_16207_write_fd
 .text          0x000000000305e030       0xfc ../DE2_115_SD_Card_Audio_Player_bsp/\libhal_bsp.a(altera_avalon_timer_sc.o)
                0x000000000305e0a4                alt_avalon_timer_sc_init
 .text          0x000000000305e12c      0x110 ../DE2_115_SD_Card_Audio_Player_bsp/\libhal_bsp.a(altera_avalon_uart_fd.o)
                0x000000000305e12c                altera_avalon_uart_read_fd
                0x000000000305e18c                altera_avalon_uart_write_fd
                0x000000000305e1ec                altera_avalon_uart_close_fd
 .text          0x000000000305e23c      0x3a8 ../DE2_115_SD_Card_Audio_Player_bsp/\libhal_bsp.a(altera_avalon_uart_init.o)
                0x000000000305e23c                altera_avalon_uart_init
                0x000000000305e590                altera_avalon_uart_close
 .text          0x000000000305e5e4      0x250 ../DE2_115_SD_Card_Audio_Player_bsp/\libhal_bsp.a(altera_avalon_uart_read.o)
                0x000000000305e634                altera_avalon_uart_read
 .text          0x000000000305e834      0x1fc ../DE2_115_SD_Card_Audio_Player_bsp/\libhal_bsp.a(altera_avalon_uart_write.o)
                0x000000000305e884                altera_avalon_uart_write
 .text          0x000000000305ea30      0x140 ../DE2_115_SD_Card_Audio_Player_bsp/\libhal_bsp.a(alt_alarm_start.o)
                0x000000000305ea30                alt_alarm_start
 .text          0x000000000305eb70      0x158 ../DE2_115_SD_Card_Audio_Player_bsp/\libhal_bsp.a(alt_busy_sleep.o)
                0x000000000305eb70                alt_busy_sleep
 .text          0x000000000305ecc8       0x74 ../DE2_115_SD_Card_Audio_Player_bsp/\libhal_bsp.a(alt_dcache_flush.o)
                0x000000000305ecc8                alt_dcache_flush
 .text          0x000000000305ed3c       0x44 ../DE2_115_SD_Card_Audio_Player_bsp/\libhal_bsp.a(alt_dcache_flush_all.o)
                0x000000000305ed3c                alt_dcache_flush_all
 .text          0x000000000305ed80       0xf4 ../DE2_115_SD_Card_Audio_Player_bsp/\libhal_bsp.a(alt_dev_llist_insert.o)
                0x000000000305edd0                alt_dev_llist_insert
 .text          0x000000000305ee74       0x5c ../DE2_115_SD_Card_Audio_Player_bsp/\libhal_bsp.a(alt_do_ctors.o)
                0x000000000305ee74                _do_ctors
 .text          0x000000000305eed0       0x5c ../DE2_115_SD_Card_Audio_Player_bsp/\libhal_bsp.a(alt_do_dtors.o)
                0x000000000305eed0                _do_dtors
 .text          0x000000000305ef2c       0x90 ../DE2_115_SD_Card_Audio_Player_bsp/\libhal_bsp.a(alt_find_dev.o)
                0x000000000305ef2c                alt_find_dev
 .text          0x000000000305efbc      0x114 ../DE2_115_SD_Card_Audio_Player_bsp/\libhal_bsp.a(alt_find_file.o)
                0x000000000305efbc                alt_find_file
 .text          0x000000000305f0d0       0xb8 ../DE2_115_SD_Card_Audio_Player_bsp/\libhal_bsp.a(alt_flash_dev.o)
                0x000000000305f0d0                alt_flash_open_dev
                0x000000000305f138                alt_flash_close_dev
 .text          0x000000000305f188       0xb4 ../DE2_115_SD_Card_Audio_Player_bsp/\libhal_bsp.a(alt_get_fd.o)
                0x000000000305f188                alt_get_fd
 .text          0x000000000305f23c       0x30 ../DE2_115_SD_Card_Audio_Player_bsp/\libhal_bsp.a(alt_icache_flush_all.o)
                0x000000000305f23c                alt_icache_flush_all
 .text          0x000000000305f26c      0x1e0 ../DE2_115_SD_Card_Audio_Player_bsp/\libhal_bsp.a(alt_iic.o)
                0x000000000305f26c                alt_ic_isr_register
                0x000000000305f2bc                alt_ic_irq_enable
                0x000000000305f35c                alt_ic_irq_disable
                0x000000000305f400                alt_ic_irq_enabled
 .text          0x000000000305f44c       0xf0 ../DE2_115_SD_Card_Audio_Player_bsp/\libhal_bsp.a(alt_iic_isr_register.o)
                0x000000000305f44c                alt_iic_isr_register
 .text          0x000000000305f53c      0x138 ../DE2_115_SD_Card_Audio_Player_bsp/\libhal_bsp.a(alt_io_redirect.o)
                0x000000000305f5fc                alt_io_redirect
 .text          0x000000000305f674        0x0 ../DE2_115_SD_Card_Audio_Player_bsp/\libhal_bsp.a(alt_irq_entry.o)
 .text          0x000000000305f674        0x0 ../DE2_115_SD_Card_Audio_Player_bsp/\libhal_bsp.a(alt_irq_handler.o)
 .text          0x000000000305f674       0x20 ../DE2_115_SD_Card_Audio_Player_bsp/\libhal_bsp.a(altera_nios2_qsys_irq.o)
                0x000000000305f674                altera_nios2_qsys_irq_init
 .text          0x000000000305f694      0x460 ../DE2_115_SD_Card_Audio_Player_bsp/\libhal_bsp.a(altera_avalon_cfi_flash_amd.o)
                0x000000000305f694                alt_program_amd
                0x000000000305f6fc                alt_erase_block_amd
 .text          0x000000000305faf4      0x430 ../DE2_115_SD_Card_Audio_Player_bsp/\libhal_bsp.a(altera_avalon_cfi_flash_intel.o)
                0x000000000305faf4                alt_program_intel
                0x000000000305fb74                alt_erase_block_intel
 .text          0x000000000305ff24        0x0 ../DE2_115_SD_Card_Audio_Player_bsp/\libhal_bsp.a(alt_exception_entry.o)
 .text          0x000000000305ff24       0x8c ../DE2_115_SD_Card_Audio_Player_bsp/\libhal_bsp.a(alt_icache_flush.o)
                0x000000000305ff24                alt_icache_flush
 .text          0x000000000305ffb0        0x0 c:/altera_lite/15.1/nios2eds/bin/gnu/h-x86_64-mingw32/bin/../lib/gcc/nios2-elf/4.9.2/../../../../../H-x86_64-mingw32/nios2-elf/lib\libc.a(lib_a-atexit.o)
 .text.atexit   0x000000000305ffb0       0x14 c:/altera_lite/15.1/nios2eds/bin/gnu/h-x86_64-mingw32/bin/../lib/gcc/nios2-elf/4.9.2/../../../../../H-x86_64-mingw32/nios2-elf/lib\libc.a(lib_a-atexit.o)
                0x000000000305ffb0                atexit
 .text          0x000000000305ffc4        0x0 c:/altera_lite/15.1/nios2eds/bin/gnu/h-x86_64-mingw32/bin/../lib/gcc/nios2-elf/4.9.2/../../../../../H-x86_64-mingw32/nios2-elf/lib\libc.a(lib_a-exit.o)
 .text.exit     0x000000000305ffc4       0x38 c:/altera_lite/15.1/nios2eds/bin/gnu/h-x86_64-mingw32/bin/../lib/gcc/nios2-elf/4.9.2/../../../../../H-x86_64-mingw32/nios2-elf/lib\libc.a(lib_a-exit.o)
                0x000000000305ffc4                exit
 .text          0x000000000305fffc        0x0 c:/altera_lite/15.1/nios2eds/bin/gnu/h-x86_64-mingw32/bin/../lib/gcc/nios2-elf/4.9.2/../../../../../H-x86_64-mingw32/nios2-elf/lib\libc.a(lib_a-memcmp.o)
 .text.memcmp   0x000000000305fffc       0x7c c:/altera_lite/15.1/nios2eds/bin/gnu/h-x86_64-mingw32/bin/../lib/gcc/nios2-elf/4.9.2/../../../../../H-x86_64-mingw32/nios2-elf/lib\libc.a(lib_a-memcmp.o)
                0x000000000305fffc                memcmp
 .text          0x0000000003060078        0x0 c:/altera_lite/15.1/nios2eds/bin/gnu/h-x86_64-mingw32/bin/../lib/gcc/nios2-elf/4.9.2/../../../../../H-x86_64-mingw32/nios2-elf/lib\libc.a(lib_a-__atexit.o)
 .text.__register_exitproc
                0x0000000003060078      0x114 c:/altera_lite/15.1/nios2eds/bin/gnu/h-x86_64-mingw32/bin/../lib/gcc/nios2-elf/4.9.2/../../../../../H-x86_64-mingw32/nios2-elf/lib\libc.a(lib_a-__atexit.o)
                0x0000000003060078                __register_exitproc
 .text          0x000000000306018c        0x0 c:/altera_lite/15.1/nios2eds/bin/gnu/h-x86_64-mingw32/bin/../lib/gcc/nios2-elf/4.9.2/../../../../../H-x86_64-mingw32/nios2-elf/lib\libc.a(lib_a-__call_atexit.o)
 .text.__call_exitprocs
                0x000000000306018c      0x194 c:/altera_lite/15.1/nios2eds/bin/gnu/h-x86_64-mingw32/bin/../lib/gcc/nios2-elf/4.9.2/../../../../../H-x86_64-mingw32/nios2-elf/lib\libc.a(lib_a-__call_atexit.o)
                0x000000000306018c                __call_exitprocs
 .text          0x0000000003060320       0x3c ../DE2_115_SD_Card_Audio_Player_bsp/\libhal_bsp.a(alt_exit.o)
                0x0000000003060320                _exit
 *(.gnu.warning.*)
 *(.fini)
                0x000000000306035c                PROVIDE (__etext, ABSOLUTE (.))
                0x000000000306035c                PROVIDE (_etext, ABSOLUTE (.))
                0x000000000306035c                PROVIDE (etext, ABSOLUTE (.))
 *(.eh_frame_hdr)
                0x000000000306035c                . = ALIGN (0x4)
                0x000000000306035c                PROVIDE (__preinit_array_start, ABSOLUTE (.))
 *(.preinit_array)
                0x000000000306035c                PROVIDE (__preinit_array_end, ABSOLUTE (.))
                0x000000000306035c                PROVIDE (__init_array_start, ABSOLUTE (.))
 *(.init_array)
                0x000000000306035c                PROVIDE (__init_array_end, ABSOLUTE (.))
                0x000000000306035c                PROVIDE (__fini_array_start, ABSOLUTE (.))
 *(.fini_array)
                0x000000000306035c                PROVIDE (__fini_array_end, ABSOLUTE (.))
 *(.eh_frame)
 *(.gcc_except_table)
 *(.dynamic)
                0x000000000306035c                PROVIDE (__CTOR_LIST__, ABSOLUTE (.))
 *(.ctors)
 *(SORT(.ctors.*))
                0x000000000306035c                PROVIDE (__CTOR_END__, ABSOLUTE (.))
                0x000000000306035c                PROVIDE (__DTOR_LIST__, ABSOLUTE (.))
 *(.dtors)
 *(SORT(.dtors.*))
                0x000000000306035c                PROVIDE (__DTOR_END__, ABSOLUTE (.))
 *(.jcr)
                0x000000000306035c                . = ALIGN (0x4)

.rodata         0x000000000306035c     0x12bc
                0x000000000306035c                PROVIDE (__ram_rodata_start, ABSOLUTE (.))
                0x000000000306035c                . = ALIGN (0x4)
 *(.rodata .rodata.* .gnu.linkonce.r.*)
 .rodata        0x000000000306035c      0x4d0 obj/default/main.o
 .rodata        0x000000000306082c       0xa8 obj/default/terasic_fat/FatFileSystem.o
 .rodata        0x00000000030608d4      0x2dc obj/default/terasic_fat/FatInternal.o
 .rodata        0x0000000003060bb0       0xd4 obj/default/terasic_lib/AUDIO.o
 .rodata        0x0000000003060c84       0x88 obj/default/terasic_lib/I2C.o
 .rodata        0x0000000003060d0c       0x10 obj/default/terasic_lib/LCD.o
 .rodata        0x0000000003060d1c       0x10 obj/default/terasic_lib/debug.o
 .rodata        0x0000000003060d2c      0x200 obj/default/terasic_sdcard/crc16.o
 .rodata        0x0000000003060f2c      0x100 obj/default/terasic_sdcard/crc7.o
 .rodata        0x000000000306102c      0x100 c:/altera_lite/15.1/nios2eds/bin/gnu/h-x86_64-mingw32/bin/../lib/gcc/nios2-elf/4.9.2\libgcc.a(_clz.o)
                0x000000000306102c                __clz_tab
 .rodata.str1.4
                0x000000000306112c        0x2 c:/altera_lite/15.1/nios2eds/bin/gnu/h-x86_64-mingw32/bin/../lib/gcc/nios2-elf/4.9.2/../../../../../H-x86_64-mingw32/nios2-elf/lib\libc.a(lib_a-impure.o)
                                          0x4 (size before relaxing)
 *fill*         0x000000000306112e        0x2 
 .rodata.str1.4
                0x0000000003061130        0x2 c:/altera_lite/15.1/nios2eds/bin/gnu/h-x86_64-mingw32/bin/../lib/gcc/nios2-elf/4.9.2/../../../../../H-x86_64-mingw32/nios2-elf/lib\libc.a(lib_a-puts.o)
                                          0x4 (size before relaxing)
 *fill*         0x0000000003061132        0x2 
 .rodata.str1.4
                0x0000000003061134       0x42 c:/altera_lite/15.1/nios2eds/bin/gnu/h-x86_64-mingw32/bin/../lib/gcc/nios2-elf/4.9.2/../../../../../H-x86_64-mingw32/nios2-elf/lib\libc.a(lib_a-svfprintf.o)
                                         0x44 (size before relaxing)
 .rodata.zeroes.4240
                0x0000000003061176       0x10 c:/altera_lite/15.1/nios2eds/bin/gnu/h-x86_64-mingw32/bin/../lib/gcc/nios2-elf/4.9.2/../../../../../H-x86_64-mingw32/nios2-elf/lib\libc.a(lib_a-svfprintf.o)
 .rodata.blanks.4239
                0x0000000003061186       0x10 c:/altera_lite/15.1/nios2eds/bin/gnu/h-x86_64-mingw32/bin/../lib/gcc/nios2-elf/4.9.2/../../../../../H-x86_64-mingw32/nios2-elf/lib\libc.a(lib_a-svfprintf.o)
 .rodata.str1.4
                0x0000000000000000       0x44 c:/altera_lite/15.1/nios2eds/bin/gnu/h-x86_64-mingw32/bin/../lib/gcc/nios2-elf/4.9.2/../../../../../H-x86_64-mingw32/nios2-elf/lib\libc.a(lib_a-vfprintf.o)
 .rodata.zeroes.4255
                0x0000000003061196       0x10 c:/altera_lite/15.1/nios2eds/bin/gnu/h-x86_64-mingw32/bin/../lib/gcc/nios2-elf/4.9.2/../../../../../H-x86_64-mingw32/nios2-elf/lib\libc.a(lib_a-vfprintf.o)
 .rodata.blanks.4254
                0x00000000030611a6       0x10 c:/altera_lite/15.1/nios2eds/bin/gnu/h-x86_64-mingw32/bin/../lib/gcc/nios2-elf/4.9.2/../../../../../H-x86_64-mingw32/nios2-elf/lib\libc.a(lib_a-vfprintf.o)
 .rodata._ctype_
                0x00000000030611b6      0x101 c:/altera_lite/15.1/nios2eds/bin/gnu/h-x86_64-mingw32/bin/../lib/gcc/nios2-elf/4.9.2/../../../../../H-x86_64-mingw32/nios2-elf/lib\libc.a(lib_a-ctype_.o)
                0x00000000030611b6                _ctype_
 .rodata._ctype_b
                0x00000000030612b7      0x180 c:/altera_lite/15.1/nios2eds/bin/gnu/h-x86_64-mingw32/bin/../lib/gcc/nios2-elf/4.9.2/../../../../../H-x86_64-mingw32/nios2-elf/lib\libc.a(lib_a-ctype_.o)
 *fill*         0x0000000003061437        0x1 
 .rodata.str1.4
                0x0000000003061438       0x10 c:/altera_lite/15.1/nios2eds/bin/gnu/h-x86_64-mingw32/bin/../lib/gcc/nios2-elf/4.9.2/../../../../../H-x86_64-mingw32/nios2-elf/lib\libc.a(lib_a-dtoa.o)
                                         0x14 (size before relaxing)
 .rodata.str1.4
                0x0000000003061448        0xc c:/altera_lite/15.1/nios2eds/bin/gnu/h-x86_64-mingw32/bin/../lib/gcc/nios2-elf/4.9.2/../../../../../H-x86_64-mingw32/nios2-elf/lib\libc.a(lib_a-locale.o)
                                         0x14 (size before relaxing)
 .rodata.p05.2710
                0x0000000003061454        0xc c:/altera_lite/15.1/nios2eds/bin/gnu/h-x86_64-mingw32/bin/../lib/gcc/nios2-elf/4.9.2/../../../../../H-x86_64-mingw32/nios2-elf/lib\libc.a(lib_a-mprec.o)
 .rodata.__mprec_tinytens
                0x0000000003061460       0x28 c:/altera_lite/15.1/nios2eds/bin/gnu/h-x86_64-mingw32/bin/../lib/gcc/nios2-elf/4.9.2/../../../../../H-x86_64-mingw32/nios2-elf/lib\libc.a(lib_a-mprec.o)
                0x0000000003061460                __mprec_tinytens
 .rodata.__mprec_bigtens
                0x0000000003061488       0x28 c:/altera_lite/15.1/nios2eds/bin/gnu/h-x86_64-mingw32/bin/../lib/gcc/nios2-elf/4.9.2/../../../../../H-x86_64-mingw32/nios2-elf/lib\libc.a(lib_a-mprec.o)
                0x0000000003061488                __mprec_bigtens
 .rodata.__mprec_tens
                0x00000000030614b0       0xc8 c:/altera_lite/15.1/nios2eds/bin/gnu/h-x86_64-mingw32/bin/../lib/gcc/nios2-elf/4.9.2/../../../../../H-x86_64-mingw32/nios2-elf/lib\libc.a(lib_a-mprec.o)
                0x00000000030614b0                __mprec_tens
 .rodata.str1.4
                0x0000000000000000       0x30 c:/altera_lite/15.1/nios2eds/bin/gnu/h-x86_64-mingw32/bin/../lib/gcc/nios2-elf/4.9.2/../../../../../H-x86_64-mingw32/nios2-elf/lib\libc.a(lib_a-svfiprintf.o)
 .rodata.zeroes.4184
                0x0000000003061578       0x10 c:/altera_lite/15.1/nios2eds/bin/gnu/h-x86_64-mingw32/bin/../lib/gcc/nios2-elf/4.9.2/../../../../../H-x86_64-mingw32/nios2-elf/lib\libc.a(lib_a-svfiprintf.o)
 .rodata.blanks.4183
                0x0000000003061588       0x10 c:/altera_lite/15.1/nios2eds/bin/gnu/h-x86_64-mingw32/bin/../lib/gcc/nios2-elf/4.9.2/../../../../../H-x86_64-mingw32/nios2-elf/lib\libc.a(lib_a-svfiprintf.o)
 .rodata.str1.4
                0x0000000000000000       0x30 c:/altera_lite/15.1/nios2eds/bin/gnu/h-x86_64-mingw32/bin/../lib/gcc/nios2-elf/4.9.2/../../../../../H-x86_64-mingw32/nios2-elf/lib\libc.a(lib_a-vfiprintf.o)
 .rodata.zeroes.4200
                0x0000000003061598       0x10 c:/altera_lite/15.1/nios2eds/bin/gnu/h-x86_64-mingw32/bin/../lib/gcc/nios2-elf/4.9.2/../../../../../H-x86_64-mingw32/nios2-elf/lib\libc.a(lib_a-vfiprintf.o)
 .rodata.blanks.4199
                0x00000000030615a8       0x10 c:/altera_lite/15.1/nios2eds/bin/gnu/h-x86_64-mingw32/bin/../lib/gcc/nios2-elf/4.9.2/../../../../../H-x86_64-mingw32/nios2-elf/lib\libc.a(lib_a-vfiprintf.o)
 .rodata        0x00000000030615b8        0xc ../DE2_115_SD_Card_Audio_Player_bsp/\libhal_bsp.a(alt_dev.o)
 .rodata        0x00000000030615c4       0x10 ../DE2_115_SD_Card_Audio_Player_bsp/\libhal_bsp.a(alt_main.o)
 .rodata        0x00000000030615d4       0x44 ../DE2_115_SD_Card_Audio_Player_bsp/\libhal_bsp.a(alt_sys_init.o)
 *(.rodata1)
                0x0000000003061618                . = ALIGN (0x4)
                0x0000000003061618                PROVIDE (__ram_rodata_end, ABSOLUTE (.))
                0x000000000306035c                PROVIDE (__flash_rodata_start, LOADADDR (.rodata))

.rwdata         0x0000000003061618     0x1dd4 load address 0x00000000030633ec
                0x0000000003061618                PROVIDE (__ram_rwdata_start, ABSOLUTE (.))
                0x0000000003061618                . = ALIGN (0x4)
 *(.got.plt)
 *(.got)
 *(.data1)
 *(.data .data.* .gnu.linkonce.d.*)
 .data          0x0000000003061618        0x0 ../DE2_115_SD_Card_Audio_Player_bsp//obj/HAL/src/crt0.o
 .data          0x0000000003061618        0x0 obj/default/main.o
 .data          0x0000000003061618        0x0 obj/default/terasic_fat/FatFileSystem.o
 .data          0x0000000003061618        0x0 obj/default/terasic_fat/FatInternal.o
 .data          0x0000000003061618        0x0 obj/default/terasic_lib/AUDIO.o
 .data          0x0000000003061618        0x0 obj/default/terasic_lib/I2C.o
 .data          0x0000000003061618        0x0 obj/default/terasic_lib/LCD.o
 .data          0x0000000003061618        0x0 obj/default/terasic_lib/LED.o
 .data          0x0000000003061618       0x10 obj/default/terasic_lib/SEG7.o
 .data          0x0000000003061628        0x0 obj/default/terasic_lib/WaveLib.o
 .data          0x0000000003061628        0x0 obj/default/terasic_lib/debug.o
 .data          0x0000000003061628        0x0 obj/default/terasic_sdcard/crc16.o
 .data          0x0000000003061628        0x0 obj/default/terasic_sdcard/crc7.o
 .data          0x0000000003061628        0x0 obj/default/terasic_sdcard/sd_hal.o
 .data          0x0000000003061628        0x0 obj/default/terasic_sdcard/sd_lib.o
 .data          0x0000000003061628        0x0 obj/default/terasic_sdcard/sd_protocol.o
 .data          0x0000000003061628        0x0 c:/altera_lite/15.1/nios2eds/bin/gnu/h-x86_64-mingw32/bin/../lib/gcc/nios2-elf/4.9.2\libgcc.a(lib2-divmod.o)
 .data          0x0000000003061628        0x0 c:/altera_lite/15.1/nios2eds/bin/gnu/h-x86_64-mingw32/bin/../lib/gcc/nios2-elf/4.9.2\libgcc.a(divsf3.o)
 .data          0x0000000003061628        0x0 c:/altera_lite/15.1/nios2eds/bin/gnu/h-x86_64-mingw32/bin/../lib/gcc/nios2-elf/4.9.2\libgcc.a(mulsf3.o)
 .data          0x0000000003061628        0x0 c:/altera_lite/15.1/nios2eds/bin/gnu/h-x86_64-mingw32/bin/../lib/gcc/nios2-elf/4.9.2\libgcc.a(floatunsisf.o)
 .data          0x0000000003061628        0x0 c:/altera_lite/15.1/nios2eds/bin/gnu/h-x86_64-mingw32/bin/../lib/gcc/nios2-elf/4.9.2\libgcc.a(divdf3.o)
 .data          0x0000000003061628        0x0 c:/altera_lite/15.1/nios2eds/bin/gnu/h-x86_64-mingw32/bin/../lib/gcc/nios2-elf/4.9.2\libgcc.a(extendsfdf2.o)
 .data          0x0000000003061628        0x0 c:/altera_lite/15.1/nios2eds/bin/gnu/h-x86_64-mingw32/bin/../lib/gcc/nios2-elf/4.9.2\libgcc.a(truncdfsf2.o)
 .data          0x0000000003061628        0x0 c:/altera_lite/15.1/nios2eds/bin/gnu/h-x86_64-mingw32/bin/../lib/gcc/nios2-elf/4.9.2\libgcc.a(_clzsi2.o)
 .data          0x0000000003061628        0x0 c:/altera_lite/15.1/nios2eds/bin/gnu/h-x86_64-mingw32/bin/../lib/gcc/nios2-elf/4.9.2\libgcc.a(_clz.o)
 .data          0x0000000003061628        0x0 c:/altera_lite/15.1/nios2eds/bin/gnu/h-x86_64-mingw32/bin/../lib/gcc/nios2-elf/4.9.2/../../../../../H-x86_64-mingw32/nios2-elf/lib\libc.a(lib_a-fclose.o)
 .data          0x0000000003061628        0x0 c:/altera_lite/15.1/nios2eds/bin/gnu/h-x86_64-mingw32/bin/../lib/gcc/nios2-elf/4.9.2/../../../../../H-x86_64-mingw32/nios2-elf/lib\libc.a(lib_a-fflush.o)
 .data          0x0000000003061628        0x0 c:/altera_lite/15.1/nios2eds/bin/gnu/h-x86_64-mingw32/bin/../lib/gcc/nios2-elf/4.9.2/../../../../../H-x86_64-mingw32/nios2-elf/lib\libc.a(lib_a-findfp.o)
 .data          0x0000000003061628        0x0 c:/altera_lite/15.1/nios2eds/bin/gnu/h-x86_64-mingw32/bin/../lib/gcc/nios2-elf/4.9.2/../../../../../H-x86_64-mingw32/nios2-elf/lib\libc.a(lib_a-fopen.o)
 .data          0x0000000003061628        0x0 c:/altera_lite/15.1/nios2eds/bin/gnu/h-x86_64-mingw32/bin/../lib/gcc/nios2-elf/4.9.2/../../../../../H-x86_64-mingw32/nios2-elf/lib\libc.a(lib_a-freer.o)
 .data          0x0000000003061628        0x0 c:/altera_lite/15.1/nios2eds/bin/gnu/h-x86_64-mingw32/bin/../lib/gcc/nios2-elf/4.9.2/../../../../../H-x86_64-mingw32/nios2-elf/lib\libc.a(lib_a-fseek.o)
 .data          0x0000000003061628        0x0 c:/altera_lite/15.1/nios2eds/bin/gnu/h-x86_64-mingw32/bin/../lib/gcc/nios2-elf/4.9.2/../../../../../H-x86_64-mingw32/nios2-elf/lib\libc.a(lib_a-fseeko.o)
 .data          0x0000000003061628        0x0 c:/altera_lite/15.1/nios2eds/bin/gnu/h-x86_64-mingw32/bin/../lib/gcc/nios2-elf/4.9.2/../../../../../H-x86_64-mingw32/nios2-elf/lib\libc.a(lib_a-fstatr.o)
 .data          0x0000000003061628        0x0 c:/altera_lite/15.1/nios2eds/bin/gnu/h-x86_64-mingw32/bin/../lib/gcc/nios2-elf/4.9.2/../../../../../H-x86_64-mingw32/nios2-elf/lib\libc.a(lib_a-fwalk.o)
 .data          0x0000000003061628        0x0 c:/altera_lite/15.1/nios2eds/bin/gnu/h-x86_64-mingw32/bin/../lib/gcc/nios2-elf/4.9.2/../../../../../H-x86_64-mingw32/nios2-elf/lib\libc.a(lib_a-fwrite.o)