------------------------------------------------------------
TimeQuest Timing Analyzer Summary
------------------------------------------------------------

Type  : Slow 1200mV 85C Model Setup 'DE2_115_SOPC_inst|altpll_0|sd1|pll7|clk[0]'
Slack : -0.021
TNS   : -0.042

Type  : Slow 1200mV 85C Model Setup 'DE2_115_SOPC_inst|altpll_0|sd1|pll7|clk[3]'
Slack : 12.975
TNS   : 0.000

Type  : Slow 1200mV 85C Model Setup 'CLOCK_50'
Slack : 15.810
TNS   : 0.000

Type  : Slow 1200mV 85C Model Setup 'LCD_CLK'
Slack : 19.114
TNS   : 0.000

Type  : Slow 1200mV 85C Model Setup 'vga_pll_inst|altpll_component|auto_generated|pll1|clk[0]'
Slack : 19.376
TNS   : 0.000

Type  : Slow 1200mV 85C Model Setup 'DE2_115_SOPC_inst|altpll_audio|sd1|pll7|clk[0]'
Slack : 21.133
TNS   : 0.000

Type  : Slow 1200mV 85C Model Setup 'DE2_115_SOPC_inst|altpll_0|sd1|pll7|clk[2]'
Slack : 39.476
TNS   : 0.000

Type  : Slow 1200mV 85C Model Setup 'altera_reserved_tck'
Slack : 45.138
TNS   : 0.000

Type  : Slow 1200mV 85C Model Hold 'DE2_115_SOPC_inst|altpll_0|sd1|pll7|clk[0]'
Slack : 0.285
TNS   : 0.000

Type  : Slow 1200mV 85C Model Hold 'DE2_115_SOPC_inst|altpll_audio|sd1|pll7|clk[0]'
Slack : 0.334
TNS   : 0.000

Type  : Slow 1200mV 85C Model Hold 'DE2_115_SOPC_inst|altpll_0|sd1|pll7|clk[2]'
Slack : 0.387
TNS   : 0.000

Type  : Slow 1200mV 85C Model Hold 'altera_reserved_tck'
Slack : 0.402
TNS   : 0.000

Type  : Slow 1200mV 85C Model Hold 'vga_pll_inst|altpll_component|auto_generated|pll1|clk[0]'
Slack : 0.402
TNS   : 0.000

Type  : Slow 1200mV 85C Model Hold 'CLOCK_50'
Slack : 0.403
TNS   : 0.000

Type  : Slow 1200mV 85C Model Hold 'DE2_115_SOPC_inst|altpll_0|sd1|pll7|clk[3]'
Slack : 0.404
TNS   : 0.000

Type  : Slow 1200mV 85C Model Hold 'LCD_CLK'
Slack : 5.710
TNS   : 0.000

Type  : Slow 1200mV 85C Model Recovery 'vga_pll_inst|altpll_component|auto_generated|pll1|clk[0]'
Slack : -4.051
TNS   : -11.357

Type  : Slow 1200mV 85C Model Recovery 'DE2_115_SOPC_inst|altpll_0|sd1|pll7|clk[0]'
Slack : 5.403
TNS   : 0.000

Type  : Slow 1200mV 85C Model Recovery 'DE2_115_SOPC_inst|altpll_0|sd1|pll7|clk[3]'
Slack : 15.982
TNS   : 0.000

Type  : Slow 1200mV 85C Model Recovery 'CLOCK_50'
Slack : 17.947
TNS   : 0.000

Type  : Slow 1200mV 85C Model Recovery 'DE2_115_SOPC_inst|altpll_0|sd1|pll7|clk[2]'
Slack : 46.152
TNS   : 0.000

Type  : Slow 1200mV 85C Model Recovery 'DE2_115_SOPC_inst|altpll_audio|sd1|pll7|clk[0]'
Slack : 47.736
TNS   : 0.000

Type  : Slow 1200mV 85C Model Recovery 'altera_reserved_tck'
Slack : 48.040
TNS   : 0.000

Type  : Slow 1200mV 85C Model Removal 'CLOCK_50'
Slack : 1.019
TNS   : 0.000

Type  : Slow 1200mV 85C Model Removal 'DE2_115_SOPC_inst|altpll_0|sd1|pll7|clk[3]'
Slack : 1.043
TNS   : 0.000

Type  : Slow 1200mV 85C Model Removal 'altera_reserved_tck'
Slack : 1.056
TNS   : 0.000

Type  : Slow 1200mV 85C Model Removal 'DE2_115_SOPC_inst|altpll_audio|sd1|pll7|clk[0]'
Slack : 1.181
TNS   : 0.000

Type  : Slow 1200mV 85C Model Removal 'vga_pll_inst|altpll_component|auto_generated|pll1|clk[0]'
Slack : 1.221
TNS   : 0.000

Type  : Slow 1200mV 85C Model Removal 'DE2_115_SOPC_inst|altpll_0|sd1|pll7|clk[2]'
Slack : 2.367
TNS   : 0.000

Type  : Slow 1200mV 85C Model Removal 'DE2_115_SOPC_inst|altpll_0|sd1|pll7|clk[0]'
Slack : 2.388
TNS   : 0.000

Type  : Slow 1200mV 85C Model Minimum Pulse Width 'DE2_115_SOPC_inst|altpll_0|sd1|pll7|clk[0]'
Slack : 4.618
TNS   : 0.000

Type  : Slow 1200mV 85C Model Minimum Pulse Width 'CLOCK_50'
Slack : 9.684
TNS   : 0.000

Type  : Slow 1200mV 85C Model Minimum Pulse Width 'DE2_115_SOPC_inst|altpll_0|sd1|pll7|clk[3]'
Slack : 9.699
TNS   : 0.000

Type  : Slow 1200mV 85C Model Minimum Pulse Width 'CLOCK2_50'
Slack : 9.818
TNS   : 0.000

Type  : Slow 1200mV 85C Model Minimum Pulse Width 'vga_pll_inst|altpll_component|auto_generated|pll1|clk[0]'
Slack : 14.851
TNS   : 0.000

Type  : Slow 1200mV 85C Model Minimum Pulse Width 'CLOCK3_50'
Slack : 16.000
TNS   : 0.000

Type  : Slow 1200mV 85C Model Minimum Pulse Width 'DE2_115_SOPC_inst|altpll_0|sd1|pll7|clk[2]'
Slack : 24.697
TNS   : 0.000

Type  : Slow 1200mV 85C Model Minimum Pulse Width 'LCD_CLK'
Slack : 26.093
TNS   : 0.000

Type  : Slow 1200mV 85C Model Minimum Pulse Width 'DE2_115_SOPC_inst|altpll_audio|sd1|pll7|clk[0]'
Slack : 26.811
TNS   : 0.000

Type  : Slow 1200mV 85C Model Minimum Pulse Width 'altera_reserved_tck'
Slack : 49.725
TNS   : 0.000

Type  : Slow 1200mV 0C Model Setup 'DE2_115_SOPC_inst|altpll_0|sd1|pll7|clk[0]'
Slack : 0.795
TNS   : 0.000

Type  : Slow 1200mV 0C Model Setup 'DE2_115_SOPC_inst|altpll_0|sd1|pll7|clk[3]'
Slack : 13.518
TNS   : 0.000

Type  : Slow 1200mV 0C Model Setup 'CLOCK_50'
Slack : 16.147
TNS   : 0.000

Type  : Slow 1200mV 0C Model Setup 'LCD_CLK'
Slack : 19.790
TNS   : 0.000

Type  : Slow 1200mV 0C Model Setup 'vga_pll_inst|altpll_component|auto_generated|pll1|clk[0]'
Slack : 20.232
TNS   : 0.000

Type  : Slow 1200mV 0C Model Setup 'DE2_115_SOPC_inst|altpll_audio|sd1|pll7|clk[0]'
Slack : 21.602
TNS   : 0.000

Type  : Slow 1200mV 0C Model Setup 'DE2_115_SOPC_inst|altpll_0|sd1|pll7|clk[2]'
Slack : 40.476
TNS   : 0.000

Type  : Slow 1200mV 0C Model Setup 'altera_reserved_tck'
Slack : 45.704
TNS   : 0.000

Type  : Slow 1200mV 0C Model Hold 'DE2_115_SOPC_inst|altpll_0|sd1|pll7|clk[0]'
Slack : 0.286
TNS   : 0.000

Type  : Slow 1200mV 0C Model Hold 'DE2_115_SOPC_inst|altpll_audio|sd1|pll7|clk[0]'
Slack : 0.332
TNS   : 0.000

Type  : Slow 1200mV 0C Model Hold 'DE2_115_SOPC_inst|altpll_0|sd1|pll7|clk[2]'
Slack : 0.340
TNS   : 0.000

Type  : Slow 1200mV 0C Model Hold 'altera_reserved_tck'
Slack : 0.353
TNS   : 0.000

Type  : Slow 1200mV 0C Model Hold 'vga_pll_inst|altpll_component|auto_generated|pll1|clk[0]'
Slack : 0.353
TNS   : 0.000

Type  : Slow 1200mV 0C Model Hold 'DE2_115_SOPC_inst|altpll_0|sd1|pll7|clk[3]'
Slack : 0.354
TNS   : 0.000

Type  : Slow 1200mV 0C Model Hold 'CLOCK_50'
Slack : 0.356
TNS   : 0.000

Type  : Slow 1200mV 0C Model Hold 'LCD_CLK'
Slack : 5.299
TNS   : 0.000

Type  : Slow 1200mV 0C Model Recovery 'vga_pll_inst|altpll_component|auto_generated|pll1|clk[0]'
Slack : -3.612
TNS   : -10.100

Type  : Slow 1200mV 0C Model Recovery 'DE2_115_SOPC_inst|altpll_0|sd1|pll7|clk[0]'
Slack : 5.856
TNS   : 0.000

Type  : Slow 1200mV 0C Model Recovery 'DE2_115_SOPC_inst|altpll_0|sd1|pll7|clk[3]'
Slack : 16.269
TNS   : 0.000

Type  : Slow 1200mV 0C Model Recovery 'CLOCK_50'
Slack : 18.156
TNS   : 0.000

Type  : Slow 1200mV 0C Model Recovery 'DE2_115_SOPC_inst|altpll_0|sd1|pll7|clk[2]'
Slack : 46.558
TNS   : 0.000

Type  : Slow 1200mV 0C Model Recovery 'altera_reserved_tck'
Slack : 48.342
TNS   : 0.000

Type  : Slow 1200mV 0C Model Recovery 'DE2_115_SOPC_inst|altpll_audio|sd1|pll7|clk[0]'
Slack : 48.357
TNS   : 0.000

Type  : Slow 1200mV 0C Model Removal 'CLOCK_50'
Slack : 0.928
TNS   : 0.000

Type  : Slow 1200mV 0C Model Removal 'DE2_115_SOPC_inst|altpll_0|sd1|pll7|clk[3]'
Slack : 0.928
TNS   : 0.000

Type  : Slow 1200mV 0C Model Removal 'altera_reserved_tck'
Slack : 0.964
TNS   : 0.000

Type  : Slow 1200mV 0C Model Removal 'DE2_115_SOPC_inst|altpll_audio|sd1|pll7|clk[0]'
Slack : 1.080
TNS   : 0.000

Type  : Slow 1200mV 0C Model Removal 'vga_pll_inst|altpll_component|auto_generated|pll1|clk[0]'
Slack : 1.120
TNS   : 0.000

Type  : Slow 1200mV 0C Model Removal 'DE2_115_SOPC_inst|altpll_0|sd1|pll7|clk[2]'
Slack : 2.110
TNS   : 0.000

Type  : Slow 1200mV 0C Model Removal 'DE2_115_SOPC_inst|altpll_0|sd1|pll7|clk[0]'
Slack : 2.122
TNS   : 0.000

Type  : Slow 1200mV 0C Model Minimum Pulse Width 'DE2_115_SOPC_inst|altpll_0|sd1|pll7|clk[0]'
Slack : 4.648
TNS   : 0.000

Type  : Slow 1200mV 0C Model Minimum Pulse Width 'CLOCK_50'
Slack : 9.689
TNS   : 0.000

Type  : Slow 1200mV 0C Model Minimum Pulse Width 'DE2_115_SOPC_inst|altpll_0|sd1|pll7|clk[3]'
Slack : 9.691
TNS   : 0.000

Type  : Slow 1200mV 0C Model Minimum Pulse Width 'CLOCK2_50'
Slack : 9.803
TNS   : 0.000

Type  : Slow 1200mV 0C Model Minimum Pulse Width 'vga_pll_inst|altpll_component|auto_generated|pll1|clk[0]'
Slack : 14.840
TNS   : 0.000

Type  : Slow 1200mV 0C Model Minimum Pulse Width 'CLOCK3_50'
Slack : 16.000
TNS   : 0.000

Type  : Slow 1200mV 0C Model Minimum Pulse Width 'DE2_115_SOPC_inst|altpll_0|sd1|pll7|clk[2]'
Slack : 24.687
TNS   : 0.000

Type  : Slow 1200mV 0C Model Minimum Pulse Width 'LCD_CLK'
Slack : 26.093
TNS   : 0.000

Type  : Slow 1200mV 0C Model Minimum Pulse Width 'DE2_115_SOPC_inst|altpll_audio|sd1|pll7|clk[0]'
Slack : 26.804
TNS   : 0.000

Type  : Slow 1200mV 0C Model Minimum Pulse Width 'altera_reserved_tck'
Slack : 49.631
TNS   : 0.000

Type  : Fast 1200mV 0C Model Setup 'DE2_115_SOPC_inst|altpll_0|sd1|pll7|clk[0]'
Slack : 5.096
TNS   : 0.000

Type  : Fast 1200mV 0C Model Setup 'DE2_115_SOPC_inst|altpll_0|sd1|pll7|clk[3]'
Slack : 16.580
TNS   : 0.000

Type  : Fast 1200mV 0C Model Setup 'CLOCK_50'
Slack : 17.970
TNS   : 0.000

Type  : Fast 1200mV 0C Model Setup 'LCD_CLK'
Slack : 23.663
TNS   : 0.000

Type  : Fast 1200mV 0C Model Setup 'DE2_115_SOPC_inst|altpll_audio|sd1|pll7|clk[0]'
Slack : 24.162
TNS   : 0.000

Type  : Fast 1200mV 0C Model Setup 'vga_pll_inst|altpll_component|auto_generated|pll1|clk[0]'
Slack : 24.890
TNS   : 0.000

Type  : Fast 1200mV 0C Model Setup 'DE2_115_SOPC_inst|altpll_0|sd1|pll7|clk[2]'
Slack : 44.851
TNS   : 0.000

Type  : Fast 1200mV 0C Model Setup 'altera_reserved_tck'
Slack : 47.957
TNS   : 0.000

Type  : Fast 1200mV 0C Model Hold 'DE2_115_SOPC_inst|altpll_0|sd1|pll7|clk[0]'
Slack : 0.095
TNS   : 0.000

Type  : Fast 1200mV 0C Model Hold 'DE2_115_SOPC_inst|altpll_audio|sd1|pll7|clk[0]'
Slack : 0.130
TNS   : 0.000

Type  : Fast 1200mV 0C Model Hold 'DE2_115_SOPC_inst|altpll_0|sd1|pll7|clk[2]'
Slack : 0.175
TNS   : 0.000

Type  : Fast 1200mV 0C Model Hold 'altera_reserved_tck'
Slack : 0.180
TNS   : 0.000

Type  : Fast 1200mV 0C Model Hold 'vga_pll_inst|altpll_component|auto_generated|pll1|clk[0]'
Slack : 0.181
TNS   : 0.000

Type  : Fast 1200mV 0C Model Hold 'DE2_115_SOPC_inst|altpll_0|sd1|pll7|clk[3]'
Slack : 0.182
TNS   : 0.000

Type  : Fast 1200mV 0C Model Hold 'CLOCK_50'
Slack : 0.183
TNS   : 0.000

Type  : Fast 1200mV 0C Model Hold 'LCD_CLK'
Slack : 3.391
TNS   : 0.000

Type  : Fast 1200mV 0C Model Recovery 'vga_pll_inst|altpll_component|auto_generated|pll1|clk[0]'
Slack : -2.138
TNS   : -6.044

Type  : Fast 1200mV 0C Model Recovery 'DE2_115_SOPC_inst|altpll_0|sd1|pll7|clk[0]'
Slack : 7.566
TNS   : 0.000

Type  : Fast 1200mV 0C Model Recovery 'DE2_115_SOPC_inst|altpll_0|sd1|pll7|clk[3]'
Slack : 17.865
TNS   : 0.000

Type  : Fast 1200mV 0C Model Recovery 'CLOCK_50'
Slack : 18.948
TNS   : 0.000

Type  : Fast 1200mV 0C Model Recovery 'DE2_115_SOPC_inst|altpll_0|sd1|pll7|clk[2]'
Slack : 47.948
TNS   : 0.000

Type  : Fast 1200mV 0C Model Recovery 'altera_reserved_tck'
Slack : 49.289
TNS   : 0.000

Type  : Fast 1200mV 0C Model Recovery 'DE2_115_SOPC_inst|altpll_audio|sd1|pll7|clk[0]'
Slack : 50.704
TNS   : 0.000

Type  : Fast 1200mV 0C Model Removal 'DE2_115_SOPC_inst|altpll_0|sd1|pll7|clk[3]'
Slack : 0.484
TNS   : 0.000

Type  : Fast 1200mV 0C Model Removal 'CLOCK_50'
Slack : 0.486
TNS   : 0.000

Type  : Fast 1200mV 0C Model Removal 'altera_reserved_tck'
Slack : 0.502
TNS   : 0.000

Type  : Fast 1200mV 0C Model Removal 'DE2_115_SOPC_inst|altpll_audio|sd1|pll7|clk[0]'
Slack : 0.553
TNS   : 0.000

Type  : Fast 1200mV 0C Model Removal 'vga_pll_inst|altpll_component|auto_generated|pll1|clk[0]'
Slack : 0.568
TNS   : 0.000

Type  : Fast 1200mV 0C Model Removal 'DE2_115_SOPC_inst|altpll_0|sd1|pll7|clk[2]'
Slack : 1.259
TNS   : 0.000

Type  : Fast 1200mV 0C Model Removal 'DE2_115_SOPC_inst|altpll_0|sd1|pll7|clk[0]'
Slack : 1.274
TNS   : 0.000

Type  : Fast 1200mV 0C Model Minimum Pulse Width 'DE2_115_SOPC_inst|altpll_0|sd1|pll7|clk[0]'
Slack : 4.751
TNS   : 0.000

Type  : Fast 1200mV 0C Model Minimum Pulse Width 'CLOCK_50'
Slack : 9.244
TNS   : 0.000

Type  : Fast 1200mV 0C Model Minimum Pulse Width 'CLOCK2_50'
Slack : 9.405
TNS   : 0.000

Type  : Fast 1200mV 0C Model Minimum Pulse Width 'DE2_115_SOPC_inst|altpll_0|sd1|pll7|clk[3]'
Slack : 9.780
TNS   : 0.000

Type  : Fast 1200mV 0C Model Minimum Pulse Width 'vga_pll_inst|altpll_component|auto_generated|pll1|clk[0]'
Slack : 14.913
TNS   : 0.000

Type  : Fast 1200mV 0C Model Minimum Pulse Width 'CLOCK3_50'
Slack : 16.000
TNS   : 0.000

Type  : Fast 1200mV 0C Model Minimum Pulse Width 'DE2_115_SOPC_inst|altpll_0|sd1|pll7|clk[2]'
Slack : 24.753
TNS   : 0.000

Type  : Fast 1200mV 0C Model Minimum Pulse Width 'LCD_CLK'
Slack : 26.303
TNS   : 0.000

Type  : Fast 1200mV 0C Model Minimum Pulse Width 'DE2_115_SOPC_inst|altpll_audio|sd1|pll7|clk[0]'
Slack : 26.886
TNS   : 0.000

Type  : Fast 1200mV 0C Model Minimum Pulse Width 'altera_reserved_tck'
Slack : 49.434
TNS   : 0.000

------------------------------------------------------------
